
[31m⎯⎯⎯⎯⎯⎯⎯⎯⎯⎯⎯⎯⎯⎯⎯⎯⎯⎯⎯⎯⎯⎯⎯⎯⎯⎯⎯⎯⎯⎯⎯⎯⎯⎯⎯⎯⎯⎯⎯⎯⎯⎯⎯⎯⎯⎯⎯⎯⎯[39m[1m[41m Failed Tests 15 [49m[22m[31m⎯⎯⎯⎯⎯⎯⎯⎯⎯⎯⎯⎯⎯⎯⎯⎯⎯⎯⎯⎯⎯⎯⎯⎯⎯⎯⎯⎯⎯⎯⎯⎯⎯⎯⎯⎯⎯⎯⎯⎯⎯⎯⎯⎯⎯⎯⎯⎯⎯⎯[39m

[41m[1m FAIL [22m[49m src/services/calculationService.test.ts[2m > [22mcomputeMinCosts[2m > [22mpins the cost of every shard — default
[31m[1mError[22m: Snapshot `computeMinCosts > pins the cost of every shard — default 1` mismatched[39m

[32m- Expected[39m
[31m+ Received[39m

[33m@@ -1,169 +1,169 @@[39m
[32m- "C1 0.01[7m39550[27m <- C[7m4[27m+U20 x2[39m
[31m+ "C1 0.01[7m10615[27m <- C[7m61[27m+U20 x2[39m
[2m  C10 0.00595238 <- direct[22m
[2m  C11 0.000909091 <- direct[22m
[2m  C12 0.00143678 <- direct[22m
[32m- C13 0.0[7m343074 <- C10+C11 x1[27m[39m
[31m+ C13 0.0[7m205761 <- direct[27m[39m
[2m  C14 0.00909091 <- C11+C11 x1[22m
[2m  C15 0.00151515 <- direct[22m
[2m  C16 0.0171537 <- C10+C11 x2[22m
[2m  C17 0.00370370 <- direct[22m
[2m  C18 0.0121212 <- C11+C15 x1[22m
[32m- C19 0.[7m1[27m66667 <- direct[39m
[31m+ C19 0.[7m0[27m6666[7m6[27m7 <- direct[39m
[2m  C2 0.00465368 <- C11+U20 x2[22m
[2m  C20 0.00877193 <- direct[22m
[2m  C21 0.00151515 <- direct[22m
[2m  C22 0.908477 <- C21+L4 x1 reptile[22m
[32m- C23 0.00[7m617284[27m <- direct[39m
[31m+ C23 0.00[7m833333[27m <- direct[39m
[32m- C24 0.0[7m363240[27m <- direct[39m
[31m+ C24 0.0[7m260417[27m <- direct[39m
[2m  C25 0.0500000 <- direct[22m
[2m  C26 0.00100000 <- direct[22m
[2m  C27 0.00185185 <- direct[22m
[32m- C28 0.[7m254545 <- C11+C25 x1[27m[39m
[31m+ C28 0.[7m0205761 <- direct[27m[39m
[2m  C29 0.00185185 <- direct[22m
[32m- C3 0.005[7m49041[27m <- C[7m9[27m+U20 x2[39m
[31m+ C3 0.005[7m32213[27m <- C[7m6[27m+U20 x2[39m
[2m  C30 0.00133333 <- direct[22m
[32m- C31 0.[7m9[27m07[7m568[27m <- C[7m30+L4 x1 reptile[27m[39m
[32m- C32 0.0138047 <- C11+C29 x1[39m
[31m+ C31 0.[7m1[27m07[7m426[27m <- C[7m11+C28 x1[27m[39m
[31m+ C32 0.00341006 <- direct[39m
[2m  C33 0.00333333 <- direct[22m
[32m- C34 0.0[7m930828[27m <- C11+[7mC24[27m x2[39m
[31m+ C34 0.0[7m272727[27m <- C11+[7mU46[27m x2[39m
[32m- C35 0.01[7m77048[27m <- C11+C23 x2[39m
[31m+ C35 0.01[7m06061[27m <- C11+C23 x2[39m
[2m  C36 0.00130208 <- direct[22m
[32m- C37 0.[7m469959 <- C11+C34 x1[27m[39m
[32m- C38 0.0399551 <- C11+C35 x1 reptile[39m
[31m+ C37 0.[7m00641026 <- direct[27m[39m
[31m+ C38 0.00454545 <- direct[39m
[2m  C39 0.0110559 <- C11+C36 x1[22m
[2m  C4 0.00462963 <- direct[22m
[32m- C40 0.[7m956180 <- C39+L4 x1 reptile[27m[39m
[32m- C41 0.204321 <- C11+C38 x1[39m
[32m- C42 0.0598248 <- C11+C39 x1[39m
[32m- C43 1.20002 <- C42+L4 x1 reptile[39m
[31m+ C40 0.[7m0212630 <- direct[27m[39m
[31m+ C41 0.00714286 <- direct[39m
[31m+ C42 0.0102564 <- direct[39m
[31m+ C43 0.00595238 <- direct[39m
[32m- C44 [7m1[27m.0[7m2615 <- C11+C41 x1[27m[39m
[32m- C45 0.303670 <- C11+C42 x1[39m
[32m- C46 2.41925 <- C45+L4 x1 reptile[39m
[32m- C47 2.41925 <- C45+L4 x1 reptile[39m
[32m- C49 12.1008 <- C11+C46 x1[39m
[31m+ C44 [7m0[27m.0[7m0166667 <- direct[27m[39m
[31m+ C45 0.0558275 <- C11+C42 x1[39m
[31m+ C46 0.0125000 <- direct[39m
[31m+ C47 0.00289855 <- direct[39m
[31m+ C49 0.0104167 <- direct[39m
[2m  C5 0.000952381 <- direct[22m
[32m- C52 [7m6[27m0.[7m5085 <- C11+C49 x1[27m[39m
[32m- C55 302.547 <- C11+C52 x1[39m
[32m- [7mC56 12.1[27m00[7m8[27m <- [7mC11+C47 x1[27m[39m
[32m- C58 61.4048 <- C56+L4 x1 reptile[39m
[32m- C6 0.0276936 <- C4+C11 x1[39m
[32m- C61 307.029 <- C11+C58 x1[39m
[32m- [7mC64 1535.15[27m <- C11+C61 x1[39m
[31m+ C52 0.[7m00833333 <- direct[27m[39m
[31m+ C55 0.00833333 <- direct[39m
[31m+ [7mC56 0.001250[27m00 <- [7mdirect[27m[39m
[31m+ C58 0.0384615 <- direct[39m
[31m+ C6 0.00117647 <- direct[39m
[31m+ C61 0.00347222 <- direct[39m
[31m+ [7mC64 0.0219066[27m <- C11+C61 x1[39m
[32m- C67 [7m7675.75[27m <- C11+C64 x1[39m
[31m+ C67 [7m0.114078[27m <- C11+C64 x1[39m
[2m  C7 0.00925926 <- direct[22m
[32m- C8 0.00[7m674764 <- direct[27m[39m
[31m+ C8 0.00[7m930736 <- C11+C5 x1[27m[39m
[2m  C9 0.00124378 <- direct[22m
[2m  E1 0.0163690 <- E34+L27 x2[22m
[32m- E10 0.93[7m9790[27m <- E7+L4 x1 reptile[39m
[31m+ E10 0.93[7m4234[27m <- E7+L4 x1 reptile[39m
[2m  E11 0.0389205 <- R53+E26 x2 reptile[22m
[2m  E12 0.0223326 <- C11+E3 x1[22m
[32m- E13 0.[7m978742 <- E11+L4 x1 reptile[27m[39m
[31m+ E13 0.[7m0205761 <- direct[27m[39m
[2m  E14 0.0196078 <- direct[22m
[2m  E15 0.116208 <- C11+E12 x1[22m
[32m- E16 0.[7m0550245 <- R22+E33[27m x2[39m
[31m+ E16 0.[7m130981 <- R34+E18[27m x2[39m
[2m  E17 0.0437611 <- C11+E14 x1[22m
[2m  E18 0.00222222 <- direct[22m
[2m  E19 0.0145153 <- C4+E33 x2[22m
[2m  E2 0.0142857 <- E26+L27 x2 reptile[22m
[2m  E20 0.121655 <- direct[22m
[2m  E21 0.0156566 <- C11+E18 x1[22m
[32m- E22 0.9[7m44419[27m <- R10+E10 x2 reptile[39m
[31m+ E22 0.9[7m39790[27m <- R10+E10 x2 reptile[39m
[32m- E23 0.[7m311237 <- R23+E47[27m x2[39m
[31m+ E23 0.[7m0510417 <- R74+R83[27m x2[39m
[2m  E24 0.0828283 <- C11+E21 x1[22m
[32m- E25 1.[7m3[27m15[7m04[27m <- E2[7m4[27m+L4 x1 reptile[39m
[31m+ E25 1.15[7m611[27m <- E2[7m3[27m+L4 x1 reptile[39m
[2m  E26 0.00833333 <- direct[22m
[2m  E27 0.0117647 <- direct[22m
[32m- E28 0.[7m0937512 <- C24+E33 x2[27m[39m
[32m- E29 0.0104167 <- direct[39m
[31m+ E28 0.[7m917568 <- E26+L4 x1 reptile[27m[39m
[2m  E3 0.00889356 <- E33+L27 x2[22m
[2m  E30 0.0689245 <- R6+E6 x2 reptile[22m
[32m- E31 0.[7m843120 <- C30+U22 x2[27m[39m
[31m+ E31 0.[7m0205761 <- direct[27m[39m
[2m  E32 0.0472538 <- E11+E26 x2 reptile[22m
[2m  E33 0.00117647 <- direct[22m
[2m  E34 0.00416667 <- direct[22m
[2m  E35 0.0166667 <- E26+E26 x2 reptile[22m
[2m  E36 0.00588235 <- E33+E33 x2[22m
[32m- E37 0.[7m921734 <- E34+L4 x1 reptile[27m[39m
[31m+ E37 0.[7m0205761 <- direct[27m[39m
[2m  E39 0.0104278 <- C11+E33 x1[22m
[2m  E4 0.0214904 <- U25+R6 x2[22m
[32m- E40 0.0253788 <- C11+E34 x1[39m
[2m  E42 0.0566845 <- C11+E39 x1[22m
[32m- E43 0.[7m131439 <- C11+E40 x1[27m[39m
[31m+ E43 0.[7m0125000 <- direct[27m[39m
[2m  E44 0.0212121 <- C11+E26 x1 reptile[22m
[32m- E45 0.[7m287968 <- C11+E42 x1[27m[39m
[32m- [7mE45-1 Infinity[27m <- direct[39m
[31m+ E45 0.[7m0277778[27m <- direct[39m
[32m- E46 [7m1.00696[27m <- E4[7m4[27m+L4 x1 reptile[39m
[31m+ E46 [7m0.963401[27m <- E4[7m3[27m+L4 x1 reptile[39m
[2m  E47 0.110606 <- C11+E44 x1[22m
[32m- E4[7m9 1.45393[27m <- E4[7m7[27m+L4 x1 reptile[39m
[31m+ E4[7m8 0.0104167 <- direct[27m[39m
[31m+ [7mE49 0.952984[27m <- E4[7m8[27m+L4 x1 reptile[39m
[32m- E5 0.02[7m60382[27m <- [7mC35[27m+E26 x2 reptile[39m
[31m+ E5 0.02[7m12121[27m <- [7mU8[27m+E26 x2 reptile[39m
[32m- E51 [7m8.17056 <- E49+L4 x1 reptile[27m[39m
[32m- E52 6.08168 <- E13+E49 x2[39m
[32m- E54 1.44439 <- C11+E45 x1[39m
[32m- E58 0.661742 <- C11+E43 x1[39m
[32m- E6 0.0663735 <- R6+R45 x2 reptile[39m
[32m- E60 4.20961 <- E58+L4 x1 reptile[39m
[32m- E63 4.69850 <- R77+L27 x2[39m
[31m+ E51 [7m0.0416667 <- direct[27m[39m
[31m+ E52 0.166667 <- direct[39m
[31m+ E54 0.0416667 <- direct[39m
[31m+ E57 0.0583431 <- direct[39m
[31m+ E58 0.00694444 <- direct[39m
[31m+ E6 0.0663735 <- R6+R45 x2 reptile[39m
[31m+ E60 0.0290360 <- direct[39m
[31m+ E63 0.0535714 <- R77+L27 x2[39m
[31m+ E66 0.125000 <- direct[39m
[32m- E7 0.01[7m94444[27m <- R10+R4[7m6[27m x2[39m
[31m+ E7 0.01[7m66667[27m <- R10+R4[7m7[27m x2[39m
[2m  E8 0.0331169 <- C11+E2 x1[22m
[32m- E9 0.0[7m334184[27m <- R6+R54 x2 reptile[39m
[31m+ E9 0.0[7m287669[27m <- R6+R54 x2 reptile[39m
[2m  L1 0.0609769 <- E3+L28 x2[22m
[2m  L10 0.950901 <- L4+L8 x1 reptile[22m
[2m  L11 0.0555871 <- E26+E32 x2 reptile[22m
[32m- L12 0.0[7m170924[27m <- R15+[7mE33[27m x2[39m
[31m+ L12 0.0[7m201036[27m <- R15+[7mL27[27m x2[39m
[32m- L13 0.[7m986363 <- L4+L12 x1 reptile[27m[39m
[31m+ L13 0.[7m102881 <- E13+E37 x2[27m[39m
[2m  L14 0.00490196 <- direct[22m
[32m- L15 0.[7m090007[27m3 <- C11+L12 x1[39m
[31m+ L15 0.[7m10506[27m3 <- C11+L12 x1[39m
[2m  L17 0.0290553 <- C11+L14 x1[22m
[32m- L18 0.[7m45003[27m6 <- L15+L15 x2[39m
[31m+ L18 0.[7m52531[27m6 <- L15+L15 x2[39m
[2m  L2 0.0211485 <- E3+L14 x2[22m
[32m- L20 0.2[7m2729[27m1 <- C11+L15 x2[39m
[31m+ L20 0.2[7m6493[27m1 <- C11+L15 x2[39m
[32m- L21 0.[7m454582 <- C11+L15 x1[27m[39m
[32m- L22 0.126499 <- C11+L1 x1[39m
[31m+ L21 0.[7m0666667 <- direct[27m[39m
[31m+ L22 0.400000 <- direct[39m
[2m  L23 0.00892857 <- direct[22m
[32m- L24 0.[7m315828[27m <- [7mC2[27m4+L[7m15 x2[27m[39m
[31m+ L24 0.[7m945544[27m <- [7mL[27m4+L[7m23 x1 reptile[27m[39m
[32m- L25 0.[7m14351[27m4 <- [7mE16[27m+L2[7m7[27m x[7m2[27m[39m
[31m+ L25 0.[7m94554[27m4 <- [7mL4[27m+L2[7m3[27m x[7m1 reptile[27m[39m
[2m  L26 0.0491883 <- C11+L23 x1[22m
[2m  L27 0.00238095 <- direct[22m
[2m  L28 0.0208333 <- direct[22m
[2m  L29 0.0333333 <- E26+L8 x2 reptile[22m
[2m  L3 0.0148459 <- E3+L27 x2[22m
[2m  L30 0.0164502 <- C11+L27 x1[22m
[32m- L31 0.[7m0[27m967[7m624[27m <- [7mC2[27m4+L2[7m7[27m x[7m2[27m[39m
[31m+ L31 0.967[7m568[27m <- [7mL[27m4+L2[7m9[27m x[7m1 reptile[27m[39m
[2m  L32 0.0256548 <- C30+L23 x2[22m
[2m  L33 0.0433983 <- C11+L30 x2[22m
[32m- L34 [7m0.247858[27m <- L[7m27[27m+L3[7m1[27m x[7m2[27m[39m
[31m+ L34 [7m1.02917[27m <- L[7m4[27m+L3[7m2[27m x[7m1 reptile[27m[39m
[2m  L35 1.02917 <- L4+L32 x1 reptile[22m
[32m- L36 0.[7m26614[27m4 <- L15+L30 x2[39m
[31m+ L36 0.[7m30378[27m4 <- L15+L30 x2[39m
[32m- L38 0.[7m98516[27m4 <- [7mE23[27m+E2[7m4[27m x2[39m
[31m+ L38 0.[7m15260[27m4 <- [7mR85[27m+E2[7m3[27m x2[39m
[32m- L39 0.3[7m3351[27m4 <- L15+L33 x2[39m
[31m+ L39 0.3[7m7115[27m4 <- L15+L33 x2[39m
[2m  L4 0.900901 <- direct[22m
[32m- L40 0.[7m108712 <- C11+L28 x1[27m[39m
[31m+ L40 0.[7m0490196 <- direct[27m[39m
[2m  L41 0.128274 <- L32+L32 x2[22m
[32m- L42 1.[7m44446 <- L4+L40 x1 reptile[27m[39m
[31m+ L42 1.[7m68734 <- L36+L39 x2[27m[39m
[32m- L44 0.3[7m41833[27m <- L[7m2[27m+L41 x2[39m
[31m+ L44 0.3[7m35530[27m <- L[7m3[27m+L41 x2[39m
[32m- L45 1.[7m58457 <- L4+L44 x1 reptile[27m[39m
[32m- L46 1.58457 <- L4+L44 x1 reptile[39m
[31m+ L45 1.[7m17936 <- direct[27m[39m
[31m+ L46 0.0666667 <- direct[39m
[2m  L47 0.0712121 <- C11+L29 x1 reptile[22m
[32m- L49 0.[7m548106 <- C11+L40 x1[27m[39m
[31m+ L49 0.[7m100000 <- direct[27m[39m
[2m  L5 0.0468424 <- C11+L2 x1[22m
[32m- L54 [7m0.0867965 <- C11+L30 x1[27m[39m
[32m- L57 0.438528 <- C11+L54 x1[39m
[31m+ L54 [7m1.11111 <- direct[27m[39m
[31m+ L57 5.68751 <- direct[39m
[2m  L6 0.0718657 <- E30+E33 x2 reptile[22m
[32m- L60 [7m2[27m.1[7m9719 <- C11+L57 x1[27m[39m
[31m+ L60 [7m0[27m.1[7m16667 <- direct[27m[39m
[32m- L7 0.95[7m483[27m6 <- E22+E34 x2 reptile[39m
[31m+ L7 0.95[7m020[27m6 <- E22+E34 x2 reptile[39m
[2m  L8 0.0250000 <- E26+E35 x2 reptile[22m
[2m  L9 0.0342373 <- C11+L3 x1[22m
[32m- R1 0.00[7m757081[27m <- R10+E33 x2[39m
[31m+ R1 0.00[7m849673[27m <- R10+E33 x2[39m
[32m- R10 0.00[7m185185[27m <- direct[39m
[31m+ R10 0.00[7m222222[27m <- direct[39m
[32m- R11 0.0[7m249158 <- C11+R5 x1[27m[39m
[31m+ R11 0.0[7m125000 <- direct[27m[39m
[32m- R13 0.[7m8547[27m46 <- C10+R60 x2[39m
[31m+ R13 0.[7m738[27m46[7m0[27m <- C10+R60 x2[39m
[2m  R15 0.00566047 <- C9+R6 x2[22m
[32m- R16 0.01[7m38047[27m <- C11+R10 x1[39m
[31m+ R16 0.01[7m56566[27m <- C11+R10 x1[39m
[2m  R18 0.00208333 <- direct[22m
[32m- R19 0.[7m9113[27m18 <- [7mR18+L4 x1 reptile[27m[39m
[31m+ R19 0.[7m185[27m18[7m5[27m <- [7mdirect[27m[39m
[32m- R2 0.01[7m31264[27m <- R5+E33 x2[39m
[31m+ R2 0.01[7m40523[27m <- R5+E33 x2[39m
[2m  R21 0.00222222 <- direct[22m
[2m  R22 0.0208333 <- C10+L27 x2[22m
[2m  R23 0.0138889 <- direct[22m
[2m  R24 0.0156566 <- C11+R21 x1[22m
[2m  R25 0.166667 <- direct[22m
[33m@@ -172,91 +172,92 @@[39m
[2m  R29 0.0138889 <- direct[22m
[2m  R3 0.00549220 <- R6+E33 x2[22m
[2m  R30 0.0167022 <- R6+R15 x2[22m
[2m  R31 0.00416667 <- direct[22m
[2m  R32 0.0500000 <- direct[22m
[32m- R33 0.0166717 <- [7mU[27m6+[7mE33[27m x2[39m
[31m+ R33 0.0166717 <- [7mC[27m6+[7mU6[27m x2[39m
[32m- R34 0.05[7m46344[27m <- R6+R[7m22[27m x2[39m
[31m+ R34 0.05[7m01701[27m <- R6+R[7m79[27m x2[39m
[2m  R35 0.254545 <- C11+R32 x1[22m
[2m  R36 0.00189394 <- direct[22m
[32m- R37 0.[7m910371 <- R36+L4 x1 reptile[27m[39m
[31m+ R37 0.[7m333333 <- direct[27m[39m
[2m  R38 0.0214500 <- direct[22m
[2m  R39 0.00146199 <- direct[22m
[2m  R4 0.0213203 <- U20+U25 x2[22m
[2m  R40 0.908211 <- R39+L4 x1 reptile[22m
[2m  R42 0.0118554 <- C11+R39 x1[22m
[32m- R43 0.[7m960178 <- R42+L4 x1 reptile[27m[39m
[31m+ R43 0.[7m0275825 <- U40+R10 x2[27m[39m
[2m  R44 0.00476190 <- direct[22m
[2m  R45 0.0638224 <- C11+R42 x1[22m
[32m- R46 0.[7m0148148 <- R5+R10[27m x2[39m
[31m+ R46 0.[7m160402 <- C45+C55[27m x2[39m
[32m- R4[7m8[27m 0.[7m930531 <- R46+L4 x1 reptile[27m[39m
[31m+ R4[7m7[27m 0.[7m0111111 <- U11+R10 x2[27m[39m
[2m  R49 0.0141251 <- C4+R6 x2[22m
[32m- R5 0.01[7m01852[27m <- U11+R10 x2[39m
[31m+ R5 0.01[7m11111[27m <- U11+R10 x2[39m
[2m  R50 0.00520833 <- direct[22m
[32m- R51 0.044[7m9344[27m <- C[7m3[27m6+R33 x2[39m
[31m+ R51 0.044[7m6203[27m <- C6+R33 x2[39m
[32m- R52 0.0133578 <- [7mE33[27m+E34 x2[39m
[31m+ R52 0.0133578 <- [7mC6[27m+E34 x2[39m
[2m  R53 0.0305871 <- C11+R50 x1[22m
[32m- R54 0.0[7m308673[27m <- R6+R9 x2 reptile[39m
[31m+ R54 0.0[7m262159[27m <- R6+R9 x2 reptile[39m
[2m  R55 0.0713347 <- C11+R52 x1[22m
[2m  R56 0.0151515 <- direct[22m
[32m- R57 0.0[7m662801[27m <- C11+R54 x1 reptile[39m
[31m+ R57 0.0[7m569773[27m <- C11+R54 x1 reptile[39m
[32m- R58 0.0[7m933610[27m <- [7mC24[27m+R6 x2[39m
[31m+ R58 0.0[7m472222[27m <- [7mR10[27m+R6[7m7[27m x2[39m
[2m  R59 0.0138889 <- direct[22m
[2m  R6 0.00102041 <- direct[22m
[32m- R60 0.[7m335946[27m <- C11+R57 x1[39m
[31m+ R60 0.[7m289432[27m <- C11+R57 x1[39m
[2m  R61 0.970345 <- R59+L4 x1 reptile[22m
[32m- R62 0.[7m970345 <- R59+L4 x1 reptile[27m[39m
[31m+ R62 0.[7m0416667 <- direct[27m[39m
[2m  R63 0.0544840 <- direct[22m
[32m- R64 0.[7m333333 <- direct[27m[39m
[31m+ R64 0.[7m240657 <- C11+R58 x1[27m[39m
[32m- R65 0.02[7m14987[27m <- [7mC8[27m+R10 x2[39m
[31m+ R65 0.02[7m75825[27m <- [7mU40[27m+R10 x2[39m
[32m- R66 0.[7m276966 <- C11+R63 x1[27m[39m
[32m- R67 1.00839 <- R65+L4 x1 reptile[39m
[31m+ R66 0.[7m0833333 <- direct[27m[39m
[31m+ R67 0.0166667 <- direct[39m
[2m  R68 0.0739899 <- C11+R59 x1[22m
[32m- R69 [7m1.27085 <- R68+L4 x1 reptile[27m[39m
[31m+ R69 [7m0.0555556 <- direct[27m[39m
[32m- R7 0.0[7m196871[27m <- C11+R1 x1[39m
[31m+ R7 0.0[7m215389[27m <- C11+R1 x1[39m
[32m- R70 [7m1.27085 <- R68+L[27m4 x[7m1[27m reptile[39m
[31m+ R70 [7m0.130383 <- U79+R5[27m4 x[7m2[27m reptile[39m
[32m- R7[7m1 1.27085 <- R68+L4 x1 reptile[27m[39m
[32m- R72 6.35880 <- C11+R71 x1[39m
[32m- R73 6.35880 <- C11+R70 x1[39m
[32m- R74 0.374495 <- C11+R68 x1[39m
[32m- R75 2.77338 <- R74+L4 x1 reptile[39m
[32m- R76 2.77338 <- R74+L4 x1 reptile[39m
[32m- R77 1.87702 <- C11+R74 x1[39m
[32m- R78 6.44765 <- R75+L4 x1 reptile[39m
[32m- R79 10.2860 <- R77+L4 x1 reptile[39m
[31m+ R7[7m2 0.0277778 <- direct[27m[39m
[31m+ R73 0.0833333 <- direct[39m
[31m+ R74 0.0104167 <- direct[39m
[31m+ R75 0.0222222 <- direct[39m
[31m+ R76 0.0416667 <- direct[39m
[31m+ R77 0.0190476 <- direct[39m
[31m+ R78 0.0666667 <- direct[39m
[31m+ R79 0.0190476 <- direct[39m
[32m- R8 0.0[7m200858[27m <- C35+U20 x2 reptile[39m
[31m+ R8 0.0[7m129870[27m <- C35+U20 x2 reptile[39m
[32m- R80 [7m9.38965 <- C11+R77 x1[27m[39m
[32m- R81 5.55130 <- C11+R75 x1 reptile[39m
[32m- R82 28.6574 <- R81+L4 x1 reptile[39m
[32m- R83 28.6574 <- R81+L4 x1 reptile[39m
[32m- R84 27.7610 <- C11+R81 x1[39m
[32m- R85 139.706 <- R84+L4 x1 reptile[39m
[32m- [7mR86 139.706[27m <- R8[7m4[27m+L4 x1 reptile[39m
[31m+ R80 [7m0.0138889 <- direct[27m[39m
[31m+ R81 0.0489899 <- C11+R75 x1 reptile[39m
[31m+ R82 0.0166667 <- direct[39m
[31m+ R83 0.0100000 <- direct[39m
[31m+ R84 0.249495 <- C11+R81 x1[39m
[31m+ R85 0.0100000 <- direct[39m
[31m+ R86 0.0333333 <- direct[39m
[31m+ [7mR87 0.950901[27m <- R8[7m5[27m+L4 x1 reptile[39m
[32m- R8[7m6-1 Infinity[27m <- direct[39m
[31m+ R8[7m8 0.0100000[27m <- direct[39m
[32m- R8[7m8 698.535 <- C11+R85 x1[27m[39m
[32m- R89 698.535 <- C11+R86 x1[39m
[31m+ R8[7m9 0.0100000 <- direct[27m[39m
[32m- R9 0.02[7m83163[27m <- U21+R6 x2 reptile[39m
[31m+ R9 0.02[7m36649[27m <- U21+R6 x2 reptile[39m
[32m- R91 [7m3492.68[27m <- C11+R8[7m8[27m x1[39m
[31m+ R91 [7m0.0545455 <- C11+R88 x1[27m[39m
[31m+ [7mR92 0.0545455[27m <- C11+R8[7m9[27m x1[39m
[32m- R94 1[7m7464.[27m3 <- R91+L4 x1 reptile[39m
[31m+ R94 1[7m.1736[27m3 <- R91+L4 x1 reptile[39m
[32m- R95 [7m3492.68 <- C11+R89 x1[27m[39m
[32m- [7mR97 17463.4 <- C11+R91[27m x[7m1[27m[39m
[31m+ R95 [7m0.0166667 <- direct[27m[39m
[31m+ R97 0.0100000 <- direct[39m
[31m+ [7mU1 0.0173658 <- U43+R6[27m x[7m2[27m[39m
[32m- U1 0.0[7m222631 <- U40+R6[27m x[7m2[27m[39m
[31m+ U1[7m0[27m 0.0[7m392771 <- C11+U1[27m x[7m1[27m[39m
[32m- U10 0.0[7m123457[27m <- direct[39m
[31m+ U10[7m0[27m 0.0[7m205761[27m <- direct[39m
[32m- U10[7m0 618.263 <- C11+U97 x1[27m[39m
[32m- U103 3091.32 <- C11+U100 x1[39m
[31m+ U10[7m3 0.0205761 <- direct[27m[39m
[31m+ U106 1.00378 <- U103+L4 x1 reptile[39m
[2m  U11 0.00555556 <- direct[22m
[2m  U12 0.00148810 <- direct[22m
[31m+ U14 0.00289855 <- direct[39m
[2m  U15 0.00146199 <- direct[22m
[32m- U16 0.[7m1[27m66667 <- direct[39m
[31m+ U16 0.[7m06[27m66667 <- direct[39m
[32m- U17 0.01[7m56566[27m <- C11+U1[7m1[27m x1[39m
[31m+ U17 0.01[7m90382[27m <- C11+U1[7m4[27m x1[39m
[32m- U17-1 Infinity <- direct[39m
[2m  U18 0.00136612 <- direct[22m
[32m- U19 0.0[7m662738 <- C11+U10 x1[27m[39m
[31m+ U19 0.0[7m205761 <- direct[27m[39m
[2m  U2 0.00493197 <- U20+R6 x2[22m
[2m  U20 0.000952381 <- direct[22m
[32m- U21 0.02[7m57653[27m <- U9+R6 x2 reptile[39m
[31m+ U21 0.02[7m11139[27m <- U9+R6 x2 reptile[39m
[32m- U22 0.[7m335915 <- C11+U19 x1[27m[39m
[31m+ U22 0.[7m0205761 <- direct[27m[39m
[2m  U23 0.00555556 <- direct[22m
[2m  U24 0.0113761 <- C11+U18 x1[22m
[2m  U25 0.00757576 <- direct[22m
[2m  U26 0.0156566 <- C11+U23 x1[22m
[2m  U27 0.00537634 <- direct[22m
[33m@@ -265,57 +266,56 @@[39m
[2m  U3 0.00596632 <- U18+R6 x2[22m
[2m  U30 0.00208333 <- direct[22m
[2m  U31 0.00757576 <- direct[22m
[2m  U32 0.00347222 <- direct[22m
[2m  U33 0.00175439 <- direct[22m
[32m- U34 0.0[7m9319[27m10 <- [7mC24+U20[27m x2[39m
[31m+ U34 0.0[7m2738[27m10 <- [7mU20+U46[27m x2[39m
[2m  U36 0.00177305 <- direct[22m
[2m  U38 0.00166667 <- direct[22m
[32m- U39 0.008[7m66501 <- C9+U11[27m x2[39m
[31m+ U39 0.008[7m10658 <- U11+R6[27m x2[39m
[2m  U4 0.333333 <- direct[22m
[32m- U40 0.00[7m788484[27m <- C36+R10 x2[39m
[31m+ U40 0.00[7m881076[27m <- C36+R10 x2[39m
[32m- U41 0.0[7m128788 <- C11+U38 x1[27m[39m
[32m- U42 0.0134107 <- C11+U36 x1[39m
[32m- U43 0.0424242 <- C11+U31 x1[39m
[31m+ U41 0.0[7m0100101 <- direct[27m[39m
[31m+ U42 0.0138889 <- direct[39m
[31m+ U43 0.0148148 <- direct[39m
[32m- U44 0.0[7m689394[27m <- C11+U41 x1[39m
[31m+ U44 0.0[7m0955051[27m <- C11+U41 x1[39m
[32m- U45 0.0[7m715990 <- C11+U42 x1[27m[39m
[32m- U46 0.0893939 <- C11+U43 x1[39m
[32m- U47 1.24560 <- U44+L4 x1 reptile[39m
[32m- U48 0.362540 <- C11+U45 x1[39m
[32m- U49 0.451515 <- C11+U46 x1[39m
[31m+ U45 0.0[7m125000 <- direct[27m[39m
[31m+ U46 0.0100000 <- direct[39m
[31m+ U47 0.948653 <- U44+L4 x1 reptile[39m
[31m+ U48 0.0266667 <- direct[39m
[31m+ U49 0.00888889 <- direct[39m
[2m  U5 0.00690236 <- C11+C27 x2[22m
[32m- U50 0.[7m349242[27m <- C11+U44 x1[39m
[31m+ U50 0.[7m0522980[27m <- C11+U44 x1[39m
[32m- U51 [7m1.59939 <- U50+L4 x1 reptile[27m[39m
[32m- U52 1.59939 <- U50+L4 x1 reptile[39m
[32m- U53 0.703030 <- C11+U50 x1 reptile[39m
[32m- U54 3.51970 <- C11+U53 x1[39m
[32m- U55 4.41605 <- U53+L4 x1 reptile[39m
[32m- U56 4.41605 <- U53+L4 x1 reptile[39m
[32m- U57 18.4994 <- U54+L4 x1 reptile[39m
[32m- U58 2.41986 <- C40+E27 x2[39m
[32m- U58-1 22.0848 <- C11+U55 x1[39m
[32m- U59 13.0002 <- U58+L4 x1 reptile[39m
[31m+ U51 [7m0.0250000 <- direct[27m[39m
[31m+ U52 0.0238095 <- direct[39m
[31m+ U53 0.0104167 <- direct[39m
[31m+ U55 0.0100000 <- direct[39m
[31m+ U56 0.00833333 <- direct[39m
[31m+ U57 0.333333 <- direct[39m
[31m+ U58 0.0142857 <- direct[39m
[31m+ U59 0.00368189 <- direct[39m
[32m- U6 0.00549220 <- [7mR[27m6+[7mE33[27m x2[39m
[31m+ U6 0.00549220 <- [7mC[27m6+[7mR6[27m x2[39m
[32m- U60 [7m8.0014[27m7 <- C11+U[7m51[27m x1[39m
[31m+ U60 [7m0.013410[27m7 <- C11+U[7m36[27m x1[39m
[32m- U61 [7m12.1039 <- C11+U58 x1[27m[39m
[32m- [7mU61-1 Infinity[27m <- direct[39m
[31m+ U61 [7m0.0166667[27m <- direct[39m
[32m- U62 [7m26[27m.00[7m50 <- C11+U59 x1 reptile[27m[39m
[31m+ U62 [7m0[27m.00[7m125000 <- direct[27m[39m
[32m- U63 [7m4[27m0.0[7m119[27m <- C11+U60 x1[39m
[31m+ U63 0.0[7m715990[27m <- C11+U60 x1[39m
[32m- U64 [7m61.4202 <- U61+L4 x1 reptile[27m[39m
[32m- U64-1 60.5238 <- C11+U61 x1[39m
[31m+ U64 [7m0.0333333 <- direct[27m[39m
[31m+ U65 0.00555556 <- direct[39m
[32m- U6[7m5[27m 0.0[7m174369 <- C20+U39[27m x[7m2[27m[39m
[31m+ U6[7m7[27m 0.0[7m341751 <- C11+U43[27m x[7m1[27m[39m
[32m- U6[7m6[27m 0.[7m988086 <- U65+L4 x1 reptile[27m[39m
[31m+ U6[7m8[27m 0.[7m00125000 <- direct[27m[39m
[32m- U6[7m7[27m 0.[7m988086 <- U65+L4 x1 reptile[27m[39m
[32m- [7mU68[27m 0.0[7m9[27m17[7m30[27m1 <- C[7m11+U65[27m x[7m1[27m[39m
[31m+ U6[7m9[27m 0.[7m0416667 <- direct[27m[39m
[31m+ [7mU7[27m 0.017[7m822[27m1 <- C[7m6+C10[27m x[7m2[27m[39m
[32m- U[7m69 1.35955[27m <- U68+L4 x1 reptile[39m
[31m+ U[7m70 0.907151[27m <- U68+L4 x1 reptile[39m
[32m- U7 0.0[7m178221 <- C10+E33 x2[27m[39m
[32m- [7mU70 1.359[27m55 <- [7mU68+L4 x1 reptile[27m[39m
[32m- U72 6.80230 <- C11+U69 x1[39m
[32m- U75 34.0161 <- C11+U72 x1[39m
[32m- U76 170.981 <- U75+L4 x1 reptile[39m
[32m- U78 170.085 <- C11+U75 x1[39m
[31m+ U7[7m1[27m 0.0[7m0555[27m55[7m6[27m <- [7mdirect[27m[39m
[31m+ U72 0.0416667 <- direct[39m
[31m+ U75 0.0416667 <- direct[39m
[31m+ U76 0.0666667 <- direct[39m
[31m+ U78 0.212879 <- C11+U75 x1[39m
[31m+ U79 0.0416667 <- direct[39m
[32m- U8 0.01[7m99776[27m <- C11+C35 x2 reptile[39m
[31m+ U8 0.01[7m28788[27m <- C11+C35 x2 reptile[39m
[32m- U8[7m5 Infinity[27m <- direct[39m
[31m+ U8[7m2 0.333333 <- direct[27m[39m
[31m+ U85 0.333333 <- direct[39m
[31m+ [7mU88 0.0500000[27m <- direct[39m
[32m- U9 0.0[7m232143[27m <- C10+[7mE26[27m x2 reptile[39m
[31m+ U9 0.0[7m185628[27m <- C10+[7mU59[27m x2 reptile[39m
[32m- U91 [7m4.94497 <- C11+U67 x1[27m[39m
[32m- U94 24.7294 <- C11+U91 x1[39m
[32m- [7mU97 123.652 <- C11+U94 x1[27m"[39m
[31m+ U91 [7m0.0205761 <- direct[27m[39m
[31m+ U94 0.0205761 <- direct[39m
[31m+ [7mU97 0.0205761 <- direct[27m"[39m

[36m [2m❯[22m src/services/calculationService.test.ts:[2m56:69[22m[39m
    [90m 54| [39m      [35mconst[39m { minCosts[33m,[39m choices } [33m=[39m svc[33m.[39m[34mcomputeMinCosts[39m(data[33m,[39m params)[33m;[39m
    [90m 55| [39m
    [90m 56| [39m      [34mexpect[39m([34msummarizeMinCosts[39m(data[33m,[39m minCosts[33m,[39m choices)[33m.[39m[34mjoin[39m([32m"\n"[39m))[33m.[39m[34mtoMatchSnapshot[39m()[33m;[39m
    [90m   | [39m                                                                    [31m^[39m
    [90m 57| [39m    })[33m;[39m
    [90m 58| [39m

[31m[2m⎯⎯⎯⎯⎯⎯⎯⎯⎯⎯⎯⎯⎯⎯⎯⎯⎯⎯⎯⎯⎯⎯⎯⎯⎯⎯⎯⎯⎯⎯⎯⎯⎯⎯⎯⎯⎯⎯⎯⎯⎯⎯⎯⎯⎯⎯⎯⎯⎯⎯⎯⎯⎯⎯⎯⎯⎯⎯⎯⎯⎯⎯⎯⎯⎯⎯⎯⎯⎯⎯⎯⎯⎯⎯⎯⎯⎯⎯⎯⎯⎯⎯⎯⎯⎯⎯⎯⎯⎯⎯⎯⎯⎯⎯⎯⎯⎯⎯⎯⎯⎯⎯⎯⎯⎯⎯⎯⎯⎯[1/15]⎯[22m[39m

[41m[1m FAIL [22m[49m src/services/calculationService.test.ts[2m > [22mcomputeMinCosts[2m > [22mpins the cost of every shard — maxed
[31m[1mError[22m: Snapshot `computeMinCosts > pins the cost of every shard — maxed 1` mismatched[39m

[32m- Expected[39m
[31m+ Received[39m

[32m- "C1 0.002[7m73030 <- C4+U18[27m x2[39m
[31m+ "C1 0.002[7m05179 <- C61+R6[27m x2[39m
[2m  C10 0.00128839 <- direct[22m
[2m  C11 0.000196773 <- direct[22m
[2m  C12 0.0000946908 <- direct[22m
[32m- C13 0.00[7m678773 <- C10+R6 x1[27m[39m
[31m+ C13 0.00[7m445371 <- direct[27m[39m
[2m  C14 0.00120025 <- direct[22m
[2m  C15 0.0000998558 <- direct[22m
[32m- C16 0.003[7m42591 <- C9+C10 x2[27m[39m
[31m+ C16 0.003[7m34828 <- C10+U59 x2 reptile[27m[39m
[2m  C17 0.000801667 <- direct[22m
[2m  C18 0.000909135 <- C9+C15 x1[22m
[32m- C19 0.[7m1[27m66667 <- direct[39m
[31m+ C19 0.[7m0[27m6666[7m6[27m7 <- direct[39m
[2m  C2 0.000664813 <- C11+R6 x2[22m
[2m  C20 0.000953885 <- direct[22m
[2m  C21 0.0000998558 <- direct[22m
[2m  C22 0.751167 <- C21+L4 x1 reptile[22m
[32m- C23 0.001[7m33611[27m <- direct[39m
[31m+ C23 0.001[7m80375[27m <- direct[39m
[32m- C24 0.00[7m786234 <- direct[27m[39m
[31m+ C24 0.00[7m558414 <- U46+R6 x2[27m[39m
[2m  C25 0.0108225 <- direct[22m
[2m  C26 0.000216450 <- direct[22m
[2m  C27 0.000201376 <- direct[22m
[32m- C28 0.0[7m481734 <- C25+E26 x1 reptile[27m[39m
[31m+ C28 0.0[7m0445371 <- direct[27m[39m
[2m  C29 0.000400834 <- direct[22m
[2m  C3 0.000377809 <- C9+R6 x2[22m
[2m  C30 0.0000878731 <- direct[22m
[32m- C31 0.[7m203802[27m <- C28+[7mE26[27m x1 reptile[39m
[31m+ C31 0.[7m0198854[27m <- C28+[7mU59[27m x1 reptile[39m
[32m- C32 0.00[7m234993 <- C29+R6 x1[27m[39m
[31m+ C32 0.00[7m0738108 <- direct[27m[39m
[2m  C33 0.000219683 <- direct[22m
[32m- C34 0.0[7m193923 <- C24+C35[27m x2 reptile[39m
[31m+ C34 0.0[7m0517350 <- U46+U59[27m x2 reptile[39m
[32m- C35 0.00[7m361488[27m <- C23+U38 x2[39m
[31m+ C35 0.00[7m207836[27m <- C23+U38 x2[39m
[2m  C36 0.0000858136 <- direct[22m
[32m- C37 0.0[7m838807 <- C34+E26 x1 reptile[27m[39m
[31m+ C37 0.0[7m0138750 <- direct[27m[39m
[32m- C38 0.00[7m631294 <- C35+R6 x1 reptile[27m[39m
[31m+ C38 0.00[7m0[27m[7m983865 <- direct[27m[39m
[2m  C39 0.000838924 <- C9+C36 x1[22m
[2m  C4 0.00100208 <- direct[22m
[32m- C40 0.[7m352583 <- C37+E26 x1 reptile[27m[39m
[32m- C41 0.0304448 <- C38+E9 x1 reptile[39m
[32m- C42 0.00460447 <- C9+C39 x1[39m
[32m- C43 0.769936 <- C42+L4 x1 reptile[39m
[32m- C44 0.130994 <- C41+E9 x1 reptile[39m
[32m- C45 0.0222649 <- C42+E26 x1 reptile[39m
[32m- C46 0.843521 <- C45+L4 x1 reptile[39m
[32m- C47 0.549951 <- C44+E9 x1 reptile[39m
[31m+ C40 0.[7m00460239 <- direct[27m[39m
[31m+ C41 0.00154607 <- direct[39m
[31m+ C42 0.00222000 <- direct[39m
[31m+ C43 0.00128839 <- direct[39m
[31m+ C44 0.000360750 <- direct[39m
[31m+ C45 0.00460447 <- C9+C39 x1[39m
[31m+ C46 0.00270563 <- direct[39m
[31m+ C47 0.000627392 <- direct[39m
[32m- C49 [7m3[27m.0[7m4[27m22[7m1 <- C47+L4 x1 reptile[27m[39m
[31m+ C49 [7m0[27m.0[7m0[27m22[7m5469 <- direct[27m[39m
[2m  C5 0.000206143 <- direct[22m
[32m- C52 [7m12.6790 <- C49+E26 x1 reptile[27m[39m
[32m- C55 52.8321 <- C52+E26 x1 reptile[39m
[32m- [7mC56 2.29[27m56[7m0[27m <- [7mC47+E9 x1 reptile[27m[39m
[31m+ C52 [7m0.00180375 <- direct[27m[39m
[31m+ C55 0.00180375 <- direct[39m
[31m+ [7mC56 0.000270[27m56[7m3[27m <- [7mdirect[27m[39m
[32m- C58 [7m1[27m0.[7m3158 <- C56+L4 x1 reptile[27m[39m
[31m+ C58 0.[7m00832501 <- direct[27m[39m
[32m- C6 0.00[7m535618 <- C4+R6 x1[27m[39m
[32m- C61 42.9854 <- C58+E26 x1 reptile[39m
[32m- [7mC64 179.109[27m <- C61+[7mE2[27m6 x1[7m reptile[27m[39m
[32m- [7mC67 746.291[27m <- C64+[7mE26[27m x1 reptile[39m
[31m+ C6 0.00[7m0[27m[7m254647 <- direct[27m[39m
[31m+ C61 0.000751563 <- direct[39m
[31m+ [7mC64 0.00410358[27m <- C61+[7mR[27m6 x1[39m
[31m+ [7mC67 0.0184265[27m <- C64+[7mU59[27m x1 reptile[39m
[2m  C7 0.00200417 <- direct[22m
[32m- C8 0.00[7m0[27m[7m733758 <- direct[27m[39m
[31m+ C8 0.00[7m137648 <- C5+R6 x1[27m[39m
[2m  C9 0.0000819712 <- direct[22m
[2m  E1 0.00299465 <- E34+L27 x2[22m
[32m- E10 0.63[7m7174[27m <- R1[7m0[27m+R61 x2 reptile[39m
[31m+ E10 0.63[7m6907[27m <- R[7m3[27m1+R61 x2 reptile[39m
[2m  E11 0.00663976 <- R53+E26 x2 reptile[22m
[2m  E12 0.00211434 <- R6+E3 x1[22m
[32m- E13 0.[7m759561 <- E12+L4 x1 reptile[27m[39m
[31m+ E13 0.[7m00456234 <- direct[27m[39m
[2m  E14 0.00219254 <- direct[22m
[32m- E15 0.010[7m9175[27m <- [7mR6[27m+E12 x1[39m
[32m- E16 0.00967719 <- R22+E26 x2 reptile[39m
[31m+ E15 0.010[7m1380[27m <- [7mU59[27m+E12 x1[7m reptile[27m[39m
[31m+ E16 0.0245695 <- R34+E18 x2[39m
[2m  E17 0.00473083 <- R6+E14 x1[22m
[2m  E18 0.000150598 <- direct[22m
[2m  E19 0.00270453 <- C4+E33 x2[22m
[2m  E2 0.00211060 <- E26+L27 x2 reptile[22m
[2m  E20 0.0136033 <- direct[22m
[2m  E21 0.00109875 <- R6+E18 x1[22m
[32m- E22 0.531[7m8[27m34 <- R1[7m0[27m+E10 x2 reptile[39m
[31m+ E22 0.5313[7m4[27m4 <- R[7m3[27m1+E10 x2 reptile[39m
[32m- E23 0.0[7m504782 <- R23+E47[27m x2[39m
[31m+ E23 0.0[7m113174 <- R74+R83[27m x2[39m
[2m  E24 0.00583953 <- R6+E21 x1[22m
[2m  E25 0.775082 <- E24+L4 x1 reptile[22m
[2m  E26 0.00184775 <- direct[22m
[2m  E27 0.00260858 <- direct[22m
[32m- E28 0.[7m0179197 <- C24+E26[27m x[7m2[27m reptile[39m
[31m+ E28 0.[7m753830 <- E26+L4[27m x[7m1[27m reptile[39m
[32m- E29 0.00116478 <- direct[39m
[2m  E3 0.000884290 <- E33+L27 x2[22m
[2m  E30 0.00342490 <- R6+E6 x2 reptile[22m
[32m- E31 0.[7m150699 <- C30+U22 x2[27m[39m
[31m+ E31 0.[7m00456234 <- direct[27m[39m
[2m  E32 0.00707292 <- E11+E26 x2 reptile[22m
[2m  E33 0.0000797286 <- direct[22m
[2m  E34 0.000923873 <- direct[22m
[32m- E35 0.00[7m307958[27m <- [7mE26[27m+E26 x2 reptile[39m
[31m+ E35 0.00[7m292297[27m <- [7mR47[27m+E26 x2 reptile[39m
[2m  E36 0.000398643 <- E33+E33 x2[22m
[32m- E37 0.[7m389169 <- R57+E31 x2[27m[39m
[31m+ E37 0.[7m00456234 <- direct[27m[39m
[2m  E39 0.000744404 <- R6+E33 x1[22m
[2m  E4 0.00427232 <- U25+R6 x2[22m
[32m- E40 0.00496513 <- R6+E34 x1[39m
[2m  E42 0.00406778 <- R6+E39 x1[22m
[32m- E43 0.0[7m237676 <- E26+E40 x1 reptile[27m[39m
[31m+ E43 0.0[7m0277162 <- direct[27m[39m
[2m  E44 0.00336771 <- R6+E26 x1 reptile[22m
[32m- E45 0.0[7m200287 <- E26+E42 x1 reptile[27m[39m
[32m- [7mE45-1 Infinity[27m <- direct[39m
[31m+ E45 0.0[7m0615915[27m <- direct[39m
[32m- E46 0.76[7m4783[27m <- E4[7m4[27m+L4 x1 reptile[39m
[31m+ E46 0.76[7m2299[27m <- E4[7m3[27m+L4 x1 reptile[39m
[32m- E47 0.01[7m71117[27m <- [7mE26[27m+E44 x1 reptile[39m
[31m+ E47 0.01[7m53604[27m <- [7mU59[27m+E44 x1 reptile[39m
[32m- E4[7m9[27m 0.[7m822050 <- E47+L4 x1 reptile[27m[39m
[31m+ E4[7m8[27m 0.[7m00230968 <- direct[27m[39m
[31m+ E49 0.222285 <- direct[39m
[32m- E5 0.00[7m398135[27m <- R8+[7mE26[27m x2 reptile[39m
[31m+ E5 0.00[7m293554[27m <- R8+[7mR47[27m x2 reptile[39m
[32m- E51 [7m4.17596 <- E49+L4 x1 reptile[27m[39m
[32m- [7mE52 3.[27m954[7m03[27m <- [7mE13+E49 x2[27m[39m
[32m- E54 0.0865324 <- E26+E45 x1 reptile[39m
[32m- E58 0.102111 <- E26+E43 x1 reptile[39m
[32m- E6 0.00393700 <- R6+R45 x2 reptile[39m
[32m- E60 0.363631 <- E26+E54 x1 reptile[39m
[32m- E63 0.576978 <- R77+L6 x2 reptile[39m
[31m+ E51 [7m0.00923873 <- direct[27m[39m
[31m+ [7mE52 0.036[27m954[7m9[27m <- [7mdirect[27m[39m
[31m+ E54 0.00923873 <- direct[39m
[31m+ E57 0.0129364 <- direct[39m
[31m+ E58 0.00153979 <- direct[39m
[31m+ E6 0.00393700 <- R6+R45 x2 reptile[39m
[31m+ E60 0.00643814 <- direct[39m
[31m+ E63 0.0112435 <- R77+L27 x2[39m
[31m+ E66 0.0277162 <- direct[39m
[32m- E7 0.00[7m403346[27m <- R1[7m0[27m+R4[7m6[27m x2[39m
[31m+ E7 0.00[7m236575[27m <- R[7m3[27m1+R4[7m7[27m x2[39m
[2m  E8 0.00456695 <- R6+E2 x1[22m
[32m- E9 0.002[7m48455[27m <- R6+R54 x2 reptile[39m
[31m+ E9 0.002[7m06226[27m <- R6+R54 x2 reptile[39m
[2m  L1 0.0127214 <- E3+L28 x2[22m
[32m- L10 0.757[7m594[27m <- L4+L8 x1 reptile[39m
[31m+ L10 0.757[7m377[27m <- L4+L8 x1 reptile[39m
[2m  L11 0.00743389 <- E26+E32 x2 reptile[22m
[32m- L12 0.001[7m14384[27m <- R15+[7mE33[27m x2[39m
[31m+ L12 0.001[7m62949[27m <- R15+[7mL27[27m x2[39m
[32m- L13 0.[7m7555[27m17 <- [7mL4+L12 x1 reptile[27m[39m
[31m+ L13 0.[7m02281[27m17 <- [7mE13+E37 x2[27m[39m
[2m  L14 0.00111408 <- direct[22m
[32m- L15 0.00[7m606498[27m <- [7mR6[27m+L12 x1[39m
[31m+ L15 0.00[7m811779[27m <- [7mU59[27m+L12 x1[7m reptile[27m[39m
[2m  L17 0.00373135 <- direct[22m
[32m- L18 0.0[7m30324[27m9 <- L15+L15 x2[39m
[31m+ L18 0.0[7m40588[27m9 <- L15+L15 x2[39m
[2m  L2 0.00366950 <- E3+L14 x2[22m
[32m- L20 0.01[7m41[27m752 <- [7mE26[27m+L15 x2 reptile[39m
[31m+ L20 0.0175[7m76[27m2 <- [7mU59[27m+L15 x2 reptile[39m
[32m- L21 0.0[7m283503 <- E26+L15 x1 reptile[27m[39m
[32m- L22 0.0242819 <- E26+L1 x1 reptile[39m
[31m+ L21 0.0[7m151515 <- direct[27m[39m
[31m+ L22 0.0909091 <- direct[39m
[2m  L23 0.00202922 <- direct[22m
[32m- L24 0.[7m0348183[27m <- [7mC2[27m4+L[7m15 x2[27m[39m
[32m- [7mL25 0.0226776 <- E16+L6[27m x[7m2[27m reptile[39m
[31m+ L24 0.[7m759206[27m <- [7mL[27m4+L[7m23 x1 reptile[27m[39m
[31m+ [7mL25 0.759206 <- L4+L23[27m x[7m1[27m reptile[39m
[32m- L26 0.0[7m104919[27m <- [7mR6[27m+L23 x1[39m
[31m+ L26 0.0[7m0978333[27m <- [7mU59[27m+L23 x1[7m reptile[27m[39m
[2m  L27 0.000273988 <- direct[22m
[2m  L28 0.00473485 <- direct[22m
[32m- L29 0.004[7m96154[27m <- E26+L8 x2 reptile[39m
[31m+ L29 0.004[7m85278[27m <- E26+L8 x2 reptile[39m
[2m  L3 0.00156926 <- E3+L27 x2[22m
[2m  L30 0.00171570 <- R6+L27 x1[22m
[32m- L31 0.[7m0188967[27m <- [7mC2[27m4+L[7m6[27m x[7m2[27m reptile[39m
[31m+ L31 0.[7m757899[27m <- [7mL[27m4+L[7m30[27m x[7m1[27m reptile[39m
[2m  L32 0.00529273 <- C30+L23 x2[22m
[32m- L33 0.004[7m46213[27m <- [7mR6[27m+L30 x2[39m
[32m- [7mL34 0.0418849[27m <- L[7m6[27m+L3[7m1[27m x[7m2[27m reptile[39m
[31m+ L33 0.004[7m23850[27m <- [7mU59[27m+L30 x2[7m reptile[27m[39m
[31m+ [7mL34 0.768411[27m <- L[7m4[27m+L3[7m3[27m x[7m1[27m reptile[39m
[32m- L35 0.[7m769343 <- L4+L33 x1 reptile[27m[39m
[31m+ L35 0.[7m578260 <- U79+E49 x2[27m[39m
[32m- L36 0.0[7m19451[27m7 <- L15+L30 x2[39m
[31m+ L36 0.0[7m24583[27m7 <- L15+L30 x2[39m
[32m- L38 0.[7m140794 <- E23+E24[27m x2[39m
[31m+ L38 0.[7m0338368 <- R85+E23[27m x2[39m
[32m- L39 0.0[7m263178[27m <- L15+L33 x2[39m
[31m+ L39 0.0[7m308907[27m <- L15+L33 x2[39m
[2m  L4 0.900901 <- direct[22m
[32m- L40 0.0[7m228[27m08[7m1[27m <- [7mE26+L28 x1 reptile[27m[39m
[31m+ L40 0.0[7m1114[27m08 <- [7mdirect[27m[39m
[2m  L41 0.0264637 <- L32+L32 x2[22m
[32m- L42 0.1[7m14424[27m <- L36+L39 x2[39m
[31m+ L42 0.1[7m38686[27m <- L36+L39 x2[39m
[32m- L44 0.06[7m98[27m28[7m7[27m <- L[7m2[27m+L41 x2[39m
[31m+ L44 0.06[7m77[27m28[7m4[27m <- L[7m3[27m+L41 x2[39m
[32m- L45 0.[7m867132 <- L4+L44 x1 reptile[27m[39m
[32m- L46 0.867132 <- L4+L44 x1 reptile[39m
[31m+ L45 0.[7m268036 <- direct[27m[39m
[31m+ L46 0.0151515 <- direct[39m
[32m- L47 0.008[7m55737[27m <- R6+L29 x1 reptile[39m
[31m+ L47 0.008[7m37611[27m <- R6+L29 x1 reptile[39m
[32m- L49 0.0[7m981134 <- E26+L40 x1 reptile[27m[39m
[31m+ L49 0.0[7m227273 <- direct[27m[39m
[32m- L5 0.007[7m68475[27m <- [7mR6[27m+L2 x1[39m
[32m- L54 0.00892426 <- R6+L30 x1[39m
[32m- L57 0.0402640 <- E26+L54 x1 reptile[39m
[31m+ L5 0.007[7m44407[27m <- [7mU59[27m+L2 x1[7m reptile[27m[39m
[31m+ L54 0.252525 <- direct[39m
[31m+ L57 1.29261 <- direct[39m
[2m  L6 0.00302018 <- E30+E33 x2 reptile[22m
[32m- L60 0.[7m170846 <- E26+L57 x1 reptile[27m[39m
[31m+ L60 0.[7m0265152 <- direct[27m[39m
[32m- L7 0.44[7m5120[27m <- E22+E34 x2 reptile[39m
[31m+ L7 0.44[7m4[27m[7m711[27m <- E22+E34 x2 reptile[39m
[32m- L8 0.00[7m410610[27m <- E26+E35 x2 reptile[39m
[31m+ L8 0.00[7m397559[27m <- E26+E35 x2 reptile[39m
[2m  L9 0.00348428 <- R6+L3 x1[22m
[32m- R1 0.00[7m122585[27m <- R1[7m0[27m+E33 x2[39m
[31m+ R1 0.00[7m0905251[27m <- R[7m3[27m1+E33 x2[39m
[32m- R10 0.0004[7m10610[27m <- direct[39m
[31m+ R10 0.0004[7m92732[27m <- direct[39m
[32m- R11 0.00[7m430658 <- R5+R6 x1[27m[39m
[31m+ R11 0.00[7m277162 <- direct[27m[39m
[32m- R13 0.0[7m626814[27m <- C10+R60 x2[39m
[31m+ R13 0.0[7m495053[27m <- C10+R60 x2[39m
[2m  R15 0.000377809 <- C9+R6 x2[22m
[32m- R16 0.002[7m39881[27m <- R6+R10 x1[39m
[31m+ R16 0.002[7m80942[27m <- R6+R10 x1[39m
[2m  R18 0.000232957 <- direct[22m
[32m- R19 0.[7m751721 <- R18+L4 x1 reptile[27m[39m
[31m+ R19 0.[7m0410610 <- direct[27m[39m
[32m- R2 0.00[7m2[27m17[7m973[27m <- R[7m5[27m+E33 x2[39m
[31m+ R2 0.0017[7m1846[27m <- R[7m8[27m+E33 x2[7m reptile[27m[39m
[2m  R21 0.000248487 <- direct[22m
[2m  R22 0.00390595 <- C10+L27 x2[22m
[2m  R23 0.00307958 <- direct[22m
[2m  R24 0.00158820 <- R6+R21 x1[22m
[2m  R25 0.166667 <- direct[22m
[32m- R26 0.01[7m57436[27m <- [7mR6[27m+R23 x1[39m
[31m+ R26 0.01[7m41598[27m <- [7mU59[27m+R23 x1[7m reptile[27m[39m
[32m- R27 0.00[7m828675[27m <- [7mR6[27m+R24 x1[39m
[31m+ R27 0.00[7m794573[27m <- [7mU59[27m+R24 x1[7m reptile[27m[39m
[2m  R29 0.00307958 <- direct[22m
[2m  R3 0.000372202 <- R6+E33 x2[22m
[2m  R30 0.00111740 <- R6+R15 x2[22m
[2m  R31 0.000282372 <- direct[22m
[2m  R32 0.0110865 <- direct[22m
[2m  R33 0.00112983 <- U6+E33 x2[22m
[32m- R34 0.009[7m93777 <- R6+R22 x2[27m[39m
[32m- [7mR35 0.0503346 <- R32+E9[27m x1 reptile[39m
[31m+ R34 0.009[7m67719 <- R22+E26 x2 reptile[27m[39m
[31m+ [7mR35 0.0475219 <- U59+R32[27m x1 reptile[39m
[2m  R36 0.000128351 <- direct[22m
[32m- R37 0.[7m751286 <- R36+L4 x1 reptile[27m[39m
[31m+ R37 0.[7m0739098 <- direct[27m[39m
[2m  R38 0.00239853 <- direct[22m
[2m  R39 0.0000990779 <- direct[22m
[32m- R4 0.004[7m32452 <- U18+U25 x2[27m[39m
[31m+ R4 0.004[7m08032 <- U25+U59 x2 reptile[27m[39m
[2m  R40 0.751164 <- R39+L4 x1 reptile[22m
[2m  R42 0.000841151 <- R6+R39 x1[22m
[32m- R43 0.[7m754256 <- R42+L4 x1 reptile[27m[39m
[31m+ R43 0.[7m00484774 <- U40+R10 x2[27m[39m
[2m  R44 0.00105585 <- direct[22m
[2m  R45 0.00455152 <- R6+R42 x1[22m
[32m- R46 0.0[7m0300694 <- R5+R10[27m x2[39m
[31m+ R46 0.0[7m160206 <- C45+C55[27m x2[39m
[32m- R4[7m8[27m 0.[7m755762 <- R46+L4 x1 reptile[27m[39m
[32m- [7mR49 0.00267809 <- C4+R6[27m x[7m2[27m[39m
[31m+ R4[7m7[27m 0.[7m00165982 <- C20+R31 x2[27m[39m
[31m+ [7mR49 0.00175762 <- R6+R31[27m x[7m1[27m[39m
[32m- R5 0.0019[7m8041 <- C20+R10[27m x2[39m
[31m+ R5 0.0019[7m0843 <- U11+R31[27m x2[39m
[2m  R50 0.00115484 <- direct[22m
[32m- R51 0.0030[7m3910 <- C36+R[27m33 x2[39m
[31m+ R51 0.0030[7m2389 <- R33+E[27m33 x2[39m
[2m  R52 0.00250900 <- E33+E34 x2[22m
[2m  R53 0.00611997 <- R6+R50 x1[22m
[32m- R54 0.002[7m80858[27m <- R6+R9 x2 reptile[39m
[31m+ R54 0.002[7m30183[27m <- R6+R9 x2 reptile[39m
[32m- R55 0.01[7m28908[27m <- [7mR6[27m+R52 x1[39m
[31m+ R55 0.01[7m17824[27m <- [7mU59[27m+R52 x1[7m reptile[27m[39m
[2m  R56 0.00169423 <- direct[22m
[32m- R57 0.004[7m96910[27m <- R6+R54 x1 reptile[39m
[31m+ R57 0.004[7m12452[27m <- R6+R54 x1 reptile[39m
[32m- R58 0.0[7m184503 <- C24+E9[27m x2 reptile[39m
[31m+ R58 0.0[7m0923873 <- R67+E26[27m x2 reptile[39m
[2m  R59 0.00307958 <- direct[22m
[2m  R6 0.0000691523 <- direct[22m
[32m- R60 0.0[7m237842 <- R57+E26[27m x1 reptile[39m
[31m+ R60 0.0[7m185137 <- U59+R57[27m x1 reptile[39m
[2m  R61 0.763582 <- R59+L4 x1 reptile[22m
[32m- R62 0.[7m763582 <- R59+L4 x1 reptile[27m[39m
[31m+ R62 0.[7m00923873 <- direct[27m[39m
[2m  R63 0.0120807 <- direct[22m
[32m- R64 0.0[7m567912 <- R55+E26[27m x1 reptile[39m
[31m+ R64 0.0[7m415994 <- R8+R58[27m x1 reptile[39m
[32m- R65 0.00[7m28609[27m2 <- C8+R10 x2[39m
[31m+ R65 0.00[7m46730[27m2 <- C8+R10 x2[39m
[32m- R66 0.0[7m534159 <- R63+E26 x1 reptile[27m[39m
[32m- R67 0.239709 <- R64+E26 x1 reptile[39m
[32m- R68 0.0146504 <- R6+R65 x1[39m
[32m- R69 0.225646 <- R66+E26 x1 reptile[39m
[31m+ R66 0.0[7m184775 <- direct[27m[39m
[31m+ R67 0.00369549 <- direct[39m
[31m+ R68 0.0141598 <- U59+R59 x1 reptile[39m
[31m+ R69 0.0123183 <- direct[39m
[32m- R7 0.002[7m7974[27m6 <- R1+R6 x1[39m
[31m+ R7 0.002[7m1562[27m6 <- R1+R6 x1[39m
[32m- R70 0.[7m811794 <- R68+L4 x1 reptile[27m[39m
[32m- [7mR71 0.811794 <- R68+L[27m4 x[7m1[27m reptile[39m
[31m+ R70 0.[7m0207073 <- U79+R5[27m4 x[7m2[27m reptile[39m
[32m- R72 [7m1.69094 <- R69+L4 x1 reptile[27m[39m
[32m- R73 3.38555 <- R70+E26 x1 reptile[39m
[32m- R74 0.0651841 <- R68+E9 x1 reptile[39m
[31m+ R72 [7m0.00615915 <- direct[27m[39m
[31m+ R73 0.0184775 <- direct[39m
[31m+ R74 0.00230968 <- direct[39m
[32m- R75 [7m1[27m.0[7m2235 <- R74+L4 x1 reptile[27m[39m
[31m+ R75 [7m0[27m.0[7m0492732 <- direct[27m[39m
[32m- R76 [7m1[27m.0[7m2235 <- R74+L4 x1 reptile[27m[39m
[32m- R77 0.275741 <- R74+E9 x1 reptile[39m
[32m- R78 1.89967 <- R77+L4 x1 reptile[39m
[32m- R79 1.89967 <- R77+L4 x1 reptile[39m
[31m+ R76 [7m0[27m.0[7m0923873 <- direct[27m[39m
[31m+ R77 0.00422342 <- direct[39m
[31m+ R78 0.0147820 <- direct[39m
[31m+ R79 0.00422342 <- direct[39m
[32m- R8 0.00[7m292987[27m <- U8+U38 x2 reptile[39m
[31m+ R8 0.00[7m186284[27m <- U8+U38 x2 reptile[39m
[32m- R80 [7m1.15306 <- R77+E9 x1 reptile[27m[39m
[32m- R81 1.70421 <- R6+R75 x1 reptile[39m
[32m- R82 5.55518 <- R80+L4 x1 reptile[39m
[32m- R83 4.80857 <- R80+E9 x1 reptile[39m
[32m- [7mR84 7.10394 <- R81+E26[27m x1 reptile[39m
[31m+ R80 [7m0.00307958 <- direct[27m[39m
[31m+ R81 0.00850034 <- R6+R75 x1 reptile[39m
[31m+ R82 0.00369549 <- direct[39m
[31m+ R83 0.00221729 <- direct[39m
[31m+ [7mR84 0.0367463 <- U59+R81[27m x1 reptile[39m
[32m- R85 [7m2[27m0.[7m7865 <- R83+L4 x1 reptile[27m[39m
[32m- [7mR86 20.039[27m9 <- R8[7m3+E9[27m x1 reptile[39m
[31m+ R85 0.[7m00221729 <- direct[27m[39m
[31m+ R86 0.00739098 <- direct[39m
[31m+ [7mR87 0.75998[27m9 <- R8[7m5+L4[27m x1 reptile[39m
[32m- R8[7m6-1 Infinity[27m <- direct[39m
[31m+ R8[7m8 0.00221729[27m <- direct[39m
[32m- R8[7m8 84.2501 <- R86+L4 x1 reptile[27m[39m
[31m+ R8[7m9 0.00221729 <- direct[27m[39m
[32m- R[7m8[27m9 [7m83.5035 <- R86+E9[27m x[7m1[27m reptile[39m
[31m+ R9 [7m0.00258931 <- U21+R6[27m x[7m2[27m reptile[39m
[32m- R9 0.0[7m0319742 <- U21+R6[27m x[7m2[27m reptile[39m
[31m+ R9[7m1[27m 0.0[7m105670 <- U59+R88[27m x[7m1[27m reptile[39m
[32m- R9[7m1 348.682 <- R89+L4[27m x1 reptile[39m
[31m+ R9[7m2 0.0105670 <- U59+R89[27m x1 reptile[39m
[32m- R94 [7m1453.59[27m <- R91+L4 x1 reptile[39m
[31m+ R94 [7m0.794780[27m <- R91+L4 x1 reptile[39m
[32m- R95 [7m347.935 <- R89+E9 x1 reptile[27m[39m
[32m- R97 1450.48 <- R95+L4 x1 reptile[39m
[31m+ R95 [7m0.00369549 <- direct[27m[39m
[31m+ R97 0.00221729 <- direct[39m
[32m- U1 0.003[7m27[27m55[7m3[27m <- U4[7m0[27m+R6 x2[39m
[31m+ U1 0.003[7m379[27m55 <- U4[7m3[27m+R6 x2[39m
[32m- U10 0.00[7m267222 <- direct[27m[39m
[32m- U100 229.188 <- U97+E26 x1 reptile[39m
[32m- [7mU103 954.951 <- U100+E26[27m x1 reptile[39m
[31m+ U10 0.00[7m696083 <- U1+U59 x1 reptile[27m[39m
[31m+ U100 0.00445371 <- direct[39m
[31m+ U103 0.00445371 <- direct[39m
[31m+ [7mU106 0.769308 <- U103+L4[27m x1 reptile[39m
[2m  U11 0.00120250 <- direct[22m
[2m  U12 0.0000980726 <- direct[22m
[31m+ U14 0.000627392 <- direct[39m
[2m  U15 0.0000963521 <- direct[22m
[32m- U16 0.[7m1[27m66667 <- direct[39m
[31m+ U16 0.[7m06[27m66667 <- direct[39m
[32m- U17 0.00[7m275076[27m <- U1[7m1[27m+R6 x1[39m
[31m+ U17 0.00[7m348272[27m <- U1[7m4[27m+R6 x1[39m
[32m- U17-1 Infinity <- direct[39m
[2m  U18 0.0000900339 <- direct[22m
[32m- U19 0.0[7m137069 <- U10+R6 x1[27m[39m
[31m+ U19 0.0[7m0445371 <- direct[27m[39m
[2m  U2 0.000447484 <- U38+R6 x2[22m
[2m  U20 0.000206143 <- direct[22m
[32m- U21 0.00[7m366402[27m <- U9+R6 x2 reptile[39m
[31m+ U21 0.00[7m293430[27m <- U9+R6 x2 reptile[39m
[32m- U22 0.0[7m601916 <- U19+E26 x1 reptile[27m[39m
[31m+ U22 0.0[7m0445371 <- direct[27m[39m
[2m  U23 0.00120250 <- direct[22m
[2m  U24 0.000860025 <- C9+U18 x1[22m
[2m  U25 0.00163977 <- direct[22m
[32m- U26 0.00275076 <- U23[7m+R6[27m x1[39m
[31m+ U26 0.00275076 <- [7mR6+[27mU23 x1[39m
[2m  U27 0.000584639 <- direct[22m
[2m  U28 0.333333 <- direct[22m
[2m  U29 0.00312480 <- direct[22m
[2m  U3 0.000397966 <- U18+R6 x2[22m
[2m  U30 0.000226548 <- direct[22m
[2m  U31 0.00163977 <- direct[22m
[2m  U32 0.000228836 <- direct[22m
[2m  U33 0.000115622 <- direct[22m
[32m- U34 0.0[7m187204 <- C24+R54[27m x2 reptile[39m
[31m+ U34 0.0[7m0517350 <- U46+U59[27m x2 reptile[39m
[2m  U36 0.000116852 <- direct[22m
[2m  U38 0.000109841 <- direct[22m
[2m  U39 0.00112677 <- C20+R6 x2[22m
[2m  U4 0.333333 <- direct[22m
[32m- U40 0.001[7m2410[27m6 <- C36+R10 x2[39m
[31m+ U40 0.001[7m4463[27m6 <- C36+R10 x2[39m
[32m- U41 0.000[7m894968 <- U38+R6 x1[27m[39m
[32m- U42 0.000994118 <- C9+U36 x1[39m
[32m- U43 0.00655106 <- U40+R6 x1[39m
[31m+ U41 0.000[7m216669 <- direct[27m[39m
[31m+ U42 0.00300625 <- direct[39m
[31m+ U43 0.00320667 <- direct[39m
[32m- U44 0.00[7m482060[27m <- U41+R6 x1[39m
[31m+ U44 0.00[7m142911[27m <- U41+R6 x1[39m
[32m- U45 0.00[7m538045 <- C9+U42 x1[27m[39m
[32m- U46 0.0134479 <- U43+R6 x1[39m
[32m- U47 0.770837 <- U44+L4 x1 reptile[39m
[32m- U48 0.0254981 <- U45+E26 x1 reptile[39m
[32m- U49 0.0591124 <- U46+E26 x1 reptile[39m
[32m- U5 0.000778043 <- C27+U38 x2[39m
[32m- U50 0.0242268 <- U44+E9 x1 reptile[39m
[32m- U51 0.109322 <- U48+E26 x1 reptile[39m
[32m- U52 0.249381 <- U49+E26 x1 reptile[39m
[32m- U53 0.0406661 <- U50+R6 x1 reptile[39m
[31m+ U45 0.00[7m270563 <- direct[27m[39m
[31m+ U46 0.00216450 <- direct[39m
[31m+ U47 0.519481 <- direct[39m
[31m+ U48 0.00577201 <- direct[39m
[31m+ U49 0.00192400 <- direct[39m
[31m+ U5 0.000778043 <- C27+U38 x2[39m
[31m+ U50 0.00728285 <- U59+U44 x1 reptile[39m
[31m+ U51 0.00541126 <- direct[39m
[31m+ U52 0.00515358 <- direct[39m
[31m+ U53 0.00225469 <- direct[39m
[32m- U5[7m4[27m 0.[7m173583 <- U53+E9 x1 reptile[27m[39m
[31m+ U5[7m5[27m 0.[7m00216450 <- direct[27m[39m
[32m- U5[7m5[27m 0.[7m920193 <- U53+L4 x1 reptile[27m[39m
[31m+ U5[7m6[27m 0.[7m00180375 <- direct[27m[39m
[32m- U5[7m6[27m 0.72[7m7403 <- U54+E9 x1 reptile[27m[39m
[32m- U57 1.47401 <- U54+L4 x1 reptile[39m
[32m- U58 0.741678 <- C40+L47 x2 reptile[39m
[32m- U58-1 3.83722 <- U55+E26 x1 reptile[39m
[32m- U59 3.03499 <- U56+E9 x1 reptile[39m
[32m- U6 0.000372202 <- R6+E33 x2[39m
[32m- U60 0.458587 <- U51+E26 x1 reptile[39m
[32m- U61 2.66153 <- U60+L4 x1 reptile[39m
[32m- U61-1 Infinity <- direct[39m
[32m- U62 2.66153 <- U60+L4 x1 reptile[39m
[32m- U63 1.91386 <- U60+E26 x1 reptile[39m
[32m- U64 8.72515 <- U63+L4 x1 reptile[39m
[32m- U64-1 11.0928 <- U61+E26 x1 reptile[39m
[31m+ U5[7m7[27m 0.[7m0[27m72[7m1501 <- direct[27m[39m
[31m+ U58 0.00309215 <- direct[39m
[31m+ U59 0.000796945 <- direct[39m
[31m+ U6 0.000372202 <- R6+E33 x2[39m
[31m+ U60 0.000994118 <- C9+U36 x1[39m
[31m+ U61 0.00360750 <- direct[39m
[31m+ U62 0.000270563 <- direct[39m
[31m+ U63 0.00538045 <- C9+U60 x1[39m
[31m+ U64 0.00721501 <- direct[39m
[32m- U65 0.00[7m208065[27m <- C20+[7mU39[27m x2[39m
[31m+ U65 0.00[7m112677[27m <- C20+[7mR6[27m x2[39m
[32m- U6[7m6[27m 0.[7m759420 <- U65+L4 x1 reptile[27m[39m
[32m- U67 0.759420 <- U65+L4 x1 reptile[39m
[32m- U68 0.0107490 <- U65+R6 x1[39m
[32m- U69 0.795538 <- U68+L4 x1 reptile[39m
[32m- U7 0.00342031 <- C10+E33 x2[39m
[32m- U70 0.795538 <- U68+L4 x1 reptile[39m
[32m- U72 3.31782 <- U69+E26 x1 reptile[39m
[32m- U75 13.8273 <- U72+E26 x1 reptile[39m
[32m- [7mU76 58.3[27m64[7m7[27m <- U[7m75+L4[27m x1 reptile[39m
[31m+ U6[7m7[27m 0.[7m00667269 <- U43+U59 x1 reptile[27m[39m
[31m+ U68 0.000270563 <- direct[39m
[31m+ U69 0.00901876 <- direct[39m
[31m+ U7 0.00342031 <- C10+E33 x2[39m
[31m+ U70 0.519481 <- direct[39m
[31m+ U71 0.00120250 <- direct[39m
[31m+ U72 0.00901876 <- direct[39m
[31m+ U75 0.00901876 <- direct[39m
[31m+ U76 0.0144300 <- direct[39m
[31m+ [7mU78 0.03890[27m64 <- U[7m59+U75[27m x1 reptile[39m
[32m- U7[7m8 57.6170 <- U75+E26 x1 reptile[27m[39m
[31m+ U7[7m9 0.00901876 <- direct[27m[39m
[32m- U8 0.00[7m324124[27m <- C35+U38 x2 reptile[39m
[31m+ U8 0.00[7m196080[27m <- C35+U38 x2 reptile[39m
[32m- U8[7m5 Infinity[27m <- direct[39m
[31m+ U8[7m2 0.0721501 <- direct[27m[39m
[31m+ U85 0.0721501 <- direct[39m
[31m+ [7mU88 0.0108225[27m <- direct[39m
[32m- U9 0.00[7m422394[27m <- C10+[7mE26[27m x2 reptile[39m
[31m+ U9 0.00[7m334828[27m <- C10+[7mU59[27m x2 reptile[39m
[32m- U91 [7m3.16733 <- U67+E26 x1 reptile[27m[39m
[32m- U94 13.2003 <- U91+E26 x1 reptile[39m
[31m+ U91 [7m0.00445371 <- direct[27m[39m
[31m+ U94 0.00445371 <- direct[39m
[32m- U97 [7m55[27m.004[7m3 <- U94+E26 x1 reptile[27m"[39m
[31m+ U97 [7m0[27m.004[7m45371 <- direct[27m"[39m

[36m [2m❯[22m src/services/calculationService.test.ts:[2m56:69[22m[39m
    [90m 54| [39m      [35mconst[39m { minCosts[33m,[39m choices } [33m=[39m svc[33m.[39m[34mcomputeMinCosts[39m(data[33m,[39m params)[33m;[39m
    [90m 55| [39m
    [90m 56| [39m      [34mexpect[39m([34msummarizeMinCosts[39m(data[33m,[39m minCosts[33m,[39m choices)[33m.[39m[34mjoin[39m([32m"\n"[39m))[33m.[39m[34mtoMatchSnapshot[39m()[33m;[39m
    [90m   | [39m                                                                    [31m^[39m
    [90m 57| [39m    })[33m;[39m
    [90m 58| [39m

[31m[2m⎯⎯⎯⎯⎯⎯⎯⎯⎯⎯⎯⎯⎯⎯⎯⎯⎯⎯⎯⎯⎯⎯⎯⎯⎯⎯⎯⎯⎯⎯⎯⎯⎯⎯⎯⎯⎯⎯⎯⎯⎯⎯⎯⎯⎯⎯⎯⎯⎯⎯⎯⎯⎯⎯⎯⎯⎯⎯⎯⎯⎯⎯⎯⎯⎯⎯⎯⎯⎯⎯⎯⎯⎯⎯⎯⎯⎯⎯⎯⎯⎯⎯⎯⎯⎯⎯⎯⎯⎯⎯⎯⎯⎯⎯⎯⎯⎯⎯⎯⎯⎯⎯⎯⎯⎯⎯⎯⎯⎯[2/15]⎯[22m[39m

[41m[1m FAIL [22m[49m src/services/calculationService.test.ts[2m > [22mcomputeMinCosts[2m > [22mpins the cost of every shard — coinValue
[31m[1mError[22m: Snapshot `computeMinCosts > pins the cost of every shard — coinValue 1` mismatched[39m

[32m- Expected[39m
[31m+ Received[39m

[33m@@ -1,169 +1,169 @@[39m
[32m- "C1 1[7m4455[27m.0 <- C[7m4[27m+U20 x2[39m
[31m+ "C1 1[7m1560[27m.0 <- C[7m61[27m+U20 x2[39m
[2m  C10 5952.00 <- direct[22m
[2m  C11 909.000 <- direct[22m
[2m  C12 1437.00 <- direct[22m
[32m- C13 [7m35305[27m.0 <- [7mC10+C11 x1[27m[39m
[31m+ C13 [7m20576[27m.0 <- [7mdirect[27m[39m
[2m  C14 10090.0 <- C11+C11 x1[22m
[2m  C15 1515.00 <- direct[22m
[2m  C16 17652.5 <- C10+C11 x2[22m
[2m  C17 3704.00 <- direct[22m
[2m  C18 13120.0 <- C11+C15 x1[22m
[32m- C19 [7m1[27m66667 <- direct[39m
[31m+ C19 66667[7m.0[27m <- direct[39m
[2m  C2 5152.50 <- C11+U20 x2[22m
[2m  C20 8772.00 <- direct[22m
[2m  C21 1515.00 <- direct[22m
[2m  C22 909476 <- C21+L4 x1 reptile[22m
[32m- C23 [7m617[27m3.00 <- direct[39m
[31m+ C23 [7m833[27m3.00 <- direct[39m
[32m- C24 [7m36324[27m.0 <- direct[39m
[31m+ C24 [7m26042[27m.0 <- direct[39m
[2m  C25 50000.0 <- direct[22m
[2m  C26 1000.00 <- direct[22m
[2m  C27 1852.00 <- direct[22m
[32m- C28 2[7m55545 <- C11+C25 x1[27m[39m
[31m+ C28 2[7m0576.0 <- direct[27m[39m
[2m  C29 1852.00 <- direct[22m
[32m- C3 5[7m99[27m0.00 <- C[7m9[27m+U20 x2[39m
[31m+ C3 5[7m82[27m0.00 <- C[7m6[27m+U20 x2[39m
[2m  C30 1333.00 <- direct[22m
[32m- C31 [7m9[27m08[7m566[27m <- C[7m30+L4 x1 reptile[27m[39m
[32m- [7mC32 14805[27m.0 <- [7mC11+C29 x1[27m[39m
[31m+ C31 [7m1[27m08[7m425[27m <- C[7m11+C28 x1[27m[39m
[31m+ [7mC32 3410[27m.0[7m0[27m <- [7mdirect[27m[39m
[2m  C33 3333.00 <- direct[22m
[32m- C34 [7m9358[27m2.5 <- C11+[7mC24[27m x2[39m
[31m+ C34 [7m2777[27m2.5 <- C11+[7mU46[27m x2[39m
[32m- C35 1[7m82[27m05.[7m0[27m <- C11+C23 x2[39m
[31m+ C35 1[7m11[27m05.[7m5[27m <- C11+C23 x2[39m
[2m  C36 1302.00 <- direct[22m
[32m- C37 [7m473458 <- C11+C34 x1[27m[39m
[31m+ C37 [7m6410.00 <- direct[27m[39m
[32m- C38 4[7m19[27m55.0 <- [7mC11+C35 x1 reptile[27m[39m
[31m+ C38 45[7m4[27m5.0[7m0[27m <- [7mdirect[27m[39m
[2m  C39 12055.0 <- C11+C36 x1[22m
[2m  C4 4630.00 <- direct[22m
[32m- C40 [7m962176 <- C39+L4 x1 reptile[27m[39m
[32m- C41 215320 <- C11+C38 x1[39m
[32m- C42 65820.0 <- C11+C39 x1[39m
[32m- C43 1.23100e+6 <- C42+L4 x1 reptile[39m
[32m- C44 1.08215e+6 <- C11+C41 x1[39m
[32m- C45 334645 <- C11+C42 x1[39m
[32m- C46 2.57513e+6 <- C45+L4 x1 reptile[39m
[32m- C47 2.57513e+6 <- C45+L4 x1 reptile[39m
[32m- C49 1.28812e+7 <- C11+C46 x1[39m
[32m- C5 952.000 <- direct[39m
[32m- C52 6.44114e+7 <- C11+C49 x1[39m
[32m- C55 3.22063e+8 <- C11+C52 x1[39m
[32m- C56 1.28812e+7 <- C11+C47 x1[39m
[32m- C58 6.53078e+7 <- C56+L4 x1 reptile[39m
[32m- [7mC6 28695[27m.0 <- [7mC4+C11 x1[27m[39m
[32m- C61 3.26544e+8 <- C11+C58 x1[39m
[32m- [7mC64 1.63273e+9[27m <- C11+C61 x1[39m
[31m+ C40 [7m21263.0 <- direct[27m[39m
[31m+ C41 7143.00 <- direct[39m
[31m+ C42 10256.0 <- direct[39m
[31m+ C43 5952.00 <- direct[39m
[31m+ C44 1667.00 <- direct[39m
[31m+ C45 56825.0 <- C11+C42 x1[39m
[31m+ C46 12500.0 <- direct[39m
[31m+ C47 2899.00 <- direct[39m
[31m+ C49 10417.0 <- direct[39m
[31m+ C5 952.000 <- direct[39m
[31m+ C52 8333.00 <- direct[39m
[31m+ C55 8333.00 <- direct[39m
[31m+ C56 1250.00 <- direct[39m
[31m+ C58 38462.0 <- direct[39m
[31m+ [7mC6 1176[27m.0[7m0[27m <- [7mdirect[27m[39m
[31m+ C61 3472.00 <- direct[39m
[31m+ [7mC64 22905.0[27m <- C11+C61 x1[39m
[32m- C67 [7m8.16364e+9[27m <- C11+C64 x1[39m
[31m+ C67 [7m120070[27m <- C11+C64 x1[39m
[2m  C7 9259.00 <- direct[22m
[32m- C8 [7m6748[27m.0[7m0[27m <- [7mdirect[27m[39m
[31m+ C8 [7m10305[27m.0 <- [7mC11+C5 x1[27m[39m
[2m  C9 1244.00 <- direct[22m
[2m  E1 16870.0 <- E34+L27 x2[22m
[32m- E10 9[7m4[27m37[7m9[27m3 <- E7+L4 x1 reptile[39m
[31m+ E10 937[7m23[27m3 <- E7+L4 x1 reptile[39m
[2m  E11 40418.0 <- R53+E26 x2 reptile[22m
[2m  E12 24330.0 <- C11+E3 x1[22m
[32m- E13 [7m982737 <- E11+L4 x1 reptile[27m[39m
[31m+ E13 [7m20576.0 <- direct[27m[39m
[2m  E14 19608.0 <- direct[22m
[2m  E15 127195 <- C11+E12 x1[22m
[32m- E16 [7m56771.3 <- R22+E33[27m x2[39m
[31m+ E16 [7m132730 <- R34+E18[27m x2[39m
[2m  E17 44761.0 <- C11+E14 x1[22m
[2m  E18 2222.00 <- direct[22m
[2m  E19 15015.0 <- C4+E33 x2[22m
[2m  E2 14785.5 <- E26+L27 x2 reptile[22m
[2m  E20 121655 <- direct[22m
[2m  E21 16655.0 <- C11+E18 x1[22m
[32m- E22 94[7m8923[27m <- R10+E10 x2 reptile[39m
[31m+ E22 94[7m3288[27m <- R10+E10 x2 reptile[39m
[32m- E23 [7m326723 <- R23+E47[27m x2[39m
[31m+ E23 [7m51542.5 <- R74+R83[27m x2[39m
[2m  E24 88820.0 <- C11+E21 x1[22m
[32m- E25 1.[7m34600[27me+6 <- E2[7m4[27m+L4 x1 reptile[39m
[31m+ E25 1.[7m15961[27me+6 <- E2[7m3[27m+L4 x1 reptile[39m
[2m  E26 8333.00 <- direct[22m
[2m  E27 11765.0 <- direct[22m
[32m- E28 9[7m4250.0 <- C24+E33 x2[27m[39m
[32m- E29 10417.0 <- direct[39m
[31m+ E28 9[7m18567 <- E26+L4 x1 reptile[27m[39m
[2m  E3 9392.50 <- E33+L27 x2[22m
[2m  E30 75920.0 <- R6+E6 x2 reptile[22m
[32m- E31 [7m858633 <- C30+U22 x2[27m[39m
[31m+ E31 [7m20576.0 <- direct[27m[39m
[2m  E32 49251.0 <- E11+E26 x2 reptile[22m
[2m  E33 1176.00 <- direct[22m
[2m  E34 4167.00 <- direct[22m
[2m  E35 17166.0 <- E26+E26 x2 reptile[22m
[2m  E36 6380.00 <- E33+E33 x2[22m
[32m- E37 [7m922736 <- E34+L4 x1 reptile[27m[39m
[31m+ E37 [7m20576.0 <- direct[27m[39m
[2m  E39 11425.0 <- C11+E33 x1[22m
[2m  E4 21990.0 <- U25+R6 x2[22m
[32m- E40 26380.0 <- C11+E34 x1[39m
[2m  E42 62670.0 <- C11+E39 x1[22m
[32m- E43 1[7m37445 <- C11+E40 x1[27m[39m
[31m+ E43 1[7m2500.0 <- direct[27m[39m
[2m  E44 22211.0 <- C11+E26 x1 reptile[22m
[32m- E45 [7m318895 <- C11+E42 x1[27m[39m
[32m- [7mE45-1 Infinity[27m <- direct[39m
[31m+ E45 [7m27778.0[27m <- direct[39m
[32m- E46 [7m1.01296e+6[27m <- E4[7m4[27m+L4 x1 reptile[39m
[31m+ E46 [7m964401[27m <- E4[7m3[27m+L4 x1 reptile[39m
[2m  E47 116600 <- C11+E44 x1[22m
[32m- E4[7m9[27m 1[7m.48490e+[27m6 <- E4[7m7[27m+L4 x1 reptile[39m
[31m+ E4[7m8[27m 1[7m0417.0 <- direct[27m[39m
[31m+ [7mE49 95398[27m6 <- E4[7m8[27m+L4 x1 reptile[39m
[32m- E5 2[7m7038[27m.0 <- [7mC35[27m+E26 x2 reptile[39m
[31m+ E5 2[7m2711[27m.0 <- [7mU8[27m+E26 x2 reptile[39m
[32m- E51 [7m8.32641e+6 <- E49+L4 x1 reptile[27m[39m
[32m- E52 6.16960e+6 <- E13+E49 x2[39m
[32m- E54 1.60002e+6 <- C11+E45 x1[39m
[31m+ E51 [7m41667.0 <- direct[27m[39m
[31m+ E52 166667 <- direct[39m
[31m+ E54 41667.0 <- direct[39m
[31m+ E57 58343.0 <- direct[39m
[32m- E58 69[7m277[27m0 <- [7mC11+E43 x1[27m[39m
[31m+ E58 69[7m44.0[27m0 <- [7mdirect[27m[39m
[2m  E6 72870.0 <- R6+R45 x2 reptile[22m
[32m- E60 [7m4.36575e+6 <- E58+L4 x1 reptile[27m[39m
[32m- E63 4.77650e+6 <- R77+L27 x2[39m
[32m- [7mE7 2094[27m6.0 <- R10+R4[7m6[27m x2[39m
[31m+ E60 [7m29036.0 <- direct[27m[39m
[31m+ E63 54072.5 <- R77+L27 x2[39m
[31m+ E66 125000 <- direct[39m
[31m+ [7mE7 1766[27m6.0 <- R10+R4[7m7[27m x2[39m
[2m  E8 35116.0 <- C11+E2 x1[22m
[32m- E9 3[7m5913[27m.0 <- R6+R54 x2 reptile[39m
[31m+ E9 3[7m1262[27m.0 <- R6+R54 x2 reptile[39m
[2m  L1 61975.0 <- E3+L28 x2[22m
[2m  L10 953899 <- L4+L8 x1 reptile[22m
[2m  L11 58084.0 <- E26+E32 x2 reptile[22m
[32m- L12 [7m18840.0[27m <- R15+[7mE33[27m x2[39m
[31m+ L12 [7m21852.5[27m <- R15+[7mL27[27m x2[39m
[32m- L13 [7m996101 <- L4+L12 x1 reptile[27m[39m
[31m+ L13 [7m103380 <- E13+E37 x2[27m[39m
[2m  L14 4902.00 <- direct[22m
[32m- L15 [7m99745.0[27m <- C11+L12 x1[39m
[31m+ L15 [7m114808[27m <- C11+L12 x1[39m
[2m  L17 30055.0 <- C11+L14 x1[22m
[32m- L18 [7m499225[27m <- L15+L15 x2[39m
[31m+ L18 [7m574538[27m <- L15+L15 x2[39m
[2m  L2 22147.5 <- E3+L14 x2[22m
[32m- L20 2[7m52135[27m <- C11+L15 x2[39m
[31m+ L20 2[7m89791[27m <- C11+L15 x2[39m
[32m- L21 [7m504270 <- C11+L15 x1[27m[39m
[32m- L22 129495 <- C11+L1 x1[39m
[31m+ L21 [7m66667.0 <- direct[27m[39m
[31m+ L22 400000 <- direct[39m
[2m  L23 8929.00 <- direct[22m
[32m- L24 [7m340673[27m <- [7mC2[27m4+L[7m15 x2[27m[39m
[32m- [7mL25 148381[27m <- [7mE16[27m+L2[7m7[27m x[7m2[27m[39m
[31m+ L24 [7m946546[27m <- [7mL[27m4+L[7m23 x1 reptile[27m[39m
[31m+ [7mL25 946546[27m <- [7mL4[27m+L2[7m3[27m x[7m1 reptile[27m[39m
[2m  L26 50190.0 <- C11+L23 x1[22m
[2m  L27 2381.00 <- direct[22m
[2m  L28 20833.0 <- direct[22m
[2m  L29 34832.0 <- E26+L8 x2 reptile[22m
[2m  L3 15845.0 <- E3+L27 x2[22m
[2m  L30 17450.0 <- C11+L27 x1[22m
[32m- L31 97[7m262.[27m5 <- [7mC2[27m4+L2[7m7[27m x[7m2[27m[39m
[31m+ L31 97[7m156[27m5 <- [7mL[27m4+L2[7m9[27m x[7m1 reptile[27m[39m
[2m  L32 26155.0 <- C30+L23 x2[22m
[2m  L33 46397.5 <- C11+L30 x2[22m
[32m- L34 [7m249609[27m <- L[7m27[27m+L3[7m1 x2[27m[39m
[31m+ L34 [7m1.03268e+6[27m <- L[7m4[27m+L3[7m2 x1 reptile[27m[39m
[2m  L35 1.03268e+6 <- L4+L32 x1 reptile[22m
[32m- L36 [7m293488[27m <- L15+L30 x2[39m
[31m+ L36 [7m331144[27m <- L15+L30 x2[39m
[32m- L38 1[7m.03936e+6 <- E23+E24[27m x2[39m
[31m+ L38 1[7m54356 <- R85+E23[27m x2[39m
[32m- L39 [7m365856[27m <- L15+L33 x2[39m
[31m+ L39 [7m403513[27m <- L15+L33 x2[39m
[2m  L4 900901 <- direct[22m
[32m- L40 [7m109710 <- C11+L28 x1[27m[39m
[31m+ L40 [7m49020.0 <- direct[27m[39m
[2m  L41 131275 <- L32+L32 x2[22m
[32m- L42 1.[7m45045[27me+6 <- L[7m4+L40 x1 reptile[27m[39m
[31m+ L42 1.[7m83714[27me+6 <- L[7m36+L39 x2[27m[39m
[32m- L44 3[7m50835[27m <- L[7m2[27m+L41 x2[39m
[31m+ L44 3[7m44533[27m <- L[7m3[27m+L41 x2[39m
[32m- L45 1.[7m60357[27me+6 <- [7mL4+L44 x1 reptile[27m[39m
[32m- L46 1.60357e+6 <- L4+L44 x1 reptile[39m
[31m+ L45 1.[7m17936[27me+6 <- [7mdirect[27m[39m
[31m+ L46 66667.0 <- direct[39m
[2m  L47 75209.0 <- C11+L29 x1 reptile[22m
[32m- L49 [7m554095 <- C11+L40 x1[27m[39m
[31m+ L49 [7m100000 <- direct[27m[39m
[2m  L5 49840.0 <- C11+L2 x1[22m
[32m- L54 [7m92795.0 <- C11+L30 x1[27m[39m
[32m- L57 469520 <- C11+L54 x1[39m
[31m+ L54 [7m1.11111e+6 <- direct[27m[39m
[31m+ L57 5.68751e+6 <- direct[39m
[2m  L6 79360.0 <- E30+E33 x2 reptile[22m
[32m- L60 [7m2.35315e+6 <- C11+L57 x1[27m[39m
[31m+ L60 [7m116667 <- direct[27m[39m
[32m- L7 95[7m9841[27m <- E22+E34 x2 reptile[39m
[31m+ L7 95[7m4206[27m <- E22+E34 x2 reptile[39m
[2m  L8 25999.0 <- E26+E35 x2 reptile[22m
[2m  L9 37235.0 <- C11+L3 x1[22m
[32m- R1 8[7m070[27m.00 <- R10+E33 x2[39m
[31m+ R1 8[7m995[27m.00 <- R10+E33 x2[39m
[32m- R10 [7m185[27m2.00 <- direct[39m
[31m+ R10 [7m222[27m2.00 <- direct[39m
[32m- R11 [7m26917[27m.0 <- [7mC11+R5 x1[27m[39m
[32m- [7mR13 911161[27m <- [7mR[27m10+[7mL4 x1 reptile[27m[39m
[31m+ R11 [7m12500[27m.0 <- [7mdirect[27m[39m
[31m+ [7mR13 803855[27m <- [7mC[27m10+[7mR60 x2[27m[39m
[2m  R15 6160.00 <- C9+R6 x2[22m
[32m- R16 1[7m480[27m5.0 <- C11+R10 x1[39m
[31m+ R16 1[7m665[27m5.0 <- C11+R10 x1[39m
[2m  R18 2083.00 <- direct[22m
[32m- R19 [7m912316 <- R18+L4 x1 reptile[27m[39m
[31m+ R19 [7m185185 <- direct[27m[39m
[32m- R2 1[7m4126[27m.0 <- R5+E33 x2[39m
[31m+ R2 1[7m5051[27m.0 <- R5+E33 x2[39m
[2m  R21 2222.00 <- direct[22m
[2m  R22 21332.5 <- C10+L27 x2[22m
[2m  R23 13889.0 <- direct[22m
[2m  R24 16655.0 <- C11+R21 x1[22m
[2m  R25 166667 <- direct[22m
[33m@@ -172,91 +172,92 @@[39m
[2m  R29 13889.0 <- direct[22m
[2m  R3 5990.00 <- R6+E33 x2[22m
[2m  R30 18450.0 <- R6+R15 x2[22m
[2m  R31 4167.00 <- direct[22m
[2m  R32 50000.0 <- direct[22m
[32m- R33 18415.0 <- [7mU[27m6+[7mE33[27m x2[39m
[31m+ R33 18415.0 <- [7mC[27m6+[7mU6[27m x2[39m
[32m- R34 5[7m6381.3[27m <- R6+R[7m22[27m x2[39m
[31m+ R34 5[7m0670.0[27m <- R6+R[7m79[27m x2[39m
[2m  R35 255545 <- C11+R32 x1[22m
[2m  R36 1894.00 <- direct[22m
[32m- R37 [7m911371 <- R36+L4 x1 reptile[27m[39m
[31m+ R37 [7m333333 <- direct[27m[39m
[2m  R38 21450.0 <- direct[22m
[2m  R39 1462.00 <- direct[22m
[2m  R4 21820.0 <- U20+U25 x2[22m
[2m  R40 909211 <- R39+L4 x1 reptile[22m
[2m  R42 12855.0 <- C11+R39 x1[22m
[32m- R43 [7m966176 <- R42+L4 x1 reptile[27m[39m
[31m+ R43 [7m29330.0 <- U40+R10 x2[27m[39m
[2m  R44 4762.00 <- direct[22m
[2m  R45 69820.0 <- C11+R42 x1[22m
[32m- R46 1[7m5816.0 <- R5+R10 x2[27m[39m
[32m- R48 933533 <- R46+L4 x1 reptile[39m
[31m+ R46 1[7m63395 <- C45+C55 x2[27m[39m
[31m+ R47 11611.0 <- U11+R10 x2[39m
[2m  R49 14625.0 <- C4+R6 x2[22m
[32m- R5 1[7m0686[27m.0 <- U11+R10 x2[39m
[31m+ R5 1[7m1611[27m.0 <- U11+R10 x2[39m
[2m  R50 5208.00 <- direct[22m
[32m- R51 49[7m792[27m.5 <- C[7m3[27m6+R33 x2[39m
[31m+ R51 49[7m477[27m.5 <- C6+R33 x2[39m
[32m- R52 13857.5 <- [7mE33[27m+E34 x2[39m
[31m+ R52 13857.5 <- [7mC6[27m+E34 x2[39m
[2m  R53 31585.0 <- C11+R50 x1[22m
[32m- R54 [7m3[27m28[7m63[27m.0 <- R6+R9 x2 reptile[39m
[31m+ R54 28[7m212[27m.0 <- R6+R9 x2 reptile[39m
[2m  R55 74832.5 <- C11+R52 x1[22m
[2m  R56 15152.0 <- direct[22m
[32m- R57 [7m71271[27m.0 <- C11+R54 x1 reptile[39m
[31m+ R57 [7m61969[27m.0 <- C11+R54 x1 reptile[39m
[32m- R58 [7m93860.0[27m <- [7mC24[27m+R6 x2[39m
[31m+ R58 [7m47722.5[27m <- [7mR10[27m+R6[7m7[27m x2[39m
[2m  R59 13889.0 <- direct[22m
[2m  R6 1020.00 <- direct[22m
[32m- R60 3[7m6[27m190[7m0[27m <- C11+R57 x1[39m
[31m+ R60 31[7m53[27m90 <- C11+R57 x1[39m
[2m  R61 971346 <- R59+L4 x1 reptile[22m
[32m- R62 [7m971346 <- R59+L4 x1 reptile[27m[39m
[32m- R63 54484.0 <- direct[39m
[32m- R64 333333 <- direct[39m
[32m- [7mR65 22000.0[27m <- [7mC8[27m+R10 x2[39m
[31m+ R62 [7m41667.0 <- direct[27m[39m
[31m+ R63 54484.0 <- direct[39m
[31m+ R64 244158 <- C11+R58 x1[39m
[31m+ [7mR65 28277.5[27m <- [7mU49[27m+R10 x2[39m
[32m- R66 [7m277965 <- C11+R63 x1[27m[39m
[32m- R67 1.01190e+6 <- R65+L4 x1 reptile[39m
[32m- R68 74990.0 <- C11+R59 x1[39m
[32m- R69 1.27685e+6 <- R68+L4 x1 reptile[39m
[31m+ R66 [7m83333.0 <- direct[27m[39m
[31m+ R67 16667.0 <- direct[39m
[31m+ R68 74990.0 <- C11+R59 x1[39m
[31m+ R69 55556.0 <- direct[39m
[32m- R7 2[7m168[27m5.0 <- C11+R1 x1[39m
[31m+ R7 2[7m353[27m5.0 <- C11+R1 x1[39m
[32m- R70 1[7m.27685e+6 <- R68+L[27m4 x[7m1[27m reptile[39m
[31m+ R70 1[7m32880 <- U79+R5[27m4 x[7m2[27m reptile[39m
[32m- R7[7m1 1.27685e+6 <- R68+L4 x1 reptile[27m[39m
[32m- R72 6.38980e+6 <- C11+R71 x1[39m
[32m- R73 6.38980e+6 <- C11+R70 x1[39m
[32m- R74 380495 <- C11+R68 x1[39m
[32m- R75 2.80438e+6 <- R74+L4 x1 reptile[39m
[32m- R76 2.80438e+6 <- R74+L4 x1 reptile[39m
[31m+ R7[7m2 27778.0 <- direct[27m[39m
[31m+ R73 83333.0 <- direct[39m
[31m+ R74 10417.0 <- direct[39m
[31m+ R75 22222.0 <- direct[39m
[31m+ R76 41667.0 <- direct[39m
[32m- R77 1[7m.[27m90[7m802e+6 <- C11+R74 x1[27m[39m
[32m- R78 6.51065e+6 <- R75+L4 x1 reptile[39m
[31m+ R77 190[7m48.0 <- direct[27m[39m
[31m+ R78 66667.0 <- direct[39m
[32m- R79 1[7m.[27m04[7m420e+7 <- R77+L4 x1 reptile[27m[39m
[31m+ R79 1[7m9[27m04[7m8.0 <- direct[27m[39m
[32m- R8 [7m210[27m85.[7m0[27m <- C35+U20 x2 reptile[39m
[31m+ R8 [7m139[27m85.[7m5[27m <- C35+U20 x2 reptile[39m
[32m- R80 [7m9.54565e+6 <- C11+R77 x1[27m[39m
[32m- R81 5.61430e+6 <- C11+R75 x1 reptile[39m
[32m- R82 2.89734e+7 <- R81+L4 x1 reptile[39m
[32m- R83 2.89734e+7 <- R81+L4 x1 reptile[39m
[32m- R84 2.80770e+7 <- C11+R81 x1[39m
[32m- R85 1.41287e+8 <- R84+L4 x1 reptile[39m
[32m- [7mR86 1.41287e+8[27m <- R8[7m4[27m+L4 x1 reptile[39m
[31m+ R80 [7m13889.0 <- direct[27m[39m
[31m+ R81 49989.0 <- C11+R75 x1 reptile[39m
[31m+ R82 16667.0 <- direct[39m
[31m+ R83 10000.0 <- direct[39m
[31m+ R84 255490 <- C11+R81 x1[39m
[31m+ R85 10000.0 <- direct[39m
[31m+ R86 33333.0 <- direct[39m
[31m+ [7mR87 951901[27m <- R8[7m5[27m+L4 x1 reptile[39m
[32m- R8[7m6-1 Infinity <- direct[27m[39m
[32m- R88 7.06441e+8 <- C11+R85 x1[39m
[32m- R89 7.06441e+8 <- C11+R86 x1[39m
[31m+ R8[7m8 10000.0 <- direct[27m[39m
[31m+ R89 10000.0 <- direct[39m
[32m- R9 2[7m9813[27m.0 <- U21+R6 x2 reptile[39m
[31m+ R9 2[7m5162[27m.0 <- U21+R6 x2 reptile[39m
[32m- R91 [7m3.53221e+9[27m <- C11+R8[7m8[27m x1[39m
[31m+ R91 [7m55545.0 <- C11+R88 x1[27m[39m
[31m+ [7mR92 55545.0[27m <- C11+R8[7m9[27m x1[39m
[32m- R94 1.[7m76619e+10[27m <- R91+L4 x1 reptile[39m
[31m+ R94 1.[7m17963e+6[27m <- R91+L4 x1 reptile[39m
[32m- R95 [7m3.53221e+9 <- C11+R89 x1[27m[39m
[32m- [7mR97 1.76611e+10 <- C11+R91[27m x[7m1[27m[39m
[31m+ R95 [7m16667.0 <- direct[27m[39m
[31m+ R97 10000.0 <- direct[39m
[31m+ [7mU1 17865.0 <- U43+R6[27m x[7m2[27m[39m
[32m- U1[7m 24012.5 <- U40+R6[27m x[7m2[27m[39m
[31m+ U1[7m0 41275.0 <- C11+U1[27m x[7m1[27m[39m
[32m- U10[7m 1234[27m6.0 <- direct[39m
[31m+ U10[7m0 2057[27m6.0 <- direct[39m
[32m- U10[7m0 6.22172e+8 <- C11+U97 x1[27m[39m
[32m- [7mU103 3.11087[27me+[7m9[27m <- [7mC11+U100 x1[27m[39m
[31m+ U10[7m3 20576.0 <- direct[27m[39m
[31m+ [7mU106 1.00478[27me+[7m6[27m <- [7mU103+L4 x1 reptile[27m[39m
[2m  U11 5556.00 <- direct[22m
[2m  U12 1488.00 <- direct[22m
[31m+ U14 2899.00 <- direct[39m
[2m  U15 1462.00 <- direct[22m
[32m- U16 [7m1[27m66667 <- direct[39m
[31m+ U16 66667[7m.0[27m <- direct[39m
[32m- U17 [7m16657[27m.0 <- C11+U1[7m1[27m x1[39m
[31m+ U17 [7m20040[27m.0 <- C11+U1[7m4[27m x1[39m
[32m- U17-1 Infinity <- direct[39m
[2m  U18 1366.00 <- direct[22m
[32m- U19 [7m67275[27m.0 <- [7mC11+U10 x1[27m[39m
[31m+ U19 [7m20576[27m.0 <- [7mdirect[27m[39m
[2m  U2 5430.00 <- U20+R6 x2[22m
[2m  U20 952.000 <- direct[22m
[32m- U21 2[7m6763[27m.0 <- U9+R6 x2 reptile[39m
[31m+ U21 2[7m2112[27m.0 <- U9+R6 x2 reptile[39m
[32m- U22 [7m341920 <- C11+U19 x1[27m[39m
[31m+ U22 [7m20576.0 <- direct[27m[39m
[2m  U23 5556.00 <- direct[22m
[2m  U24 12375.0 <- C11+U18 x1[22m
[2m  U25 7576.00 <- direct[22m
[2m  U26 16657.0 <- C11+U23 x1[22m
[2m  U27 5376.00 <- direct[22m
[33m@@ -265,57 +266,56 @@[39m
[2m  U3 6465.00 <- U18+R6 x2[22m
[2m  U30 2083.00 <- direct[22m
[2m  U31 7576.00 <- direct[22m
[2m  U32 3472.00 <- direct[22m
[2m  U33 1754.00 <- direct[22m
[32m- U34 [7m9369[27m0.0 <- [7mC24+U20[27m x2[39m
[31m+ U34 [7m2788[27m0.0 <- [7mU20+U46[27m x2[39m
[2m  U36 1773.00 <- direct[22m
[2m  U38 1667.00 <- direct[22m
[32m- U39 [7m916[27m6.00 <- [7mC9+[27mU11 x2[39m
[31m+ U39 [7m860[27m6.00 <- U11[7m+R6[27m x2[39m
[2m  U4 333333 <- direct[22m
[32m- U40 [7m8385[27m.00 <- C36+R10 x2[39m
[31m+ U40 [7m9310[27m.00 <- C36+R10 x2[39m
[32m- U41 1[7m3880[27m.0 <- [7mC11+U38 x1[27m[39m
[31m+ U41 1[7m001[27m.0[7m0[27m <- [7mdirect[27m[39m
[32m- U42 1[7m4410[27m.0 <- [7mC11+U36 x1[27m[39m
[31m+ U42 1[7m3889[27m.0 <- [7mdirect[27m[39m
[32m- U43 [7m4342[27m5.0 <- [7mC11+U31 x1[27m[39m
[32m- [7mU44 74945[27m.0 <- C11+U41 x1[39m
[31m+ U43 [7m1481[27m5.0 <- [7mdirect[27m[39m
[31m+ [7mU44 10550[27m.0 <- C11+U41 x1[39m
[32m- U45 [7m77595[27m.0 <- [7mC11+U42 x1[27m[39m
[32m- U46 92395.0 <- C11+U43 x1[39m
[32m- [7mU47 1.27663e+6[27m <- U4[7m4[27m+L4 x1 reptile[39m
[31m+ U45 [7m12500[27m.0 <- [7mdirect[27m[39m
[31m+ U46 10000.0 <- direct[39m
[31m+ [7mU47 951901[27m <- U4[7m6[27m+L4 x1 reptile[39m
[32m- U48 [7m393520 <- C11+U45 x1[27m[39m
[32m- U49 467520 <- C11+U46 x1[39m
[31m+ U48 [7m26667.0 <- direct[27m[39m
[31m+ U49 8889.00 <- direct[39m
[2m  U5 7402.50 <- C11+C27 x2[22m
[32m- U50 [7m38027[27m0 <- C11+U44 x1[39m
[31m+ U50 [7m58295.[27m0 <- C11+U44 x1[39m
[32m- U51 [7m1.66244e+6 <- U50+L4 x1 reptile[27m[39m
[32m- U52 1.66244e+6 <- U50+L4 x1 reptile[39m
[32m- U53 766085 <- C11+U50 x1 reptile[39m
[32m- U54 3.83597e+6 <- C11+U53 x1[39m
[32m- U55 4.73233e+6 <- U53+L4 x1 reptile[39m
[32m- U56 4.73233e+6 <- U53+L4 x1 reptile[39m
[32m- U57 2.00818e+7 <- U54+L4 x1 reptile[39m
[32m- U58 2.43535e+6 <- C40+E27 x2[39m
[32m- U58-1 2.36672e+7 <- C11+U55 x1[39m
[32m- U59 1.30787e+7 <- U58+L4 x1 reptile[39m
[31m+ U51 [7m25000.0 <- direct[27m[39m
[31m+ U52 23810.0 <- direct[39m
[31m+ U53 10417.0 <- direct[39m
[31m+ U55 10000.0 <- direct[39m
[31m+ U56 8333.00 <- direct[39m
[31m+ U57 333333 <- direct[39m
[31m+ U58 14286.0 <- direct[39m
[31m+ U59 3682.00 <- direct[39m
[32m- U6 5990.00 <- [7mR[27m6+[7mE33[27m x2[39m
[31m+ U6 5990.00 <- [7mC[27m6+[7mR6[27m x2[39m
[32m- U60 [7m8.31775e+6[27m <- C11+U[7m51[27m x1[39m
[31m+ U60 [7m14410.0[27m <- C11+U[7m36[27m x1[39m
[32m- U61 1[7m.21823e+7 <- C11+U58 x1[27m[39m
[32m- U61-1 Infinity <- direct[39m
[32m- U62 2.61629e+7 <- C11+U59 x1 reptile[39m
[32m- U63 4.15943e+7 <- C11+U60 x1[39m
[32m- U64 6.18134e+7 <- U61+L4 x1 reptile[39m
[32m- U64-1 6.09171e+7 <- C11+U61 x1[39m
[32m- [7mU65 18438[27m.0 <- C[7m20+U39[27m x[7m2[27m[39m
[31m+ U61 1[7m6667.0 <- direct[27m[39m
[31m+ U62 1250.00 <- direct[39m
[31m+ U63 77595.0 <- C11+U60 x1[39m
[31m+ U64 33333.0 <- direct[39m
[31m+ U65 5556.00 <- direct[39m
[31m+ [7mU67 35175[27m.0 <- C[7m11+U43[27m x[7m1[27m[39m
[32m- U6[7m6 994091 <- U65+L4 x1 reptile[27m[39m
[32m- U67 994091 <- U65+L4 x1 reptile[39m
[32m- U68 97735.0 <- C11+U65 x1[39m
[32m- U69 1.39058e+6 <- U68+L4 x1 reptile[39m
[31m+ U6[7m8 1250.00 <- direct[27m[39m
[31m+ U69 41667.0 <- direct[39m
[32m- U7 18320.0 <- C[7m10+E33[27m x2[39m
[31m+ U7 18320.0 <- C[7m6+C10[27m x2[39m
[32m- U70 [7m1.39058e+6[27m <- U68+L4 x1 reptile[39m
[31m+ U70 [7m908151[27m <- U68+L4 x1 reptile[39m
[32m- U7[7m2 6.95843e+6 <- C11+U69 x1[27m[39m
[32m- U75 3.47977e+7 <- C11+U72 x1[39m
[32m- U76 1.74890e+8 <- U75+L4 x1 reptile[39m
[32m- U78 1.73994e+8 <- C11+U75 x1[39m
[32m- U8 20977.5 <- C11+C35 x2 reptile[39m
[32m- [7mU85 Infinity[27m <- direct[39m
[31m+ U7[7m1 5556.00 <- direct[27m[39m
[31m+ U72 41667.0 <- direct[39m
[31m+ U75 41667.0 <- direct[39m
[31m+ U76 66667.0 <- direct[39m
[31m+ U78 213880 <- C11+U75 x1[39m
[31m+ U79 41667.0 <- direct[39m
[31m+ U8 13878.0 <- C11+C35 x2 reptile[39m
[31m+ U82 333333 <- direct[39m
[31m+ U85 333333 <- direct[39m
[31m+ [7mU88 50000.0[27m <- direct[39m
[32m- U9 [7m23713[27m.0 <- C10+[7mE26[27m x2 reptile[39m
[31m+ U9 [7m19062[27m.0 <- C10+[7mU59[27m x2 reptile[39m
[32m- U91 [7m4.97600e+6 <- C11+U67 x1[27m[39m
[32m- U94 2.48855e+7 <- C11+U91 x1[39m
[32m- [7mU97 1.24433e+8 <- C11+U94 x1[27m"[39m
[31m+ U91 [7m20576.0 <- direct[27m[39m
[31m+ U94 20576.0 <- direct[39m
[31m+ [7mU97 20576.0 <- direct[27m"[39m

[36m [2m❯[22m src/services/calculationService.test.ts:[2m56:69[22m[39m
    [90m 54| [39m      [35mconst[39m { minCosts[33m,[39m choices } [33m=[39m svc[33m.[39m[34mcomputeMinCosts[39m(data[33m,[39m params)[33m;[39m
    [90m 55| [39m
    [90m 56| [39m      [34mexpect[39m([34msummarizeMinCosts[39m(data[33m,[39m minCosts[33m,[39m choices)[33m.[39m[34mjoin[39m([32m"\n"[39m))[33m.[39m[34mtoMatchSnapshot[39m()[33m;[39m
    [90m   | [39m                                                                    [31m^[39m
    [90m 57| [39m    })[33m;[39m
    [90m 58| [39m

[31m[2m⎯⎯⎯⎯⎯⎯⎯⎯⎯⎯⎯⎯⎯⎯⎯⎯⎯⎯⎯⎯⎯⎯⎯⎯⎯⎯⎯⎯⎯⎯⎯⎯⎯⎯⎯⎯⎯⎯⎯⎯⎯⎯⎯⎯⎯⎯⎯⎯⎯⎯⎯⎯⎯⎯⎯⎯⎯⎯⎯⎯⎯⎯⎯⎯⎯⎯⎯⎯⎯⎯⎯⎯⎯⎯⎯⎯⎯⎯⎯⎯⎯⎯⎯⎯⎯⎯⎯⎯⎯⎯⎯⎯⎯⎯⎯⎯⎯⎯⎯⎯⎯⎯⎯⎯⎯⎯⎯⎯⎯[3/15]⎯[22m[39m

[41m[1m FAIL [22m[49m src/services/calculationService.test.ts[2m > [22mcomputeMinCosts[2m > [22mpins the cost of every shard — kuudraAndBait
[31m[1mError[22m: Snapshot `computeMinCosts > pins the cost of every shard — kuudraAndBait 1` mismatched[39m

[32m- Expected[39m
[31m+ Received[39m

[33m@@ -1,262 +1,263 @@[39m
[32m- "C1 0.01[7m39550[27m <- C[7m4[27m+U20 x2[39m
[31m+ "C1 0.01[7m10615[27m <- C[7m61[27m+U20 x2[39m
[2m  C10 0.00595238 <- direct[22m
[2m  C11 0.000909091 <- direct[22m
[2m  C12 0.00143678 <- direct[22m
[32m- C13 0.0[7m343074 <- C10+C11 x1[27m[39m
[31m+ C13 0.0[7m205761 <- direct[27m[39m
[2m  C14 0.00909091 <- C11+C11 x1[22m
[2m  C15 0.00151515 <- direct[22m
[2m  C16 0.0171537 <- C10+C11 x2[22m
[2m  C17 0.00370370 <- direct[22m
[2m  C18 0.0121212 <- C11+C15 x1[22m
[32m- C19 0.[7m1[27m66667 <- direct[39m
[31m+ C19 0.[7m0[27m6666[7m6[27m7 <- direct[39m
[2m  C2 0.00465368 <- C11+U20 x2[22m
[2m  C20 0.00877193 <- direct[22m
[2m  C21 0.00151515 <- direct[22m
[32m- C22 [7mInfinity[27m <- direct[39m
[31m+ C22 [7m10.3334[27m <- direct[39m
[32m- C23 0.00[7m617284[27m <- direct[39m
[31m+ C23 0.00[7m833333[27m <- direct[39m
[32m- C24 0.0[7m363240[27m <- direct[39m
[31m+ C24 0.0[7m260417[27m <- direct[39m
[2m  C25 0.0500000 <- direct[22m
[2m  C26 0.00100000 <- direct[22m
[2m  C27 0.00185185 <- direct[22m
[32m- C28 0.[7m254545 <- C11+C25 x1[27m[39m
[31m+ C28 0.[7m0205761 <- direct[27m[39m
[2m  C29 0.00185185 <- direct[22m
[32m- C3 0.005[7m49041[27m <- C[7m9[27m+U20 x2[39m
[31m+ C3 0.005[7m32213[27m <- C[7m6[27m+U20 x2[39m
[2m  C30 0.00133333 <- direct[22m
[32m- C31 [7m1.27727[27m <- C11+C28 x1[39m
[31m+ C31 [7m0.107426[27m <- C11+C28 x1[39m
[32m- C32 0.0[7m138047 <- C11+C29 x1[27m[39m
[31m+ C32 0.0[7m0341006 <- direct[27m[39m
[2m  C33 0.00333333 <- direct[22m
[32m- C34 0.0[7m930828[27m <- C11+[7mC24[27m x2[39m
[31m+ C34 0.0[7m272727[27m <- C11+[7mU46[27m x2[39m
[32m- C35 0.01[7m77048[27m <- C11+C23 x2[39m
[31m+ C35 0.01[7m06061[27m <- C11+C23 x2[39m
[2m  C36 0.00130208 <- direct[22m
[32m- C37 0.[7m469959 <- C11+C34 x1[27m[39m
[32m- C38 0.0399551 <- C11+C35 x1 reptile[39m
[31m+ C37 0.[7m00641026 <- direct[27m[39m
[31m+ C38 0.00454545 <- direct[39m
[2m  C39 0.0110559 <- C11+C36 x1[22m
[2m  C4 0.00462963 <- direct[22m
[32m- C40 [7m2.35434 <- C11+C37 x1[27m[39m
[32m- C41 0.204321 <- C11+C38 x1[39m
[32m- C42 0.0598248 <- C11+C39 x1[39m
[32m- C43 11.7763 <- C11+C40 x1[39m
[31m+ C40 [7m0.0212630 <- direct[27m[39m
[31m+ C41 0.00714286 <- direct[39m
[31m+ C42 0.0102564 <- direct[39m
[31m+ C43 0.00595238 <- direct[39m
[32m- C44 [7m1[27m.0[7m2615 <- C11+C41 x1[27m[39m
[32m- C45 0.303670 <- C11+C42 x1[39m
[32m- C46 58.8858 <- C11+C43 x1[39m
[32m- C47 5.13530 <- C11+C44 x1[39m
[32m- C49 294.434 <- C11+C46 x1[39m
[32m- C5 0.000952381 <- direct[39m
[32m- C52 1472.17 <- C11+C49 x1[39m
[32m- C55 7360.87 <- C11+C52 x1[39m
[32m- C56 25.6810 <- C11+C47 x1[39m
[32m- C58 36804.3 <- C11+C55 x1[39m
[32m- C6 0.0276936 <- C4+C11 x1[39m
[32m- [7mC61 1840[27m22 <- [7mC11+C58 x1[27m[39m
[32m- [7mC64 920109[27m <- C11+C61 x1[39m
[31m+ C44 [7m0[27m.0[7m0166667 <- direct[27m[39m
[31m+ C45 0.0558275 <- C11+C42 x1[39m
[31m+ C46 0.0125000 <- direct[39m
[31m+ C47 0.00289855 <- direct[39m
[31m+ C49 0.0104167 <- direct[39m
[31m+ C5 0.000952381 <- direct[39m
[31m+ C52 0.00833333 <- direct[39m
[31m+ C55 0.00833333 <- direct[39m
[31m+ C56 0.00125000 <- direct[39m
[31m+ C58 0.0384615 <- direct[39m
[31m+ C6 0.00117647 <- direct[39m
[31m+ [7mC61 0.00347[27m22[7m2[27m <- [7mdirect[27m[39m
[31m+ [7mC64 0.0219066[27m <- C11+C61 x1[39m
[32m- C67 [7m4.60054e+6[27m <- C11+C64 x1[39m
[31m+ C67 [7m0.114078[27m <- C11+C64 x1[39m
[2m  C7 0.00925926 <- direct[22m
[32m- C8 0.00[7m674764 <- direct[27m[39m
[31m+ C8 0.00[7m930736 <- C11+C5 x1[27m[39m
[2m  C9 0.00124378 <- direct[22m
[2m  E1 0.0163690 <- E34+L27 x2[22m
[32m- E10 4.76[7m653[27m <- R10+R61 x2 reptile[39m
[31m+ E10 4.76[7m746[27m <- R10+R61 x2 reptile[39m
[2m  E11 0.0389205 <- R53+E26 x2 reptile[22m
[2m  E12 0.0223326 <- C11+E3 x1[22m
[32m- E13 [7mInfinity[27m <- direct[39m
[31m+ E13 [7m0.0205761[27m <- direct[39m
[2m  E14 0.0196078 <- direct[22m
[2m  E15 0.116208 <- C11+E12 x1[22m
[32m- E16 0.[7m0550245 <- R22+E33[27m x2[39m
[31m+ E16 0.[7m130981 <- R34+E18[27m x2[39m
[2m  E17 0.0437611 <- C11+E14 x1[22m
[2m  E18 0.00222222 <- direct[22m
[2m  E19 0.0145153 <- C4+E33 x2[22m
[2m  E2 0.0142857 <- E26+L27 x2 reptile[22m
[2m  E20 0.121655 <- direct[22m
[2m  E21 0.0156566 <- C11+E18 x1[22m
[32m- E22 4.77[7m116[27m <- R10+E10 x2 reptile[39m
[31m+ E22 4.77[7m302[27m <- R10+E10 x2 reptile[39m
[32m- E23 0.[7m338805 <- R11+E47[27m x2[39m
[31m+ E23 0.[7m0510417 <- R74+R83[27m x2[39m
[2m  E24 0.0828283 <- C11+E21 x1[22m
[32m- E25 [7mInfinity[27m <- direct[39m
[31m+ E25 [7m8.00000[27m <- direct[39m
[2m  E26 0.00833333 <- direct[22m
[2m  E27 0.0117647 <- direct[22m
[32m- E28 [7m0.0937512 <- C24+E33 x2[27m[39m
[32m- [7mE29 0.0104167[27m <- direct[39m
[31m+ E28 [7mInfinity[27m <- direct[39m
[2m  E3 0.00889356 <- E33+L27 x2[22m
[2m  E30 0.0689245 <- R6+E6 x2 reptile[22m
[32m- E31 0.[7m843120 <- C30+U22 x2[27m[39m
[31m+ E31 0.[7m0205761 <- direct[27m[39m
[2m  E32 0.0472538 <- E11+E26 x2 reptile[22m
[2m  E33 0.00117647 <- direct[22m
[2m  E34 0.00416667 <- direct[22m
[2m  E35 0.0166667 <- E26+E26 x2 reptile[22m
[2m  E36 0.00588235 <- E33+E33 x2[22m
[32m- E37 [7m2.27350 <- R57+E31 x2[27m[39m
[31m+ E37 [7m0.0205761 <- direct[27m[39m
[2m  E39 0.0104278 <- C11+E33 x1[22m
[2m  E4 0.0214904 <- U25+R6 x2[22m
[32m- E40 0.0253788 <- C11+E34 x1[39m
[2m  E42 0.0566845 <- C11+E39 x1[22m
[32m- E43 0.[7m131439 <- C11+E40 x1[27m[39m
[31m+ E43 0.[7m0125000 <- direct[27m[39m
[2m  E44 0.0212121 <- C11+E26 x1 reptile[22m
[32m- E45 0.[7m287968 <- C11+E42 x1[27m[39m
[32m- [7mE45-1 Infinity[27m <- direct[39m
[31m+ E45 0.[7m0277778[27m <- direct[39m
[32m- E46 [7mInfinity[27m <- direct[39m
[31m+ E46 [7m124.000[27m <- direct[39m
[2m  E47 0.110606 <- C11+E44 x1[22m
[32m- E4[7m9 Infinity[27m <- direct[39m
[31m+ E4[7m8 0.0104167 <- direct[27m[39m
[31m+ [7mE49 1.00251[27m <- direct[39m
[32m- E5 0.02[7m60382[27m <- [7mC35[27m+E26 x2 reptile[39m
[31m+ E5 0.02[7m12121[27m <- [7mU8[27m+E26 x2 reptile[39m
[32m- E51 [7mInfinity[27m <- direct[39m
[31m+ E51 [7m0.0416667[27m <- direct[39m
[32m- E52 [7mInfinity[27m <- direct[39m
[31m+ E52 [7m0.166667[27m <- direct[39m
[32m- E54 [7m1.44439 <- C11+E45 x1[27m[39m
[32m- E58 0.661742 <- C11+E43 x1[39m
[31m+ E54 [7m0.0416667 <- direct[27m[39m
[31m+ E57 0.0583431 <- direct[39m
[31m+ E58 0.00694444 <- direct[39m
[2m  E6 0.0663735 <- R6+R45 x2 reptile[22m
[32m- E60 [7m7.22647 <- C11+E54 x1[27m[39m
[31m+ E60 [7m0.0290360 <- direct[27m[39m
[32m- E63 [7m7[27m.0[7m7658[27m <- R77+L27 x2[39m
[31m+ E63 [7m0[27m.0[7m535714[27m <- R77+L27 x2[39m
[32m- E7 0.01[7m94444[27m <- R10+R4[7m6[27m x2[39m
[31m+ E66 0.125000 <- direct[39m
[31m+ E7 0.01[7m66667[27m <- R10+R4[7m7[27m x2[39m
[2m  E8 0.0331169 <- C11+E2 x1[22m
[32m- E9 0.0[7m334184[27m <- R6+R54 x2 reptile[39m
[31m+ E9 0.0[7m287669[27m <- R6+R54 x2 reptile[39m
[2m  L1 0.0609769 <- E3+L28 x2[22m
[32m- L10 [7mInfinity <- direct[27m[39m
[31m+ L10 [7m310.007 <- E46+L27 x2[27m[39m
[2m  L11 0.0555871 <- E26+E32 x2 reptile[22m
[32m- L12 0.0[7m170924[27m <- R15+[7mE33[27m x2[39m
[31m+ L12 0.0[7m201036[27m <- R15+[7mL27[27m x2[39m
[32m- L13 [7mInfinity <- direct[27m[39m
[31m+ L13 [7m0.102881 <- E13+E37 x2[27m[39m
[2m  L14 0.00490196 <- direct[22m
[2m  L15 0.0541881 <- direct[22m
[2m  L17 0.0290553 <- C11+L14 x1[22m
[2m  L18 0.270941 <- L15+L15 x2[22m
[2m  L2 0.0211485 <- E3+L14 x2[22m
[2m  L20 0.137743 <- C11+L15 x2[22m
[32m- L21 0.[7m275486 <- C11+L15 x1[27m[39m
[32m- L22 0.126499 <- C11+L1 x1[39m
[32m- L23 0.0892857 <- direct[39m
[32m- L24 0.226280 <- C24+L15 x2[39m
[32m- L25 0.143514 <- E16+L27 x2[39m
[31m+ L21 0.[7m0666667 <- direct[27m[39m
[31m+ L22 0.400000 <- direct[39m
[31m+ L23 0.0892857 <- direct[39m
[31m+ L24 Infinity <- direct[39m
[31m+ L25 Infinity <- direct[39m
[2m  L26 0.450974 <- C11+L23 x1[22m
[2m  L27 0.00238095 <- direct[22m
[2m  L28 0.0208333 <- direct[22m
[2m  L29 0.0333333 <- E26+L8 x2 reptile[22m
[2m  L3 0.0148459 <- E3+L27 x2[22m
[2m  L30 0.0164502 <- C11+L27 x1[22m
[32m- L31 [7m0.0967624 <- C24+L27 x2[27m[39m
[31m+ L31 [7mInfinity <- direct[27m[39m
[2m  L32 0.226548 <- C30+L23 x2[22m
[2m  L33 0.0433983 <- C11+L30 x2[22m
[32m- L34 [7m0.247858 <- L27+L31 x2[27m[39m
[32m- L35 Infinity <- direct[39m
[31m+ L34 [7mInfinity <- direct[27m[39m
[31m+ L35 2.61043 <- U79+E49 x2[39m
[2m  L36 0.176596 <- L15+L30 x2[22m
[32m- L38 [7m1.05408[27m <- [7mE23[27m+E2[7m4[27m x2[39m
[31m+ L38 [7m0.152604[27m <- [7mR85[27m+E2[7m3[27m x2[39m
[2m  L39 0.243966 <- L15+L33 x2[22m
[2m  L4 Infinity <- direct[22m
[32m- L40 0.[7m108712 <- C11+L28 x1[27m[39m
[31m+ L40 0.[7m0490196 <- direct[27m[39m
[2m  L41 1.13274 <- L32+L32 x2[22m
[2m  L42 1.05140 <- L36+L39 x2[22m
[32m- L44 2.8[7m529[27m9 <- L[7m2[27m+L41 x2[39m
[31m+ L44 2.8[7m466[27m9 <- L[7m3[27m+L41 x2[39m
[32m- L45 [7mInfinity[27m <- direct[39m
[31m+ L45 [7m1.17936[27m <- direct[39m
[32m- L46 [7mInfinity[27m <- direct[39m
[31m+ L46 [7m0.0666667[27m <- direct[39m
[2m  L47 0.0712121 <- C11+L29 x1 reptile[22m
[32m- L49 0.[7m548106 <- C11+L40 x1[27m[39m
[31m+ L49 0.[7m100000 <- direct[27m[39m
[2m  L5 0.0468424 <- C11+L2 x1[22m
[32m- L54 [7m0.0867965 <- C11+L30 x1[27m[39m
[32m- L57 0.438528 <- C11+L54 x1[39m
[31m+ L54 [7m1.11111 <- direct[27m[39m
[31m+ L57 5.68751 <- direct[39m
[2m  L6 0.0718657 <- E30+E33 x2 reptile[22m
[32m- L60 [7m2[27m.1[7m9719 <- C11+L57 x1[27m[39m
[31m+ L60 [7m0[27m.1[7m16667 <- direct[27m[39m
[32m- L7 4.78[7m158[27m <- E22+E34 x2 reptile[39m
[31m+ L7 4.78[7m343[27m <- E22+E34 x2 reptile[39m
[2m  L8 0.0250000 <- E26+E35 x2 reptile[22m
[2m  L9 0.0342373 <- C11+L3 x1[22m
[32m- R1 0.00[7m757081[27m <- R10+E33 x2[39m
[31m+ R1 0.00[7m849673[27m <- R10+E33 x2[39m
[32m- R10 0.00[7m185185[27m <- direct[39m
[31m+ R10 0.00[7m222222[27m <- direct[39m
[32m- R11 0.0[7m249158 <- C11+R5 x1[27m[39m
[31m+ R11 0.0[7m125000 <- direct[27m[39m
[32m- R13 0.[7m854746[27m <- C10+R60 x2[39m
[31m+ R13 0.[7m738460[27m <- C10+R60 x2[39m
[2m  R15 0.00566047 <- C9+R6 x2[22m
[32m- R16 0.01[7m38047[27m <- C11+R10 x1[39m
[31m+ R16 0.01[7m56566[27m <- C11+R10 x1[39m
[2m  R18 0.00208333 <- direct[22m
[32m- R19 [7mInfinity[27m <- direct[39m
[31m+ R19 [7m0.185185[27m <- direct[39m
[32m- R2 0.01[7m31264[27m <- R5+E33 x2[39m
[31m+ R2 0.01[7m40523[27m <- R5+E33 x2[39m
[2m  R21 0.00222222 <- direct[22m
[2m  R22 0.0208333 <- C10+L27 x2[22m
[32m- R23 0.[7m12912[27m5 <- C11+R11 x1[39m
[31m+ R23 0.[7m067045[27m5 <- C11+R11 x1[39m
[2m  R24 0.0156566 <- C11+R21 x1[22m
[2m  R25 0.166667 <- direct[22m
[32m- R26 0.[7m650168 <- C11+R23 x1[27m[39m
[31m+ R26 0.[7m161374 <- direct[27m[39m
[2m  R27 0.0828283 <- C11+R24 x1[22m
[2m  R29 0.277778 <- direct[22m
[2m  R3 0.00549220 <- R6+E33 x2[22m
[2m  R30 0.0167022 <- R6+R15 x2[22m
[2m  R31 0.00416667 <- direct[22m
[2m  R32 0.0500000 <- direct[22m
[32m- R33 0.0166717 <- [7mU6+E33[27m x2[39m
[31m+ R33 0.0166717 <- [7mC6+U6[27m x2[39m
[32m- R34 0.05[7m46344[27m <- R6+R[7m22[27m x2[39m
[31m+ R34 0.05[7m01701[27m <- R6+R[7m79[27m x2[39m
[2m  R35 0.254545 <- C11+R32 x1[22m
[2m  R36 0.00189394 <- direct[22m
[32m- R37 [7mInfinity[27m <- direct[39m
[31m+ R37 [7m0.333333[27m <- direct[39m
[2m  R38 0.0214500 <- direct[22m
[2m  R39 0.00146199 <- direct[22m
[2m  R4 0.0213203 <- U20+U25 x2[22m
[32m- R40 [7mInfinity[27m <- direct[39m
[31m+ R40 [7m4.00000[27m <- direct[39m
[2m  R42 0.0118554 <- C11+R39 x1[22m
[32m- R43 [7mInfinity <- direct[27m[39m
[31m+ R43 [7m0.0275825 <- U40+R10 x2[27m[39m
[2m  R44 0.00476190 <- direct[22m
[2m  R45 0.0638224 <- C11+R42 x1[22m
[32m- R46 0.[7m0148148 <- R5+R10 x2[27m[39m
[32m- [7mR48 18402.9 <- C45+C55[27m x2[39m
[31m+ R46 0.[7m160402 <- C45+C55 x2[27m[39m
[31m+ [7mR47 0.0111111 <- U11+R10[27m x2[39m
[2m  R49 0.0141251 <- C4+R6 x2[22m
[32m- R5 0.01[7m01852[27m <- U11+R10 x2[39m
[31m+ R5 0.01[7m11111[27m <- U11+R10 x2[39m
[2m  R50 0.00520833 <- direct[22m
[32m- R51 0.044[7m9344[27m <- C[7m3[27m6+R33 x2[39m
[31m+ R51 0.044[7m6203[27m <- C6+R33 x2[39m
[32m- R52 0.0133578 <- [7mE33[27m+E34 x2[39m
[31m+ R52 0.0133578 <- [7mC6[27m+E34 x2[39m
[2m  R53 0.0305871 <- C11+R50 x1[22m
[32m- R54 0.0[7m308673[27m <- R6+R9 x2 reptile[39m
[31m+ R54 0.0[7m262159[27m <- R6+R9 x2 reptile[39m
[2m  R55 0.0713347 <- C11+R52 x1[22m
[2m  R56 0.0151515 <- direct[22m
[32m- R57 0.0[7m662801[27m <- C11+R54 x1 reptile[39m
[31m+ R57 0.0[7m569773[27m <- C11+R54 x1 reptile[39m
[32m- R58 0.0[7m933610[27m <- [7mC24[27m+R6 x2[39m
[31m+ R58 0.0[7m472222[27m <- [7mR10[27m+R6[7m7[27m x2[39m
[2m  R59 0.0803030 <- C11+R56 x1[22m
[2m  R6 0.00102041 <- direct[22m
[32m- R60 0.[7m335946[27m <- C11+R57 x1[39m
[31m+ R60 0.[7m289432[27m <- C11+R57 x1[39m
[2m  R61 4.76190 <- direct[22m
[32m- R62 [7m569.369 <- U69+L26 x2[27m[39m
[31m+ R62 [7m0.0416667 <- direct[27m[39m
[2m  R63 0.0544840 <- direct[22m
[32m- R64 0.[7m333333 <- direct[27m[39m
[31m+ R64 0.[7m240657 <- C11+R58 x1[27m[39m
[32m- R65 0.02[7m14987[27m <- [7mC8[27m+R10 x2[39m
[31m+ R65 0.02[7m75825[27m <- [7mU40[27m+R10 x2[39m
[32m- R66 0.[7m276966 <- C11+R63 x1[27m[39m
[32m- R67 1.67121 <- C11+R64 x1[39m
[32m- R68 0.112039 <- C11+R65 x1[39m
[32m- R69 1.38937 <- C11+R66 x1[39m
[31m+ R66 0.[7m0833333 <- direct[27m[39m
[31m+ R67 0.0166667 <- direct[39m
[31m+ R68 0.0968992 <- direct[39m
[31m+ R69 0.0555556 <- direct[39m
[32m- R7 0.0[7m196871[27m <- C11+R1 x1[39m
[31m+ R7 0.0[7m215389[27m <- C11+R1 x1[39m
[32m- R70 [7m14.8190[27m <- U[7m58[27m+R54 x2 reptile[39m
[31m+ R70 [7m0.130383[27m <- U[7m79[27m+R54 x2 reptile[39m
[32m- R7[7m1 6.95141 <- C11+R69 x1[27m[39m
[32m- R72 34.7616 <- C11+R71 x1[39m
[32m- R73 74.0997 <- C11+R70 x1[39m
[32m- R74 0.564741 <- C11+R68 x1[39m
[32m- R75 173.813 <- C11+R72 x1[39m
[32m- R76 370.503 <- C11+R73 x1[39m
[32m- R77 2.82825 <- C11+R74 x1[39m
[32m- R78 Infinity <- direct[39m
[32m- R79 1852.52 <- C11+R76 x1[39m
[31m+ R7[7m2 0.0277778 <- direct[27m[39m
[31m+ R73 0.0833333 <- direct[39m
[31m+ R74 0.0104167 <- direct[39m
[31m+ R75 0.0222222 <- direct[39m
[31m+ R76 0.0416667 <- direct[39m
[31m+ R77 0.0190476 <- direct[39m
[31m+ R78 0.0666667 <- direct[39m
[31m+ R79 0.0190476 <- direct[39m
[32m- R8 0.0[7m200858[27m <- C35+U20 x2 reptile[39m
[31m+ R8 0.0[7m129870[27m <- C35+U20 x2 reptile[39m
[32m- R80 [7m14.1458 <- C11+R77 x1[27m[39m
[32m- [7mR81 347.630[27m <- C11+R75 x1 reptile[39m
[31m+ R80 [7m0.0138889 <- direct[27m[39m
[31m+ [7mR81 0.0489899[27m <- C11+R75 x1 reptile[39m
[32m- R82 [7m9262.60 <- C11+R79 x1[27m[39m
[31m+ R82 [7m0.0166667 <- direct[27m[39m
[32m- R83 [7m7[27m0.[7m7335 <- C11+R80 x1[27m[39m
[32m- R84 1738.15 <- C11+R81 x1[39m
[32m- R85 46313.0 <- C11+R82 x1[39m
[32m- R86 353.672 <- C11+R83 x1[39m
[32m- R86-1 Infinity <- direct[39m
[32m- R88 231565 <- C11+R85 x1[39m
[32m- R89 1768.37 <- C11+R86 x1[39m
[31m+ R83 0.[7m0100000 <- direct[27m[39m
[31m+ R84 0.249495 <- C11+R81 x1[39m
[31m+ R85 0.0100000 <- direct[39m
[31m+ R86 0.0333333 <- direct[39m
[31m+ R87 4.00000 <- direct[39m
[31m+ R88 0.0100000 <- direct[39m
[31m+ R89 0.0100000 <- direct[39m
[32m- R9 0.02[7m83163[27m <- U21+R6 x2 reptile[39m
[31m+ R9 0.02[7m36649[27m <- U21+R6 x2 reptile[39m
[32m- R91 [7m1.15783e+6[27m <- C11+R88 x1[39m
[31m+ R91 [7m0.0545455[27m <- C11+R88 x1[39m
[32m- R9[7m4 Infinity <- direct[27m[39m
[32m- R95 8841.83 <- C11+R89 x1[39m
[32m- R97 5.78913e+6 <- C11+R91 x1[39m
[31m+ R9[7m2 0.0545455 <- C11+R89 x1[27m[39m
[31m+ R94 20.6667 <- direct[39m
[31m+ R95 0.0166667 <- direct[39m
[31m+ R97 0.0100000 <- direct[39m
[32m- U1 0.0[7m222631[27m <- U4[7m0[27m+R6 x2[39m
[31m+ U1 0.0[7m173658[27m <- U4[7m3[27m+R6 x2[39m
[32m- U10 0.0[7m123457 <- direct[27m[39m
[32m- U100 462219 <- C11+U97 x1[39m
[32m- U103 2.31109e+6 <- C11+U100 x1[39m
[31m+ U10 0.0[7m392771 <- C11+U1 x1[27m[39m
[31m+ U100 0.0205761 <- direct[39m
[31m+ U103 0.0205761 <- direct[39m
[31m+ U106 13.7778 <- direct[39m
[2m  U11 0.00555556 <- direct[22m
[2m  U12 0.00148810 <- direct[22m
[31m+ U14 0.00289855 <- direct[39m
[2m  U15 0.00146199 <- direct[22m
[32m- U16 0.[7m1[27m66667 <- direct[39m
[31m+ U16 0.[7m06[27m66667 <- direct[39m
[32m- U17 0.01[7m56566[27m <- C11+U1[7m1[27m x1[39m
[31m+ U17 0.01[7m90382[27m <- C11+U1[7m4[27m x1[39m
[32m- U17-1 Infinity <- direct[39m
[2m  U18 0.00136612 <- direct[22m
[32m- U19 0.0[7m662738 <- C11+U10 x1[27m[39m
[31m+ U19 0.0[7m205761 <- direct[27m[39m
[2m  U2 0.00493197 <- U20+R6 x2[22m
[2m  U20 0.000952381 <- direct[22m
[32m- U21 0.02[7m57653[27m <- U9+R6 x2 reptile[39m
[31m+ U21 0.02[7m11139[27m <- U9+R6 x2 reptile[39m
[32m- U22 0.[7m335915 <- C11+U19 x1[27m[39m
[31m+ U22 0.[7m0205761 <- direct[27m[39m
[2m  U23 0.00555556 <- direct[22m
[2m  U24 0.0113761 <- C11+U18 x1[22m
[2m  U25 0.00757576 <- direct[22m
[2m  U26 0.0156566 <- C11+U23 x1[22m
[2m  U27 0.00537634 <- direct[22m
[33m@@ -265,57 +266,56 @@[39m
[2m  U3 0.00596632 <- U18+R6 x2[22m
[2m  U30 0.00208333 <- direct[22m
[2m  U31 0.00757576 <- direct[22m
[2m  U32 0.00347222 <- direct[22m
[2m  U33 0.00175439 <- direct[22m
[32m- U34 0.0[7m9319[27m10 <- [7mC24+U20[27m x2[39m
[31m+ U34 0.0[7m2738[27m10 <- [7mU20+U46[27m x2[39m
[2m  U36 0.00177305 <- direct[22m
[2m  U38 0.00166667 <- direct[22m
[32m- U39 0.008[7m66501 <- C9+U11[27m x2[39m
[31m+ U39 0.008[7m10658 <- U11+R6[27m x2[39m
[2m  U4 0.333333 <- direct[22m
[32m- U40 0.00[7m7[27m88[7m484[27m <- C36+R10 x2[39m
[31m+ U40 0.0088[7m1076[27m <- C36+R10 x2[39m
[32m- U41 0.0[7m128788 <- C11+U38 x1[27m[39m
[32m- U42 0.0134107 <- C11+U36 x1[39m
[32m- U43 0.0424242 <- C11+U31 x1[39m
[31m+ U41 0.0[7m0100101 <- direct[27m[39m
[31m+ U42 0.0138889 <- direct[39m
[31m+ U43 0.0148148 <- direct[39m
[32m- U44 0.0[7m689394[27m <- C11+U41 x1[39m
[31m+ U44 0.0[7m0955051[27m <- C11+U41 x1[39m
[32m- U45 0.0[7m715990 <- C11+U42 x1[27m[39m
[32m- U46 0.0893939 <- C11+U43 x1[39m
[32m- U47 Infinity <- direct[39m
[32m- U48 0.362540 <- C11+U45 x1[39m
[32m- U49 0.451515 <- C11+U46 x1[39m
[31m+ U45 0.0[7m125000 <- direct[27m[39m
[31m+ U46 0.0100000 <- direct[39m
[31m+ U47 2.40000 <- direct[39m
[31m+ U48 0.0266667 <- direct[39m
[31m+ U49 0.00888889 <- direct[39m
[2m  U5 0.00690236 <- C11+C27 x2[22m
[32m- U50 0.[7m349242[27m <- C11+U44 x1[39m
[31m+ U50 0.[7m0522980[27m <- C11+U44 x1[39m
[32m- U51 [7m1.81725 <- C11+U48 x1[27m[39m
[32m- U52 2.26212 <- C11+U49 x1[39m
[32m- U53 0.703030 <- C11+U50 x1 reptile[39m
[32m- U54 3.51970 <- C11+U53 x1[39m
[32m- U55 11.3152 <- C11+U52 x1[39m
[32m- U56 17.6030 <- C11+U54 x1[39m
[32m- U57 Infinity <- direct[39m
[32m- U58 5.91527 <- C40+E27 x2[39m
[32m- U58-1 56.5803 <- C11+U55 x1[39m
[32m- U59 88.0197 <- C11+U56 x1[39m
[31m+ U51 [7m0.0250000 <- direct[27m[39m
[31m+ U52 0.0238095 <- direct[39m
[31m+ U53 0.0104167 <- direct[39m
[31m+ U55 0.0100000 <- direct[39m
[31m+ U56 0.00833333 <- direct[39m
[31m+ U57 0.333333 <- direct[39m
[31m+ U58 0.0142857 <- direct[39m
[31m+ U59 0.00368189 <- direct[39m
[32m- U6 0.00549220 <- [7mR[27m6+[7mE33[27m x2[39m
[31m+ U6 0.00549220 <- [7mC[27m6+[7mR6[27m x2[39m
[32m- U60 [7m9[27m.0[7m9[27m07[7m8[27m <- C11+U[7m51[27m x1[39m
[31m+ U60 [7m0[27m.0[7m1341[27m07 <- C11+U[7m36[27m x1[39m
[32m- U61 [7m29.5809 <- C11+U58 x1[27m[39m
[32m- U61-1 Infinity <- direct[39m
[32m- U62 176.044 <- C11+U59 x1 reptile[39m
[32m- [7mU63 45.4584[27m <- C11+U60 x1[39m
[31m+ U61 [7m0.0166667 <- direct[27m[39m
[31m+ U62 0.00125000 <- direct[39m
[31m+ [7mU63 0.0715990[27m <- C11+U60 x1[39m
[32m- U64 [7mInfinity[27m <- direct[39m
[31m+ U64 [7m0.0333333[27m <- direct[39m
[32m- U6[7m4-1 147.909 <- C11+U61 x1[27m[39m
[32m- U65 0.0174369 <- C20+U39 x2[39m
[32m- [7mU66 Infinity[27m <- direct[39m
[31m+ U6[7m5 0.00555556[27m <- direct[39m
[32m- U67 [7m739.549[27m <- C11+U[7m64-1[27m x1[39m
[31m+ U67 [7m0.0341751[27m <- C11+U[7m43[27m x1[39m
[32m- U68 0.0[7m917301 <- C11+U65 x1[27m[39m
[32m- U69 227.297 <- C11+U63 x1[39m
[31m+ U68 0.0[7m0125000 <- direct[27m[39m
[31m+ U69 0.0416667 <- direct[39m
[32m- U7 0.0178221 <- C[7m10+E33[27m x2[39m
[31m+ U7 0.0178221 <- C[7m6+C10[27m x2[39m
[32m- U70 [7mInfinity <- direct[27m[39m
[32m- U72 1136.49 <- C11+U69 x1[39m
[32m- U75 5682.45 <- C11+U72 x1[39m
[32m- [7mU76 Infinity[27m <- direct[39m
[31m+ U70 [7m2.40000 <- direct[27m[39m
[31m+ U71 0.00555556 <- direct[39m
[31m+ U72 0.0416667 <- direct[39m
[31m+ U75 0.0416667 <- direct[39m
[31m+ [7mU76 0.0666667[27m <- direct[39m
[32m- U78 [7m28412.2[27m <- C11+U75 x1[39m
[31m+ U78 [7m0.212879[27m <- C11+U75 x1[39m
[32m- U[7m8[27m 0.0[7m199776 <- C11+C35 x2 reptile[27m[39m
[32m- [7mU85 Infinity[27m <- direct[39m
[31m+ U[7m79[27m 0.0[7m416667 <- direct[27m[39m
[31m+ U8 0.0128788 <- C11+C35 x2 reptile[39m
[31m+ U82 0.333333 <- direct[39m
[31m+ U85 0.333333 <- direct[39m
[31m+ [7mU88 0.0500000[27m <- direct[39m
[32m- U9 0.0[7m232143[27m <- C10+[7mE26[27m x2 reptile[39m
[31m+ U9 0.0[7m185628[27m <- C10+[7mU59[27m x2 reptile[39m
[32m- U91 [7m3697.75 <- C11+U67 x1[27m[39m
[32m- U94 18488.8 <- C11+U91 x1[39m
[32m- [7mU97 92443.8 <- C11+U94 x1[27m"[39m
[31m+ U91 [7m0.0205761 <- direct[27m[39m
[31m+ U94 0.0205761 <- direct[39m
[31m+ [7mU97 0.0205761 <- direct[27m"[39m

[36m [2m❯[22m src/services/calculationService.test.ts:[2m56:69[22m[39m
    [90m 54| [39m      [35mconst[39m { minCosts[33m,[39m choices } [33m=[39m svc[33m.[39m[34mcomputeMinCosts[39m(data[33m,[39m params)[33m;[39m
    [90m 55| [39m
    [90m 56| [39m      [34mexpect[39m([34msummarizeMinCosts[39m(data[33m,[39m minCosts[33m,[39m choices)[33m.[39m[34mjoin[39m([32m"\n"[39m))[33m.[39m[34mtoMatchSnapshot[39m()[33m;[39m
    [90m   | [39m                                                                    [31m^[39m
    [90m 57| [39m    })[33m;[39m
    [90m 58| [39m

[31m[2m⎯⎯⎯⎯⎯⎯⎯⎯⎯⎯⎯⎯⎯⎯⎯⎯⎯⎯⎯⎯⎯⎯⎯⎯⎯⎯⎯⎯⎯⎯⎯⎯⎯⎯⎯⎯⎯⎯⎯⎯⎯⎯⎯⎯⎯⎯⎯⎯⎯⎯⎯⎯⎯⎯⎯⎯⎯⎯⎯⎯⎯⎯⎯⎯⎯⎯⎯⎯⎯⎯⎯⎯⎯⎯⎯⎯⎯⎯⎯⎯⎯⎯⎯⎯⎯⎯⎯⎯⎯⎯⎯⎯⎯⎯⎯⎯⎯⎯⎯⎯⎯⎯⎯⎯⎯⎯⎯⎯⎯[4/15]⎯[22m[39m

[41m[1m FAIL [22m[49m src/services/calculationService.test.ts[2m > [22mbuildRecipeTree + assignQuantities[2m > [22mpins the tree and quantities for R94
[31m[1mError[22m: Snapshot `buildRecipeTree + assignQuantities > pins the tree and quantities for R94 1` mismatched[39m

[32m- Expected[39m
[31m+ Received[39m

[2m  {[22m
[32m-   "totalCrafts": 4[7m547306[27m,[39m
[31m+   "totalCrafts": 4[7m7[27m,[39m
[2m    "tree": [[22m
[2m      "R94 recipe qty=10 crafts=9 [R91+L4 x1 reptile]",[22m
[32m-     "  R91 recipe qty=45 crafts=38 [[7mR89+L4 x1 reptile]",[27m[39m
[32m-     "    R89 recipe qty=190 crafts=159 [R86+E9 x1 reptile]",[39m
[32m-     "      R86 recipe qty=795 crafts=663 [R83+E9 x1 reptile]",[39m
[32m-     "        R83 recipe qty=3315 crafts=2763 [R80+E9 x1 reptile]",[39m
[32m-     "          R80 recipe qty=13815 crafts=11513 [R77+E9 x1 reptile]",[39m
[32m-     "            R77 recipe qty=57565 crafts=47971 [R74+E9 x1 reptile]",[39m
[32m-     "              R74 recipe qty=239855 crafts=199880 [R68+E9 x1 reptile]",[39m
[32m-     "                R68 recipe qty=999400 crafts=999400 [R6+R65 x1]",[39m
[32m-     "                  R6 direct qty=4997000",[39m
[32m-     "                  R65 recipe qty=4997000 crafts=2498500 [C8+R10 x2]",[39m
[32m-     "                    C8 direct qty=12492500",[39m
[32m-     "                    R10 direct qty=12492500",[39m
[32m-     "                E9 recipe qty=399760 crafts=166567 [R6+R54 x2 reptile]",[39m
[32m-     "                  R6 direct qty=832835",[39m
[32m-     "                  R54 recipe qty=333134 crafts=138806 [R6+R9 x2 reptile]",[39m
[32m-     "                    R6 direct qty=694030",[39m
[32m-     "                    R9 recipe qty=277612 crafts=115672 [U21+R6 x2 reptile]",[39m
[32m-     "                      U21 recipe qty=231344 crafts=96394 [U9+R6 x2 reptile]",[39m
[32m-     "                        U9 recipe qty=192788 crafts=80329 [C10+E26 x2 reptile]",[39m
[32m-     "                          C10 direct qty=401645",[39m
[32m-     "                          E26 direct qty=160658",[39m
[32m-     "                        R6 direct qty=481970",[39m
[32m-     "                      R6 direct qty=578360",[39m
[32m-     "              E9 recipe qty=95942 crafts=39976 [R6+R54 x2 reptile]",[39m
[32m-     "                R6 direct qty=199880",[39m
[32m-     "                R54 recipe qty=79952 crafts=33314 [R6+R9 x2 reptile]",[39m
[32m-     "                  R6 direct qty=166570",[39m
[32m-     "                  R9 recipe qty=66628 crafts=27762 [U21+R6 x2 reptile]",[39m
[32m-     "                    U21 recipe qty=55524 crafts=23135 [U9+R6 x2 reptile]",[39m
[32m-     "                      U9 recipe qty=46270 crafts=19280 [C10+E26 x2 reptile]",[39m
[32m-     "                        C10 direct qty=96400",[39m
[32m-     "                        E26 direct qty=38560",[39m
[32m-     "                      R6 direct qty=115675",[39m
[32m-     "                    R6 direct qty=138810",[39m
[32m-     "            E9 recipe qty=23026 crafts=9595 [R6+R54 x2 reptile]",[39m
[32m-     "              R6 direct qty=47975",[39m
[32m-     "              R54 recipe qty=19190 crafts=7996 [R6+R9 x2 reptile]",[39m
[32m-     "                R6 direct qty=39980",[39m
[32m-     "                R9 recipe qty=15992 crafts=6664 [U21+R6 x2 reptile]",[39m
[32m-     "                  U21 recipe qty=13328 crafts=5554 [U9+R6 x2 reptile]",[39m
[32m-     "                    U9 recipe qty=11108 crafts=4629 [C10+E26 x2 reptile]",[39m
[32m-     "                      C10 direct qty=23145",[39m
[32m-     "                      E26 direct qty=9258",[39m
[32m-     "                    R6 direct qty=27770",[39m
[32m-     "                  R6 direct qty=33320",[39m
[32m-     "          E9 recipe qty=5526 crafts=2303 [R6+R54 x2 reptile]",[39m
[32m-     "            R6 direct qty=11515",[39m
[32m-     "            R54 recipe qty=4606 crafts=1920 [R6+R9 x2 reptile]",[39m
[32m-     "              R6 direct qty=9600",[39m
[32m-     "              R9 recipe qty=3840 crafts=1600 [U21+R6 x2 reptile]",[39m
[32m- [7m    "                U21 recipe qty=3200 crafts=1334 [U9+R6 x2[27m reptile]",[39m
[31m+     "  R91 recipe qty=45 crafts=38 [[7mU59+R88 x1[27m reptile]",[39m
[32m-     "    [7m  [27m[7m            U9 recipe qty=2668 crafts=1112 [C10+E26 x2 reptile]",[27m[39m
[32m-     "                    C10 direct qty=5560",[39m
[32m-     "                    E26 direct qty=2224",[39m
[32m-     "                  R6 direct qty=6670",[39m
[32m-     "                R6 direct qty=8000",[39m
[32m-     "        E9 recipe qty=1326 crafts=553 [R6+R54 x2 reptile]",[39m
[32m-     "          R6 direct qty=2765",[39m
[32m-     "          R54 recipe qty=1106 crafts=461 [R6+R9 x2 reptile]",[39m
[32m-     "            R6 direct qty=2305",[39m
[32m-     "            R9 recipe qty=922 crafts=385 [U21+R6 x2 reptile]",[39m
[32m-     "              U21 recipe qty=770 crafts=321 [U9+R6 x2 reptile]",[39m
[32m-     "                U9 recipe qty=642 crafts=268 [C10+E26 x2 reptile]",[39m
[32m-     "                  C10 direct qty=1340",[39m
[32m-     "                  E26 direct qty=536",[39m
[32m-     "                R6 direct qty=1605",[39m
[32m-     "              R6 direct qty=1925",[39m
[32m-     "      E9 recipe qty=318 crafts=133 [R6+R54 x2 reptile]",[39m
[32m-     "        R6 direct qty=665",[39m
[32m- [7m    "        R54 recipe qty=266 crafts=111 [R6+R9 x2 reptile][27m",[39m
[31m+     "    [7mU59 direct qty=76[27m",[39m
[32m-     "    [7m   [27m[7m   R6 direct qty=555",[27m[39m
[32m-     "          R9 recipe qty=222 crafts=93 [U21+R6 x2 reptile]",[39m
[32m-     "            U21 recipe qty=186 crafts=78 [U9+R6 x2 reptile]",[39m
[32m-     "              U9 recipe qty=156 crafts=65 [C10+E26 x2 reptile]",[39m
[32m-     "                C10 direct qty=325",[39m
[32m-     "                E26 direct qty=130",[39m
[32m-     "              R6 direct qty=390",[39m
[32m-     "            R6 direct qty=465",[39m
[32m- [7m    "    L4 direct qty=38[27m",[39m
[31m+     "    [7mR88 direct qty=190[27m",[39m
[2m      "  L4 direct qty=9",[22m
[2m    ],[22m
[2m  }[22m

[36m [2m❯[22m src/services/calculationService.test.ts:[2m170:78[22m[39m
    [90m168| [39m      [35mconst[39m { tree[33m,[39m craftCounter } [33m=[39m [34mbuildTree[39m(data[33m,[39m params[33m,[39m target[33m,[39m [34m10[39m)[33m;[39m
    [90m169| [39m
    [90m170| [39m      [34mexpect[39m({ totalCrafts[33m:[39m craftCounter[33m.[39mtotal[33m,[39m tree[33m:[39m [34mserializeTree[39m(tree) })[33m.[39m[34mtoMatchSnapshot[39m()[33m;[39m
    [90m   | [39m                                                                             [31m^[39m
    [90m171| [39m    })[33m;[39m
    [90m172| [39m  }

[31m[2m⎯⎯⎯⎯⎯⎯⎯⎯⎯⎯⎯⎯⎯⎯⎯⎯⎯⎯⎯⎯⎯⎯⎯⎯⎯⎯⎯⎯⎯⎯⎯⎯⎯⎯⎯⎯⎯⎯⎯⎯⎯⎯⎯⎯⎯⎯⎯⎯⎯⎯⎯⎯⎯⎯⎯⎯⎯⎯⎯⎯⎯⎯⎯⎯⎯⎯⎯⎯⎯⎯⎯⎯⎯⎯⎯⎯⎯⎯⎯⎯⎯⎯⎯⎯⎯⎯⎯⎯⎯⎯⎯⎯⎯⎯⎯⎯⎯⎯⎯⎯⎯⎯⎯⎯⎯⎯⎯⎯⎯[5/15]⎯[22m[39m

[41m[1m FAIL [22m[49m src/services/calculationService.test.ts[2m > [22mbuildRecipeTree + assignQuantities[2m > [22mpins the tree and quantities for C67
[31m[1mError[22m: Snapshot `buildRecipeTree + assignQuantities > pins the tree and quantities for C67 1` mismatched[39m

[32m- Expected[39m
[31m+ Received[39m

[2m  {[22m
[32m-   "totalCrafts": [7m2712606[27m,[39m
[31m+   "totalCrafts": [7m54[27m,[39m
[2m    "tree": [[22m
[32m-     "C67 recipe qty=10 crafts=9 [C64+[7mE26 x1 reptile]",[27m[39m
[32m-     "  C64 recipe qty=45 crafts=38 [C61+E26 x1 reptile]",[39m
[32m-     "    C61 recipe qty=190 crafts=159 [C58+E26 x1 reptile]",[39m
[32m-     "      C58 recipe qty=795 crafts=663 [C56+L4 x1 reptile]",[39m
[32m-     "        C56 recipe qty=3315 crafts=2763 [C47+E9 x1 reptile]",[39m
[32m-     "          C47 recipe qty=13815 crafts=11513 [C44+E9 x1 reptile]",[39m
[32m-     "            C44 recipe qty=57565 crafts=47971 [C41+E9 x1 reptile]",[39m
[32m-     "              C41 recipe qty=239855 crafts=199880 [C38+E9 x1 reptile]",[39m
[32m-     "                C38 recipe qty=999400 crafts=832834 [C35+R6 x1 reptile]",[39m
[32m-     "                  C35 recipe qty=1665668 crafts=832834 [C23+U38 x2]",[39m
[32m-     "                    C23 direct qty=4164170",[39m
[32m-     "                    U38 direct qty=4164170",[39m
[32m-     "                  R6 direct qty=4164170",[39m
[32m-     "                E9 recipe qty=399760 crafts=166567 [R6+R54 x2 reptile]",[39m
[32m-     "                  R6 direct qty=832835",[39m
[32m-     "                  R54 recipe qty=333134 crafts=138806 [R6+R9 x2 reptile]",[39m
[32m-     "                    R6 direct qty=694030",[39m
[32m-     "                    R9 recipe qty=277612 crafts=115672 [U21+R6 x2 reptile]",[39m
[32m-     "                      U21 recipe qty=231344 crafts=96394 [U9+R6 x2 reptile]",[39m
[32m-     "                        U9 recipe qty=192788 crafts=80329 [C10+E26 x2 reptile]",[39m
[32m-     "                          C10 direct qty=401645",[39m
[32m-     "                          E26 direct qty=160658",[39m
[32m-     "                        R6 direct qty=481970",[39m
[32m-     "                      R6 direct qty=578360",[39m
[32m-     "              E9 recipe qty=95942 crafts=39976 [R6+R54 x2 reptile]",[39m
[32m-     "                R6 direct qty=199880",[39m
[32m-     "                R54 recipe qty=79952 crafts=33314 [R6+R9 x2 reptile]",[39m
[32m-     "                  R6 direct qty=166570",[39m
[32m-     "                  R9 recipe qty=66628 crafts=27762 [U21+R6 x2 reptile]",[39m
[32m-     "                    U21 recipe qty=55524 crafts=23135 [U9+R6 x2 reptile]",[39m
[32m-     "                      U9 recipe qty=46270 crafts=19280 [C10+E26 x2 reptile]",[39m
[32m-     "                        C10 direct qty=96400",[39m
[32m-     "                        E26 direct qty=38560",[39m
[32m-     "                      R6 direct qty=115675",[39m
[32m-     "                    R6 direct qty=138810",[39m
[32m-     "            E9 recipe qty=23026 crafts=9595 [R6+R54 x2 reptile]",[39m
[32m-     "              R6 direct qty=47975",[39m
[32m-     "              R54 recipe qty=19190 crafts=7996 [R6+R9 x2 reptile]",[39m
[32m-     "                R6 direct qty=39980",[39m
[32m-     "                R9 recipe qty=15992 crafts=6664 [U21+R6 x2 reptile]",[39m
[32m-     "                  U21 recipe qty=13328 crafts=5554 [U9+R6 x2 reptile]",[39m
[32m-     "                    U9 recipe qty=11108 crafts=4629 [C10+E26 x2 reptile]",[39m
[32m-     "                      C10 direct qty=23145",[39m
[32m-     "                      E26 direct qty=9258",[39m
[32m-     "                    R6 direct qty=27770",[39m
[32m-     "                  R6 direct qty=33320",[39m
[32m-     "          E9 recipe qty=5526 crafts=2303 [R6+R54 x2 reptile]",[39m
[32m-     "            R6 direct qty=11515",[39m
[32m-     "            R54 recipe qty=4606 crafts=1920 [R6+R9 x2 reptile]",[39m
[32m-     "              R6 direct qty=9600",[39m
[32m-     "              R9 recipe qty=3840 crafts=1600 [U21+R6 x2 reptile]",[39m
[32m-     "                U21 recipe qty=3200 crafts=1334 [U9+R6 x2 reptile]",[39m
[32m-     "                  U9 recipe qty=2668 crafts=1112 [C10+E26 x2 reptile]",[39m
[32m-     "                    C10 direct qty=5560",[39m
[32m-     "                    E26 direct qty=2224",[39m
[32m-     "                  R6 direct qty=6670",[39m
[32m-     "                R6 direct qty=8000",[39m
[32m-     "        L4 direct qty=663",[39m
[32m-     "      E26 direct qty=318",[39m
[32m-     "    E26 direct qty=76",[39m
[32m- [7m    "  E26[27m direct qty=18",[39m
[31m+     "C67 recipe qty=10 crafts=9 [C64+[7mU59 x1 reptile]",[27m[39m
[31m+     "  C64 recipe qty=45 crafts=45 [C61+R6 x1]",[39m
[31m+     "    C61 direct qty=225",[39m
[31m+     "    R6 direct qty=225",[39m
[31m+ [7m    "  U59[27m direct qty=18",[39m
[2m    ],[22m
[2m  }[22m

[36m [2m❯[22m src/services/calculationService.test.ts:[2m170:78[22m[39m
    [90m168| [39m      [35mconst[39m { tree[33m,[39m craftCounter } [33m=[39m [34mbuildTree[39m(data[33m,[39m params[33m,[39m target[33m,[39m [34m10[39m)[33m;[39m
    [90m169| [39m
    [90m170| [39m      [34mexpect[39m({ totalCrafts[33m:[39m craftCounter[33m.[39mtotal[33m,[39m tree[33m:[39m [34mserializeTree[39m(tree) })[33m.[39m[34mtoMatchSnapshot[39m()[33m;[39m
    [90m   | [39m                                                                             [31m^[39m
    [90m171| [39m    })[33m;[39m
    [90m172| [39m  }

[31m[2m⎯⎯⎯⎯⎯⎯⎯⎯⎯⎯⎯⎯⎯⎯⎯⎯⎯⎯⎯⎯⎯⎯⎯⎯⎯⎯⎯⎯⎯⎯⎯⎯⎯⎯⎯⎯⎯⎯⎯⎯⎯⎯⎯⎯⎯⎯⎯⎯⎯⎯⎯⎯⎯⎯⎯⎯⎯⎯⎯⎯⎯⎯⎯⎯⎯⎯⎯⎯⎯⎯⎯⎯⎯⎯⎯⎯⎯⎯⎯⎯⎯⎯⎯⎯⎯⎯⎯⎯⎯⎯⎯⎯⎯⎯⎯⎯⎯⎯⎯⎯⎯⎯⎯⎯⎯⎯⎯⎯⎯[6/15]⎯[22m[39m

[41m[1m FAIL [22m[49m src/services/calculationService.test.ts[2m > [22mbuildRecipeTree + assignQuantities[2m > [22mpins the tree and quantities for U57
[31m[1mError[22m: Snapshot `buildRecipeTree + assignQuantities > pins the tree and quantities for U57 1` mismatched[39m

[32m- Expected[39m
[31m+ Received[39m

[2m  {[22m
[32m-   "totalCrafts": [7m934[27m0,[39m
[31m+   "totalCrafts": 0,[39m
[2m    "tree": [[22m
[32m-     "U57 [7mrecipe qty=10 crafts=9 [U54+L4 x1 reptile]",[27m[39m
[32m-     "  U54 recipe qty=45 crafts=38 [U53+E9 x1 reptile]",[39m
[32m-     "    U53 recipe qty=190 crafts=159 [U50+R6 x1 reptile]",[39m
[32m-     "      U50 recipe qty=318 crafts=265 [U44+E9 x1 reptile]",[39m
[32m-     "        U44 recipe qty=1325 crafts=1325 [U41+R6 x1]",[39m
[32m-     "          U41 recipe qty=6625 crafts=6625 [U38+R6 x1]",[39m
[32m-     "            U38 direct qty=33125",[39m
[32m-     "            R6 direct qty=33125",[39m
[32m-     "          R6 direct qty=6625",[39m
[32m-     "        E9 recipe qty=530 crafts=221 [R6+R54 x2 reptile]",[39m
[32m-     "          R6 direct qty=1105",[39m
[32m-     "          R54 recipe qty=442 crafts=185 [R6+R9 x2 reptile]",[39m
[32m-     "            R6 direct qty=925",[39m
[32m-     "            R9 recipe qty=370 crafts=155 [U21+R6 x2 reptile]",[39m
[32m-     "              U21 recipe qty=310 crafts=130 [U9+R6 x2 reptile]",[39m
[32m-     "                U9 recipe qty=260 crafts=109 [C10+E26 x2 reptile]",[39m
[32m-     "                  C10 direct qty=545",[39m
[32m-     "                  E26 direct qty=218",[39m
[32m-     "                R6 direct qty=650",[39m
[32m-     "              R6 direct qty=775",[39m
[32m-     "      R6 direct qty=795",[39m
[32m-     "    E9 recipe qty=76 crafts=32 [R6+R54 x2 reptile]",[39m
[32m-     "      R6 direct qty=160",[39m
[32m-     "      R54 recipe qty=64 crafts=27 [R6+R9 x2 reptile]",[39m
[32m-     "        R6 direct qty=135",[39m
[32m-     "        R9 recipe qty=54 crafts=23 [U21+R6 x2 reptile]",[39m
[32m-     "          U21 recipe qty=46 crafts=20 [U9+R6 x2 reptile]",[39m
[32m-     "            U9 recipe qty=40 crafts=17 [C10+E26 x2 reptile]",[39m
[32m-     "              C10 direct qty=85",[39m
[32m-     "              E26 direct qty=34",[39m
[32m-     "            R6 direct qty=100",[39m
[32m-     "          R6 direct qty=115",[39m
[32m- [7m    "  L4 direct qty=9[27m",[39m
[31m+     "U57 [7mdirect qty=10[27m",[39m
[2m    ],[22m
[2m  }[22m

[36m [2m❯[22m src/services/calculationService.test.ts:[2m170:78[22m[39m
    [90m168| [39m      [35mconst[39m { tree[33m,[39m craftCounter } [33m=[39m [34mbuildTree[39m(data[33m,[39m params[33m,[39m target[33m,[39m [34m10[39m)[33m;[39m
    [90m169| [39m
    [90m170| [39m      [34mexpect[39m({ totalCrafts[33m:[39m craftCounter[33m.[39mtotal[33m,[39m tree[33m:[39m [34mserializeTree[39m(tree) })[33m.[39m[34mtoMatchSnapshot[39m()[33m;[39m
    [90m   | [39m                                                                             [31m^[39m
    [90m171| [39m    })[33m;[39m
    [90m172| [39m  }

[31m[2m⎯⎯⎯⎯⎯⎯⎯⎯⎯⎯⎯⎯⎯⎯⎯⎯⎯⎯⎯⎯⎯⎯⎯⎯⎯⎯⎯⎯⎯⎯⎯⎯⎯⎯⎯⎯⎯⎯⎯⎯⎯⎯⎯⎯⎯⎯⎯⎯⎯⎯⎯⎯⎯⎯⎯⎯⎯⎯⎯⎯⎯⎯⎯⎯⎯⎯⎯⎯⎯⎯⎯⎯⎯⎯⎯⎯⎯⎯⎯⎯⎯⎯⎯⎯⎯⎯⎯⎯⎯⎯⎯⎯⎯⎯⎯⎯⎯⎯⎯⎯⎯⎯⎯⎯⎯⎯⎯⎯⎯[7/15]⎯[22m[39m

[41m[1m FAIL [22m[49m src/services/calculationService.test.ts[2m > [22massignQuantities — cycle case[2m > [22mpins the cycle tree — net-positive
[31m[1mError[22m: Snapshot `assignQuantities — cycle case > pins the cycle tree — net-positive 1` mismatched[39m

[32m- Expected[39m
[31m+ Received[39m

[33m@@ -12,8 +12,8 @@[39m
[2m      "      U20 direct qty=630",[22m
[2m      "    U8 recipe qty=252 crafts=105 [C11+C35 x2 reptile]",[22m
[2m      "      C11 direct qty=525",[22m
[2m      "      C35 recipe qty=210 crafts=105 [C11+C23 x2]",[22m
[2m      "        C11 direct qty=525",[22m
[32m-     "        C23 direct qty=[7m525[27m",[39m
[31m+     "        C23 direct qty=[7m210[27m",[39m
[2m    ],[22m
[2m  }[22m

[36m [2m❯[22m src/services/calculationService.test.ts:[2m227:78[22m[39m
    [90m225| [39m
    [90m226| [39m      [34mexpect[39m(tree[33m.[39mmethod)[33m.[39m[34mtoBe[39m([32m"cycle"[39m)[33m;[39m
    [90m227| [39m      [34mexpect[39m({ totalCrafts[33m:[39m craftCounter[33m.[39mtotal[33m,[39m tree[33m:[39m [34mserializeTree[39m(tree) })[33m.[39m[34mtoMatchSnapshot[39m()[33m;[39m
    [90m   | [39m                                                                             [31m^[39m
    [90m228| [39m    })[33m;[39m
    [90m229| [39m

[31m[2m⎯⎯⎯⎯⎯⎯⎯⎯⎯⎯⎯⎯⎯⎯⎯⎯⎯⎯⎯⎯⎯⎯⎯⎯⎯⎯⎯⎯⎯⎯⎯⎯⎯⎯⎯⎯⎯⎯⎯⎯⎯⎯⎯⎯⎯⎯⎯⎯⎯⎯⎯⎯⎯⎯⎯⎯⎯⎯⎯⎯⎯⎯⎯⎯⎯⎯⎯⎯⎯⎯⎯⎯⎯⎯⎯⎯⎯⎯⎯⎯⎯⎯⎯⎯⎯⎯⎯⎯⎯⎯⎯⎯⎯⎯⎯⎯⎯⎯⎯⎯⎯⎯⎯⎯⎯⎯⎯⎯⎯[8/15]⎯[22m[39m

[41m[1m FAIL [22m[49m src/services/calculationService.test.ts[2m > [22massignQuantities — cycle case[2m > [22mpins the cycle tree — net-negative
[31m[1mError[22m: Snapshot `assignQuantities — cycle case > pins the cycle tree — net-negative 1` mismatched[39m

[32m- Expected[39m
[31m+ Received[39m

[33m@@ -9,8 +9,8 @@[39m
[2m      "  cycleInputs:",[22m
[2m      "    U8 recipe qty=42 crafts=18 [C11+C35 x2 reptile]",[22m
[2m      "      C11 direct qty=90",[22m
[2m      "      C35 recipe qty=36 crafts=18 [C11+C23 x2]",[22m
[2m      "        C11 direct qty=90",[22m
[32m-     "        C23 direct qty=[7m90[27m",[39m
[31m+     "        C23 direct qty=[7m36[27m",[39m
[2m    ],[22m
[2m  }[22m

[36m [2m❯[22m src/services/calculationService.test.ts:[2m227:78[22m[39m
    [90m225| [39m
    [90m226| [39m      [34mexpect[39m(tree[33m.[39mmethod)[33m.[39m[34mtoBe[39m([32m"cycle"[39m)[33m;[39m
    [90m227| [39m      [34mexpect[39m({ totalCrafts[33m:[39m craftCounter[33m.[39mtotal[33m,[39m tree[33m:[39m [34mserializeTree[39m(tree) })[33m.[39m[34mtoMatchSnapshot[39m()[33m;[39m
    [90m   | [39m                                                                             [31m^[39m
    [90m228| [39m    })[33m;[39m
    [90m229| [39m

[31m[2m⎯⎯⎯⎯⎯⎯⎯⎯⎯⎯⎯⎯⎯⎯⎯⎯⎯⎯⎯⎯⎯⎯⎯⎯⎯⎯⎯⎯⎯⎯⎯⎯⎯⎯⎯⎯⎯⎯⎯⎯⎯⎯⎯⎯⎯⎯⎯⎯⎯⎯⎯⎯⎯⎯⎯⎯⎯⎯⎯⎯⎯⎯⎯⎯⎯⎯⎯⎯⎯⎯⎯⎯⎯⎯⎯⎯⎯⎯⎯⎯⎯⎯⎯⎯⎯⎯⎯⎯⎯⎯⎯⎯⎯⎯⎯⎯⎯⎯⎯⎯⎯⎯⎯⎯⎯⎯⎯⎯⎯[9/15]⎯[22m[39m

[41m[1m FAIL [22m[49m src/services/invCalculationService.test.ts[2m > [22mcalculateOptimalPath[2m > [22mpins the substituted tree and totals — R94
[31m[1mError[22m: Snapshot `calculateOptimalPath > pins the substituted tree and totals — R94 1` mismatched[39m

[32m- Expected[39m
[31m+ Received[39m

[2m  {[22m
[32m-   "craftsNeeded": [7m1022601[27m,[39m
[31m+   "craftsNeeded": [7m26[27m,[39m
[2m    "remainingInventory": {[22m
[32m-     "C11": 0,[39m
[32m-     "C23": 0,[39m
[2m      "L4": 0,[22m
[32m-     "R[7m59[27m": 0,[39m
[31m+     "R[7m88[27m": 0,[39m
[32m-     "U[7m20[27m": 0,[39m
[31m+     "U[7m59[27m": 0,[39m
[2m    },[22m
[2m    "totalQuantities": {[22m
[32m-     "C11": 1889085,[39m
[32m-     "C23": 252793,[39m
[32m-     "L4": [7m1[27m3,[39m
[31m+     "L4": 3,[39m
[32m-     "R[7m59[27m": [7m1383500[27m,[39m
[31m+     "R[7m88[27m": [7m53[27m,[39m
[32m-     "U[7m20[27m": [7m303345[27m,[39m
[31m+     "U[7m59[27m": [7m21[27m,[39m
[2m    },[22m
[32m-   "totalTime": "[7m5044.32[27m",[39m
[31m+   "totalTime": "[7m2.83696[27m",[39m
[2m    "tree": [[22m
[2m      "R94 recipe qty=5 crafts=5 [R91+L4 x1 reptile]",[22m
[32m-     "  R91 recipe qty=25 crafts=21 [[7mR89+L4 x1 reptile]",[27m[39m
[32m-     "    R89 recipe qty=105 crafts=88 [R8+R86 x1 reptile]",[39m
[32m-     "      R8 recipe qty=176 crafts=74 [U8+U20 x2 reptile]",[39m
[32m-     "        U8 recipe qty=148 crafts=62 [C11+C35 x2 reptile]",[39m
[32m-     "          C11 inventory qty=310",[39m
[32m-     "          C35 recipe qty=124 crafts=62 [C11+C23 x2]",[39m
[32m-     "            C11 inventory qty=310",[39m
[32m-     "            C23 inventory qty=310",[39m
[32m-     "        U20 inventory qty=370",[39m
[32m-     "      R86 recipe qty=440 crafts=367 [R8+R83 x1 reptile]",[39m
[32m-     "        R8 recipe qty=734 crafts=306 [U8+U20 x2 reptile]",[39m
[32m-     "          U8 recipe qty=612 crafts=255 [C11+C35 x2 reptile]",[39m
[32m-     "            C11 inventory qty=1275",[39m
[32m-     "            C35 recipe qty=510 crafts=255 [C11+C23 x2]",[39m
[32m-     "              C11 inventory qty=1275",[39m
[32m-     "              C23 inventory qty=1275",[39m
[32m-     "          U20 inventory qty=1530",[39m
[32m-     "        R83 recipe qty=1835 crafts=1530 [R8+R80 x1 reptile]",[39m
[32m-     "          R8 recipe qty=3060 crafts=1275 [U8+U20 x2 reptile]",[39m
[32m-     "            U8 recipe qty=2550 crafts=1063 [C11+C35 x2 reptile]",[39m
[32m-     "              C11 inventory qty=5315",[39m
[32m-     "              C35 recipe qty=2126 crafts=1063 [C11+C23 x2]",[39m
[32m-     "                C11 inventory qty=5315",[39m
[32m- [7m    "                C23 inventory qty=5315[27m",[39m
[31m+     "  R91 recipe qty=25 crafts=21 [[7mU59+R88 x1 reptile]",[27m[39m
[31m+     "    split:",[39m
[31m+ [7m    "      U59 inventory qty=21[27m",[39m
[32m-     "      [7m    [27m[7m  U20 inventory qty=6375",[27m[39m
[32m-     "          R80 recipe qty=7650 crafts=6375 [R8+R77 x1 reptile]",[39m
[32m-     "            R8 recipe qty=12750 crafts=5313 [U8+U20 x2 reptile]",[39m
[32m-     "              U8 recipe qty=10626 crafts=4428 [C11+C35 x2 reptile]",[39m
[32m-     "                C11 inventory qty=22140",[39m
[32m-     "                C35 recipe qty=8856 crafts=4428 [C11+C23 x2]",[39m
[32m-     "                  C11 inventory qty=22140",[39m
[32m-     "                  C23 inventory qty=22140",[39m
[32m-     "              U20 inventory qty=26565",[39m
[32m-     "            R77 recipe qty=31875 crafts=26563 [R8+R74 x1 reptile]",[39m
[32m-     "              R8 recipe qty=53126 crafts=22136 [U8+U20 x2 reptile]",[39m
[32m-     "                U8 recipe qty=44272 crafts=18447 [C11+C35 x2 reptile]",[39m
[32m-     "                  C11 inventory qty=92235",[39m
[32m-     "                  C35 recipe qty=36894 crafts=18447 [C11+C23 x2]",[39m
[32m-     "                    C11 inventory qty=92235",[39m
[32m-     "                    C23 inventory qty=92235",[39m
[32m- [7m    "                U20 inventory qty=110680[27m",[39m
[31m+     "      [7mU59 direct qty=21",[27m[39m
[31m+ [7m    "    split:[27m",[39m
[32m-     "      [7m    [27m[7m    R74 recipe qty=132815 crafts=110680 [R8+R68 x1 reptile]",[27m[39m
[32m-     "                R8 recipe qty=221360 crafts=92234 [U8+U20 x2 reptile]",[39m
[32m-     "                  U8 recipe qty=184468 crafts=76862 [C11+C35 x2 reptile]",[39m
[32m-     "                    C11 inventory qty=384310",[39m
[32m-     "                    C35 recipe qty=153724 crafts=76862 [C11+C23 x2]",[39m
[32m-     "                      C11 inventory qty=384310",[39m
[32m-     "                      split:",[39m
[32m-     "                        C23 inventory qty=131517",[39m
[32m-     "                        C23 direct qty=252793",[39m
[32m-     "                  split:",[39m
[32m-     "                    U20 inventory qty=157825",[39m
[32m-     "                    U20 direct qty=303345",[39m
[32m-     "                R68 recipe qty=553400 crafts=553400 [C11+R59 x1]",[39m
[32m-     "                  split:",[39m
[32m-     "                    C11 inventory qty=877915",[39m
[32m-     "                    C11 direct qty=1889085",[39m
[32m-     "                  split:",[39m
[32m-     "                    R59 inventory qty=1383500",[39m
[32m-     "                    R59 direct qty=1383500",[39m
[32m- [7m    "  [27m  split:",[39m
[31m+     "      [7mR88 inventory qty=52",[27m[39m
[31m+     "      R88 direct qty=53",[39m
[31m+ [7m    "[27m  split:",[39m
[32m-     "    [7m [27m[7m [27mL4 inventory qty=[7m13[27m",[39m
[31m+     "    L4 inventory qty=[7m2[27m",[39m
[32m-     "    [7m [27m[7m [27mL4 direct qty=[7m8",[27m[39m
[32m- [7m    "  L4 direct qty=5[27m",[39m
[31m+     "    L4 direct qty=[7m3[27m",[39m
[2m    ],[22m
[2m  }[22m

[36m [2m❯[22m src/services/invCalculationService.test.ts:[2m92:10[22m[39m
    [90m 90| [39m        remainingInventory[33m:[39m [34msortedEntries[39m(result[33m.[39mremainingInventory[33m![39m)[33m,[39m
    [90m 91| [39m        tree[33m:[39m [34mserializeTree[39m(result[33m.[39mtree[33m![39m)[33m,[39m
    [90m 92| [39m      })[33m.[39m[34mtoMatchSnapshot[39m()[33m;[39m
    [90m   | [39m         [31m^[39m
    [90m 93| [39m    })[33m;[39m
    [90m 94| [39m

[31m[2m⎯⎯⎯⎯⎯⎯⎯⎯⎯⎯⎯⎯⎯⎯⎯⎯⎯⎯⎯⎯⎯⎯⎯⎯⎯⎯⎯⎯⎯⎯⎯⎯⎯⎯⎯⎯⎯⎯⎯⎯⎯⎯⎯⎯⎯⎯⎯⎯⎯⎯⎯⎯⎯⎯⎯⎯⎯⎯⎯⎯⎯⎯⎯⎯⎯⎯⎯⎯⎯⎯⎯⎯⎯⎯⎯⎯⎯⎯⎯⎯⎯⎯⎯⎯⎯⎯⎯⎯⎯⎯⎯⎯⎯⎯⎯⎯⎯⎯⎯⎯⎯⎯⎯⎯⎯⎯⎯⎯[10/15]⎯[22m[39m

[41m[1m FAIL [22m[49m src/services/invCalculationService.test.ts[2m > [22mcalculateOptimalPath[2m > [22mpins the substituted tree and totals — C67
[31m[1mError[22m: Snapshot `calculateOptimalPath > pins the substituted tree and totals — C67 1` mismatched[39m

[32m- Expected[39m
[31m+ Received[39m

[2m  {[22m
[32m-   "craftsNeeded": 1[7m0092084[27m,[39m
[31m+   "craftsNeeded": 1[7m76[27m,[39m
[2m    "remainingInventory": {[22m
[32m-     "C1[7m0": 0,[27m[39m
[32m-     "C11": 0,[39m
[32m-     "C23": 0,[39m
[32m-     "E26": 0,[39m
[32m- [7m    "L4[27m": 0,[39m
[31m+     "C[7m6[27m1": 0,[39m
[32m-     "[7mR6[27m": 0,[39m
[31m+     "[7mU59[27m": 0,[39m
[2m    },[22m
[2m    "totalQuantities": {[22m
[32m-     "C1[7m0[27m": [7m979823[27m,[39m
[31m+     "C[7m6[27m1": [7m355[27m,[39m
[32m-     "[7mC11": 15492625,[27m[39m
[32m-     "C23": 7746313,[39m
[32m-     "E26": 392697,[39m
[32m-     "L4": 1234,[39m
[32m- [7m    "R6": 6311588[27m,[39m
[31m+     "[7mU59": 176[27m,[39m
[2m    },[22m
[32m-   "totalTime": "[7m17926.2[27m",[39m
[31m+   "totalTime": "[7m0.407067[27m",[39m
[2m    "tree": [[22m
[32m-     "C67 recipe qty=40 crafts=34 [C64+[7mE26[27m x1 reptile]",[39m
[31m+     "C67 recipe qty=40 crafts=34 [C64+[7mU59[27m x1 reptile]",[39m
[32m-     "  C64 recipe qty=170 crafts=142 [C61+[7mE26 x1 reptile]",[27m[39m
[32m-     "    C61 recipe qty=710 crafts=592 [C58+E26 x1 reptile]",[39m
[32m-     "      C58 recipe qty=2960 crafts=2467 [C56+L4 x1 reptile]",[39m
[32m- [7m    "        C56 recipe qty=12335 crafts=10280 [C47+E[27m9 x1 reptile]",[39m
[31m+     "  C64 recipe qty=170 crafts=142 [C61+[7mU5[27m9 x1 reptile]",[39m
[32m-     "    [7m [27m[7m     C47 recipe qty=51400 crafts=42834 [C44+E9 x1 reptile]",[27m[39m
[32m- [7m    "            C44 recipe qty=214170 crafts=178475 [C41+E9 x1 reptile][27m",[39m
[31m+     "    [7msplit:[27m",[39m
[32m-     "      [7m   [27m[7m     C41 recipe qty=892375 crafts=743646 [C38+E9 x1 reptile]",[27m[39m
[32m-     "                C38 recipe qty=3718230 crafts=3098525 [C11+C35 x1 reptile]",[39m
[32m-     "                  C11 inventory qty=15492625",[39m
[32m-     "                  C35 recipe qty=6197050 crafts=3098525 [C11+C23 x2]",[39m
[32m-     "                    C11 direct qty=15492625",[39m
[32m- [7m    "                    split:[27m",[39m
[31m+     "      [7mC61 inventory qty=355[27m",[39m
[32m-     "      [7m   [27m[7m             C23 inventory qty=7746312",[27m[39m
[32m-     "                      C23 direct qty=7746313",[39m
[32m-     "                E9 recipe qty=1487292 crafts=619705 [R6+R54 x2 reptile]",[39m
[32m-     "                  R6 inventory qty=3098525",[39m
[32m-     "                  R54 recipe qty=1239410 crafts=516421 [R6+R9 x2 reptile]",[39m
[32m-     "                    R6 inventory qty=2582105",[39m
[32m-     "                    R9 recipe qty=1032842 crafts=430351 [U21+R6 x2 reptile]",[39m
[32m-     "                      U21 recipe qty=860702 crafts=358626 [U9+R6 x2 reptile]",[39m
[32m-     "                        U9 recipe qty=717252 crafts=298855 [C10+E26 x2 reptile]",[39m
[32m-     "                          split:",[39m
[32m-     "                            C10 inventory qty=979822",[39m
[32m-     "                            C10 direct qty=514453",[39m
[32m-     "                          split:",[39m
[32m-     "                            E26 inventory qty=392697",[39m
[32m-     "                            E26 direct qty=205013",[39m
[32m-     "                        split:",[39m
[32m-     "                          R6 inventory qty=630957",[39m
[32m-     "                          R6 direct qty=1162173",[39m
[32m-     "                      R6 direct qty=2151755",[39m
[32m-     "              E9 recipe qty=356950 crafts=148730 [R6+R54 x2 reptile]",[39m
[32m-     "                R6 direct qty=743650",[39m
[32m-     "                R54 recipe qty=297460 crafts=123942 [R6+R9 x2 reptile]",[39m
[32m-     "                  R6 direct qty=619710",[39m
[32m- [7m    "                  R9 recipe qty=247884 crafts=103285 [U21+R6 x2 reptile][27m",[39m
[31m+     "      [7mC61 direct qty=355",[27m[39m
[31m+     "    split:",[39m
[31m+ [7m    "      U59 inventory qty=176[27m",[39m
[32m-     "      [7m  [27m[7m            U21 recipe qty=206570 crafts=86071 [U9+R6 x2 reptile]",[27m[39m
[32m-     "                      U9 recipe qty=172142 crafts=71726 [C10+E26 x2 reptile]",[39m
[32m-     "                        C10 direct qty=358630",[39m
[32m-     "                        E26 direct qty=143452",[39m
[32m-     "                      R6 direct qty=430355",[39m
[32m-     "                    R6 direct qty=516425",[39m
[32m-     "            E9 recipe qty=85668 crafts=35695 [R6+R54 x2 reptile]",[39m
[32m-     "              R6 direct qty=178475",[39m
[32m-     "              R54 recipe qty=71390 crafts=29746 [R6+R9 x2 reptile]",[39m
[32m-     "                R6 direct qty=148730",[39m
[32m-     "                R9 recipe qty=59492 crafts=24789 [U21+R6 x2 reptile]",[39m
[32m-     "                  U21 recipe qty=49578 crafts=20658 [U9+R6 x2 reptile]",[39m
[32m-     "                    U9 recipe qty=41316 crafts=17215 [C10+E26 x2 reptile]",[39m
[32m-     "                      C10 direct qty=86075",[39m
[32m-     "                      E26 direct qty=34430",[39m
[32m-     "                    R6 direct qty=103290",[39m
[32m-     "                  R6 direct qty=123945",[39m
[32m-     "          E9 recipe qty=20560 crafts=8567 [R6+R54 x2 reptile]",[39m
[32m-     "            R6 direct qty=42835",[39m
[32m-     "            R54 recipe qty=17134 crafts=7140 [R6+R9 x2 reptile]",[39m
[32m-     "              R6 direct qty=35700",[39m
[32m-     "              R9 recipe qty=14280 crafts=5950 [U21+R6 x2 reptile]",[39m
[32m-     "                U21 recipe qty=11900 crafts=4959 [U9+R6 x2 reptile]",[39m
[32m-     "                  U9 recipe qty=9918 crafts=4133 [C10+E26 x2 reptile]",[39m
[32m-     "                    C10 direct qty=20665",[39m
[32m-     "                    E26 direct qty=8266",[39m
[32m-     "                  R6 direct qty=24795",[39m
[32m-     "                R6 direct qty=29750",[39m
[32m-     "        split:",[39m
[32m-     "          L4 inventory qty=1233",[39m
[32m-     "          L4 direct qty=1234",[39m
[32m-     "      E26 direct qty=1184",[39m
[32m-     "    E26 direct qty=284",[39m
[32m- [7m    "  E26[27m direct qty=68",[39m
[31m+     "      [7mU59 direct qty=108",[27m[39m
[31m+ [7m    "  U59[27m direct qty=68",[39m
[2m    ],[22m
[2m  }[22m

[36m [2m❯[22m src/services/invCalculationService.test.ts:[2m92:10[22m[39m
    [90m 90| [39m        remainingInventory[33m:[39m [34msortedEntries[39m(result[33m.[39mremainingInventory[33m![39m)[33m,[39m
    [90m 91| [39m        tree[33m:[39m [34mserializeTree[39m(result[33m.[39mtree[33m![39m)[33m,[39m
    [90m 92| [39m      })[33m.[39m[34mtoMatchSnapshot[39m()[33m;[39m
    [90m   | [39m         [31m^[39m
    [90m 93| [39m    })[33m;[39m
    [90m 94| [39m

[31m[2m⎯⎯⎯⎯⎯⎯⎯⎯⎯⎯⎯⎯⎯⎯⎯⎯⎯⎯⎯⎯⎯⎯⎯⎯⎯⎯⎯⎯⎯⎯⎯⎯⎯⎯⎯⎯⎯⎯⎯⎯⎯⎯⎯⎯⎯⎯⎯⎯⎯⎯⎯⎯⎯⎯⎯⎯⎯⎯⎯⎯⎯⎯⎯⎯⎯⎯⎯⎯⎯⎯⎯⎯⎯⎯⎯⎯⎯⎯⎯⎯⎯⎯⎯⎯⎯⎯⎯⎯⎯⎯⎯⎯⎯⎯⎯⎯⎯⎯⎯⎯⎯⎯⎯⎯⎯⎯⎯⎯[11/15]⎯[22m[39m

[41m[1m FAIL [22m[49m src/services/invCalculationService.test.ts[2m > [22mcalculateOptimalPath[2m > [22mpins the substituted tree and totals — U57
[31m[1mError[22m: Snapshot `calculateOptimalPath > pins the substituted tree and totals — U57 1` mismatched[39m

[32m- Expected[39m
[31m+ Received[39m

[2m  {[22m
[32m-   "craftsNeeded": [7m10287[27m,[39m
[31m+   "craftsNeeded": [7m0[27m,[39m
[2m    "remainingInventory": {[22m
[32m-     "C10": 0,[39m
[32m-     "C11": 0,[39m
[32m-     "E26": 0,[39m
[32m-     "L4": 0,[39m
[32m-     "R6": 0,[39m
[32m-     "U[7m38[27m": 0,[39m
[31m+     "U[7m57[27m": 0,[39m
[2m    },[22m
[2m    "totalQuantities": {[22m
[32m-     "[7mC10": 343,[27m[39m
[32m-     "C11": 22338,[39m
[32m-     "E26": 137,[39m
[32m-     "L4": 5,[39m
[32m-     "R6": 2178,[39m
[32m- [7m    "U38": 18250[27m,[39m
[31m+     "[7mU57": 6[27m,[39m
[2m    },[22m
[32m-   "totalTime": "[7m16.6716",[27m[39m
[32m-   "tree": [[39m
[32m-     "U57 recipe qty=12 crafts=10 [U54+L4 x1 reptile]",[39m
[32m-     "  U54 recipe qty=50 crafts=42 [U53+E9 x1 reptile]",[39m
[32m-     "    U53 recipe qty=210 crafts=175 [C11+U50 x1 reptile]",[39m
[32m-     "      C11 inventory qty=875",[39m
[32m-     "      U50 recipe qty=350 crafts=292 [U44+E9 x1 reptile]",[39m
[32m-     "        U44 recipe qty=1460 crafts=1460 [C11+U41 x1]",[39m
[32m- [7m    "          C11 inventory qty=73[27m00",[39m
[31m+   "totalTime": "[7m0.4329[27m00",[39m
[32m- [7m  [27m  "[7m          U41 recipe qty=7300 crafts=7300 [C11+U38 x1]",[27m[39m
[32m-     "            split:",[39m
[32m-     "              C11 inventory qty=14162",[39m
[32m-     "              C11 direct qty=22338",[39m
[32m-     "            split:",[39m
[32m-     "              U38 inventory qty=18250",[39m
[32m-     "              U38 direct qty=18250",[39m
[32m-     "        E9 recipe qty=584 crafts=244 [R6+R54 x2 reptile]",[39m
[32m-     "          R6 inventory qty=1220",[39m
[32m-     "          R54 recipe qty=488 crafts=204 [R6+R9 x2 reptile]",[39m
[32m-     "            split:",[39m
[32m-     "              R6 inventory qty=957",[39m
[32m-     "              R6 direct qty=63",[39m
[32m-     "            R9 recipe qty=408 crafts=170 [U21+R6 x2 reptile]",[39m
[32m-     "              U21 recipe qty=340 crafts=142 [U9+R6 x2 reptile]",[39m
[32m-     "                U9 recipe qty=284 crafts=119 [C10+E26 x2 reptile]",[39m
[32m-     "                  split:",[39m
[32m-     "                    C10 inventory qty=342",[39m
[32m-     "                    C10 direct qty=253",[39m
[32m-     "                  split:",[39m
[32m-     "                    E26 inventory qty=137",[39m
[32m-     "                    E26 direct qty=101",[39m
[32m-     "                R6 direct qty=710",[39m
[32m-     "              R6 direct qty=850",[39m
[32m-     "    E9 recipe qty=84 crafts=35 [R6+R54 x2 reptile]",[39m
[32m-     "      R6 direct qty=175",[39m
[32m-     "      R54 recipe qty=70 crafts=30 [R6+R9 x2 reptile]",[39m
[32m-     "        R6 direct qty=150",[39m
[32m-     "        R9 recipe qty=60 crafts=25 [U21+R6 x2 reptile]",[39m
[32m-     "          U21 recipe qty=50 crafts=21 [U9+R6 x2 reptile]",[39m
[32m-     "            U9 recipe qty=42 crafts=18 [C10+E26 x2 reptile]",[39m
[32m-     "              C10 direct qty=90",[39m
[32m-     "              E26 direct qty=36",[39m
[32m-     "            R6 direct qty=105",[39m
[32m-     "          R6 direct qty=125",[39m
[32m-     "  split:",[39m
[32m-     "    L4 inventory qty=5",[39m
[32m- [7m    "    L4 direct qty=5[27m",[39m
[31m+   "[7mtree": [[27m[39m
[31m+     "split:",[39m
[31m+     "  U57 inventory qty=6",[39m
[31m+ [7m    "  U57 direct qty=6[27m",[39m
[2m    ],[22m
[2m  }[22m

[36m [2m❯[22m src/services/invCalculationService.test.ts:[2m92:10[22m[39m
    [90m 90| [39m        remainingInventory[33m:[39m [34msortedEntries[39m(result[33m.[39mremainingInventory[33m![39m)[33m,[39m
    [90m 91| [39m        tree[33m:[39m [34mserializeTree[39m(result[33m.[39mtree[33m![39m)[33m,[39m
    [90m 92| [39m      })[33m.[39m[34mtoMatchSnapshot[39m()[33m;[39m
    [90m   | [39m         [31m^[39m
    [90m 93| [39m    })[33m;[39m
    [90m 94| [39m

[31m[2m⎯⎯⎯⎯⎯⎯⎯⎯⎯⎯⎯⎯⎯⎯⎯⎯⎯⎯⎯⎯⎯⎯⎯⎯⎯⎯⎯⎯⎯⎯⎯⎯⎯⎯⎯⎯⎯⎯⎯⎯⎯⎯⎯⎯⎯⎯⎯⎯⎯⎯⎯⎯⎯⎯⎯⎯⎯⎯⎯⎯⎯⎯⎯⎯⎯⎯⎯⎯⎯⎯⎯⎯⎯⎯⎯⎯⎯⎯⎯⎯⎯⎯⎯⎯⎯⎯⎯⎯⎯⎯⎯⎯⎯⎯⎯⎯⎯⎯⎯⎯⎯⎯⎯⎯⎯⎯⎯⎯[12/15]⎯[22m[39m

[41m[1m FAIL [22m[49m src/services/invCalculationService.test.ts[2m > [22mcalculateOptimalPath[2m > [22mrestructures onto an alternative recipe for shards the default path does not use
[31m[1mError[22m: Snapshot `calculateOptimalPath > restructures onto an alternative recipe for shards the default path does not use 1` mismatched[39m

[32m- Expected[39m
[31m+ Received[39m

[33m@@ -1,11 +1,7 @@[39m
[2m  {[22m
[32m-   "consumed": {[39m
[32m-     "C13": 1000,[39m
[32m-     "C16": 1000,[39m
[32m-     "C19": 1000,[39m
[32m- [7m  [27m},[39m
[31m+   "consumed": {},[39m
[2m    "offPathOwned": [[22m
[2m      "C1",[22m
[2m      "C2",[22m
[2m      "C3",[22m
[2m      "C4",[22m
[33m@@ -13,26 +9,24 @@[39m
[2m      "C6",[22m
[2m      "C7",[22m
[2m      "C8",[22m
[2m      "C9",[22m
[2m      "C10",[22m
[31m+     "C11",[39m
[2m      "C12",[22m
[2m      "C13",[22m
[2m      "C14",[22m
[2m      "C15",[22m
[2m      "C16",[22m
[2m      "C17",[22m
[2m      "C18",[22m
[2m      "C19",[22m
[2m      "C20",[22m
[32m-     "C21",[39m
[2m    ],[22m
[32m-   "plainTotalTime": "[7m10088.6[27m",[39m
[31m+   "plainTotalTime": "[7m4.77079[27m",[39m
[2m    "totalQuantities": {[22m
[32m-     "[7mC11": 3775170[27m,[39m
[31m+     "[7mL4": 5[27m,[39m
[32m-     "[7mC23[27m": [7m5[27m05[7m585[27m,[39m
[31m+     "[7mR88[27m": [7m1[27m05,[39m
[32m-     "[7mL4": 26,[27m[39m
[32m-     "R59": 2767000,[39m
[32m- [7m    "U20": 606690[27m,[39m
[31m+     "[7mU59": 42[27m,[39m
[2m    },[22m
[32m-   "totalTime": "[7m10088.0[27m",[39m
[31m+   "totalTime": "[7m4.77079[27m",[39m
[2m  }[22m

[36m [2m❯[22m src/services/invCalculationService.test.ts:[2m147:8[22m[39m
    [90m145| [39m      plainTotalTime[33m:[39m [34mfmtCost[39m(plain[33m.[39mtotalTime)[33m,[39m
    [90m146| [39m      totalQuantities[33m:[39m [34msortedEntries[39m(result[33m.[39mtotalQuantities)[33m,[39m
    [90m147| [39m    })[33m.[39m[34mtoMatchSnapshot[39m()[33m;[39m
    [90m   | [39m       [31m^[39m
    [90m148| [39m  })[33m;[39m
    [90m149| [39m})[33m;[39m

[31m[2m⎯⎯⎯⎯⎯⎯⎯⎯⎯⎯⎯⎯⎯⎯⎯⎯⎯⎯⎯⎯⎯⎯⎯⎯⎯⎯⎯⎯⎯⎯⎯⎯⎯⎯⎯⎯⎯⎯⎯⎯⎯⎯⎯⎯⎯⎯⎯⎯⎯⎯⎯⎯⎯⎯⎯⎯⎯⎯⎯⎯⎯⎯⎯⎯⎯⎯⎯⎯⎯⎯⎯⎯⎯⎯⎯⎯⎯⎯⎯⎯⎯⎯⎯⎯⎯⎯⎯⎯⎯⎯⎯⎯⎯⎯⎯⎯⎯⎯⎯⎯⎯⎯⎯⎯⎯⎯⎯⎯[13/15]⎯[22m[39m

[41m[1m FAIL [22m[49m src/services/invCalculationService.test.ts[2m > [22mcalculateOptimalPath — cycle case[2m > [22mpins the cycle tree with inventory applied — net-positive
[31m[1mError[22m: Snapshot `calculateOptimalPath — cycle case > pins the cycle tree with inventory applied — net-positive 1` mismatched[39m

[32m- Expected[39m
[31m+ Received[39m

[33m@@ -1,14 +1,14 @@[39m
[2m  {[22m
[2m    "craftsNeeded": 588,[22m
[2m    "totalQuantities": {[22m
[2m      "C11": 840,[22m
[32m-     "C23": [7m263[27m,[39m
[31m+     "C23": [7m105[27m,[39m
[2m      "C4": 3,[22m
[2m      "U20": 315,[22m
[2m    },[22m
[32m-   "totalTime": "[7m2.70098[27m",[39m
[31m+   "totalTime": "[7m1.95253[27m",[39m
[2m    "tree": [[22m
[2m      "C1 cycle qty=100 crafts=252 mult=1.20000",[22m
[2m      "  step C4 = C1+C2 x1",[22m
[2m      "  step C1 = C4+U8 x2 reptile",[22m
[2m      "  inputRecipe:",[22m
[33m@@ -26,9 +26,9 @@[39m
[2m      "        C11 inventory qty=210",[22m
[2m      "        C11 direct qty=315",[22m
[2m      "      C35 recipe qty=210 crafts=105 [C11+C23 x2]",[22m
[2m      "        C11 direct qty=525",[22m
[2m      "        split:",[22m
[32m-     "          C23 inventory qty=[7m262[27m",[39m
[31m+     "          C23 inventory qty=[7m105[27m",[39m
[32m-     "          C23 direct qty=[7m263[27m",[39m
[31m+     "          C23 direct qty=[7m105[27m",[39m
[2m    ],[22m
[2m  }[22m

[36m [2m❯[22m src/services/invCalculationService.test.ts:[2m183:10[22m[39m
    [90m181| [39m        totalQuantities[33m:[39m [34msortedEntries[39m(result[33m.[39mtotalQuantities)[33m,[39m
    [90m182| [39m        tree[33m:[39m [34mserializeTree[39m(result[33m.[39mtree[33m![39m)[33m,[39m
    [90m183| [39m      })[33m.[39m[34mtoMatchSnapshot[39m()[33m;[39m
    [90m   | [39m         [31m^[39m
    [90m184| [39m    })[33m;[39m
    [90m185| [39m

[31m[2m⎯⎯⎯⎯⎯⎯⎯⎯⎯⎯⎯⎯⎯⎯⎯⎯⎯⎯⎯⎯⎯⎯⎯⎯⎯⎯⎯⎯⎯⎯⎯⎯⎯⎯⎯⎯⎯⎯⎯⎯⎯⎯⎯⎯⎯⎯⎯⎯⎯⎯⎯⎯⎯⎯⎯⎯⎯⎯⎯⎯⎯⎯⎯⎯⎯⎯⎯⎯⎯⎯⎯⎯⎯⎯⎯⎯⎯⎯⎯⎯⎯⎯⎯⎯⎯⎯⎯⎯⎯⎯⎯⎯⎯⎯⎯⎯⎯⎯⎯⎯⎯⎯⎯⎯⎯⎯⎯⎯[14/15]⎯[22m[39m

[41m[1m FAIL [22m[49m src/services/invCalculationService.test.ts[2m > [22mcalculateOptimalPath — cycle case[2m > [22mpins the cycle tree with inventory applied — net-negative
[31m[1mError[22m: Snapshot `calculateOptimalPath — cycle case > pins the cycle tree with inventory applied — net-negative 1` mismatched[39m

[32m- Expected[39m
[31m+ Received[39m

[33m@@ -1,13 +1,13 @@[39m
[2m  {[22m
[2m    "craftsNeeded": 78,[22m
[2m    "totalQuantities": {[22m
[2m      "C11": 90,[22m
[32m-     "C23": [7m45[27m,[39m
[31m+     "C23": [7m18[27m,[39m
[2m      "C4": 3,[22m
[2m    },[22m
[32m-   "totalTime": "0.[7m373485[27m",[39m
[31m+   "totalTime": "0.[7m245707[27m",[39m
[2m    "tree": [[22m
[2m      "C1 cycle qty=100 crafts=42 mult=1.20000",[22m
[2m      "  step C4 = C1+C1 x1",[22m
[2m      "  step C1 = C4+U8 x2 reptile",[22m
[2m      "  inputRecipe:",[22m
[33m@@ -18,9 +18,9 @@[39m
[2m      "    U8 recipe qty=42 crafts=18 [C11+C35 x2 reptile]",[22m
[2m      "      C11 inventory qty=90",[22m
[2m      "      C35 recipe qty=36 crafts=18 [C11+C23 x2]",[22m
[2m      "        C11 direct qty=90",[22m
[2m      "        split:",[22m
[32m-     "          C23 inventory qty=[7m45[27m",[39m
[31m+     "          C23 inventory qty=[7m18[27m",[39m
[32m-     "          C23 direct qty=[7m45[27m",[39m
[31m+     "          C23 direct qty=[7m18[27m",[39m
[2m    ],[22m
[2m  }[22m

[36m [2m❯[22m src/services/invCalculationService.test.ts:[2m183:10[22m[39m
    [90m181| [39m        totalQuantities[33m:[39m [34msortedEntries[39m(result[33m.[39mtotalQuantities)[33m,[39m
    [90m182| [39m        tree[33m:[39m [34mserializeTree[39m(result[33m.[39mtree[33m![39m)[33m,[39m
    [90m183| [39m      })[33m.[39m[34mtoMatchSnapshot[39m()[33m;[39m
    [90m   | [39m         [31m^[39m
    [90m184| [39m    })[33m;[39m
    [90m185| [39m

[31m[2m⎯⎯⎯⎯⎯⎯⎯⎯⎯⎯⎯⎯⎯⎯⎯⎯⎯⎯⎯⎯⎯⎯⎯⎯⎯⎯⎯⎯⎯⎯⎯⎯⎯⎯⎯⎯⎯⎯⎯⎯⎯⎯⎯⎯⎯⎯⎯⎯⎯⎯⎯⎯⎯⎯⎯⎯⎯⎯⎯⎯⎯⎯⎯⎯⎯⎯⎯⎯⎯⎯⎯⎯⎯⎯⎯⎯⎯⎯⎯⎯⎯⎯⎯⎯⎯⎯⎯⎯⎯⎯⎯⎯⎯⎯⎯⎯⎯⎯⎯⎯⎯⎯⎯⎯⎯⎯⎯⎯[15/15]⎯[22m[39m

